
> design@0.0.0 storybook:build
> storybook build


┌  Building storybook v10.6.0
│
◇  Cleaning outputDir: storybook-static
│
◇  Loading presets
│
◇  Building manager..
│
●  Building open services..
│
●  Building preview..
│
▲  No story files found for the specified pattern:
│  design/stories/**/*.mdx
│  Vite vite v5.4.21 building for production...
│  Vite transforming...
│
●  Copying static files: public at storybook-static
│
▲  Vite
│  A PostCSS plugin did not pass the `from` option to `postcss.parse`.
│  This may cause imported assets to be incorrectly transformed. If
│  you've recently added a PostCSS plugin that raised this warning,
│  please contact the package author to fix the issue.
│  Vite ✓ 4434 modules transformed.
│  Vite rendering chunks...
│  Vite computing gzip size...
│  Vite storybook-static/iframe.html
│  19.25 kB │ gzip:   5.32 kB
│  Vite storybook-static/assets/pdf.worker.min-yatZIOMy.mjs
│  1,375.84 kB
│  Vite storybook-static/assets/iframe-BxTu5U8S.css
│  129.02 kB │ gzip:  21.68 kB
│  Vite storybook-static/assets/constants-CBpXd0Y3.js
│  0.04 kB │ gzip:   0.06 kB
│  Vite storybook-static/assets/pdf.worker.min-DgRcL-GR.js
│  0.09 kB │ gzip:   0.11 kB
│  Vite storybook-static/assets/roleAccess-Ovt14rZi.js
│  0.14 kB │ gzip:   0.13 kB
│  Vite storybook-static/assets/index-D17hSi50.js
│  0.15 kB │ gzip:   0.15 kB
│  Vite storybook-static/assets/formatter-L2YTDE3Q--Vwi3R2X.js
│  0.26 kB │ gzip:   0.22 kB
│  Vite storybook-static/assets/IdeaDraftPage-D2rWASGl.js
│  0.27 kB │ gzip:   0.23 kB
│  Vite storybook-static/assets/chevron-up-DQOm7Z1r.js
│  0.30 kB │ gzip:   0.25 kB
│  Vite storybook-static/assets/chevron-down-B4up7Ib1.js
│  0.30 kB │ gzip:   0.25 kB
│  Vite storybook-static/assets/plus-v6DfWneq.js
│  0.32 kB │ gzip:   0.25 kB
│  Vite storybook-static/assets/filter-BKugnjE5.js
│  0.33 kB │ gzip:   0.26 kB
│  Vite storybook-static/assets/arrow-right-Dh_oJoAs.js
│  0.33 kB │ gzip:   0.27 kB
│  Vite storybook-static/assets/search-CrrWxT5e.js
│  0.34 kB │ gzip:   0.27 kB
│  Vite storybook-static/assets/circle-check-DzwNWMj1.js
│  0.35 kB │ gzip:   0.27 kB
│  Vite storybook-static/assets/mail-BwzIueFT.js
│  0.39 kB │ gzip:   0.30 kB
│  Vite storybook-static/assets/columns-3-Cgko1MjO.js
│  0.39 kB │ gzip:   0.29 kB
│  Vite storybook-static/assets/ellipsis-DY7cxcgM.js
│  0.40 kB │ gzip:   0.27 kB
│  Vite storybook-static/assets/arrow-up-down-veE3oH0P.js
│  0.41 kB │ gzip:   0.30 kB
│  Vite storybook-static/assets/external-link-CL2iRdsx.js
│  0.42 kB │ gzip:   0.30 kB
│  Vite storybook-static/assets/message-square-text-De41HQ_O.js
│  0.43 kB │ gzip:   0.30 kB
│  Vite storybook-static/assets/eye-B-g2l9uR.js
│  0.43 kB │ gzip:   0.31 kB
│  Vite storybook-static/assets/link-BIWU2xew.js
│  0.43 kB │ gzip:   0.30 kB
│  Vite storybook-static/assets/upload-CXB_aASM.js
│  0.43 kB │ gzip:   0.32 kB
│  Vite storybook-static/assets/download-DUJmy6-3.js
│  0.43 kB │ gzip:   0.32 kB
│  Vite storybook-static/assets/pencil-EfAiTT3K.js
│  0.45 kB │ gzip:   0.33 kB
│  Vite storybook-static/assets/file-question-CimZ9EQ4.js
│  0.45 kB │ gzip:   0.32 kB
│  Vite storybook-static/assets/users-D8juMfid.js
│  0.47 kB │ gzip:   0.33 kB
│  Vite storybook-static/assets/BlockedRedirect-g4m4kWB7.js
│  0.49 kB │ gzip:   0.34 kB
│  Vite storybook-static/assets/file-text-CZDJe0Tw.js
│  0.50 kB │ gzip:   0.32 kB
│  Vite storybook-static/assets/trash-2-vm-1p19O.js
│  0.53 kB │ gzip:   0.35 kB
│  Vite storybook-static/assets/product-surfaces-CcH-nQeT.js
│  0.60 kB │ gzip:   0.32 kB
│  Vite storybook-static/assets/dateRange-CBDP7qe6.js
│  0.65 kB │ gzip:   0.39 kB
│  Vite storybook-static/assets/label-B4cGAz_x.js
│  0.67 kB │ gzip:   0.46 kB
│  Vite storybook-static/assets/sparkles-CII6lOhE.js
│  0.68 kB │ gzip:   0.40 kB
│  Vite storybook-static/assets/AuthLoadingOverlay-CJc_glad.js
│  0.76 kB │ gzip:   0.47 kB
│  Vite storybook-static/assets/pen-line-nAeWUKTV.js
│  0.79 kB │ gzip:   0.41 kB
│  Vite storybook-static/assets/badge-Dmn7sdlh.js
│  0.80 kB │ gzip:   0.43 kB
│  Vite storybook-static/assets/react-18-BSOH-s81.js
│  0.80 kB │ gzip:   0.48 kB
│  Vite storybook-static/assets/textarea-CuXOKvIb.js
│  0.82 kB │ gzip:   0.49 kB
│  Vite storybook-static/assets/s3Upload-BJWsD0hn.js
│  0.90 kB │ gzip:   0.47 kB
│  Vite storybook-static/assets/separator-D57JnSC4.js
│  0.95 kB │ gzip:   0.55 kB
│  Vite storybook-static/assets/badge.stories-DPbIspAI.js
│  1.03 kB │ gzip:   0.59 kB
│  Vite storybook-static/assets/preload-helper-C1FmrZbK.js
│  1.14 kB │ gzip:   0.68 kB
│  Vite storybook-static/assets/textarea.stories-BhWutoip.js
│  1.27 kB │ gzip:   0.70 kB
│  Vite storybook-static/assets/card.stories-BYOe0Sva.js
│  1.33 kB │ gzip:   0.67 kB
│  Vite storybook-static/assets/StatusChip-D6BlqSY2.js
│  1.38 kB │ gzip:   0.74 kB
│  Vite storybook-static/assets/AuthField-B4mDLB-g.js
│  1.38 kB │ gzip:   0.74 kB
│  Vite storybook-static/assets/tooltip.stories-BwWma6TT.js
│  1.41 kB │ gzip:   0.69 kB
│  Vite storybook-static/assets/card-DASbI4r5.js
│  1.48 kB │ gzip:   0.49 kB
│  Vite storybook-static/assets/switch.stories-DfU66oZf.js
│  1.48 kB │ gzip:   0.75 kB
│  Vite storybook-static/assets/Loader-Dm3ljj5s.js
│  1.66 kB │ gzip:   0.70 kB
│  Vite storybook-static/assets/filter-button-CyXDM6Ax.js
│  1.74 kB │ gzip:   0.86 kB
│  Vite storybook-static/assets/patentLegalStatus-CXs_s3vP.js
│  1.77 kB │ gzip:   0.50 kB
│  Vite storybook-static/assets/Assistant.stories-Dwt-MtdF.js
│  1.79 kB │ gzip:   0.93 kB
│  Vite storybook-static/assets/GradientBlobs-BPdvP8Vn.js
│  1.83 kB │ gzip:   0.87 kB
│  Vite storybook-static/assets/documentText-DFq0lbdF.js
│  1.85 kB │ gzip:   0.98 kB
│  Vite storybook-static/assets/radio-group.stories-ekswUfVy.js
│  1.93 kB │ gzip:   0.92 kB
│  Vite storybook-static/assets/NotFound.stories-C0v_o8fi.js
│  2.03 kB │ gzip:   1.05 kB
│  Vite storybook-static/assets/dialog.stories-CtKb2LjU.js
│  2.07 kB │ gzip:   0.94 kB
│  Vite storybook-static/assets/popover.stories-Cc_i6zwu.js
│  2.11 kB │ gzip:   1.02 kB
│  Vite storybook-static/assets/table-CPAxif9r.js
│  2.15 kB │ gzip:   0.58 kB
│  Vite storybook-static/assets/BrandIcons-ByKmjbFY.js
│  2.15 kB │ gzip:   0.93 kB
│  Vite storybook-static/assets/collapsible-BvqRgl7r.js
│  2.32 kB │ gzip:   1.03 kB
│  Vite storybook-static/assets/user-x-Mfj3VHqc.js
│  2.34 kB │ gzip:   0.73 kB
│  Vite storybook-static/assets/tabs.stories-DPeW4LI2.js
│  2.35 kB │ gzip:   1.04 kB
│  Vite storybook-static/assets/checkbox.stories-DQYnB4qS.js
│  2.48 kB │ gzip:   0.94 kB
│  Vite storybook-static/assets/input.stories-6jjw4wXB.js
│  2.50 kB │ gzip:   0.96 kB
│  Vite storybook-static/assets/zoom-out-RLLgtbyh.js
│  2.52 kB │ gzip:   0.66 kB
│  Vite storybook-static/assets/progress-C1br-LS7.js
│  2.62 kB │ gzip:   1.26 kB
│  Vite storybook-static/assets/input-Dw093gUJ.js
│  2.72 kB │ gzip:   1.32 kB
│  Vite storybook-static/assets/sheet-Bhfclelk.js
│  2.75 kB │ gzip:   1.02 kB
│  Vite storybook-static/assets/product-chip-ClnmxN5V.js
│  2.88 kB │ gzip:   1.01 kB
│  Vite storybook-static/assets/Chips.stories-D54M6nfW.js
│  2.89 kB │ gzip:   1.09 kB
│  Vite storybook-static/assets/product-chip.stories-DMxunMIy.js
│  2.92 kB │ gzip:   1.26 kB
│  Vite storybook-static/assets/dateRange.stories-Im8awpjZ.js
│  2.99 kB │ gzip:   1.09 kB
│  Vite storybook-static/assets/alert-dialog.stories-D2NIJirT.js
│  3.04 kB │ gzip:   1.17 kB
│  Vite storybook-static/assets/Dashboard.stories-BAhvdNFa.js
│  3.12 kB │ gzip:   1.22 kB
│  Vite storybook-static/assets/Button.stories-DSO0Pxrh.js
│  3.20 kB │ gzip:   1.05 kB
│  Vite storybook-static/assets/useMutation-BHpu8T13.js
│  3.22 kB │ gzip:   1.31 kB
│  Vite storybook-static/assets/misc-primitives.stories-DS35uu8z.js
│  3.43 kB │ gzip:   1.27 kB
│  Vite storybook-static/assets/tabs-DpINvW5z.js
│  3.47 kB │ gzip:   1.48 kB
│  Vite storybook-static/assets/StatusChip.stories-BDJdCFIk.js
│  3.51 kB │ gzip:   1.39 kB
│  Vite storybook-static/assets/shield-check-xWzyIcMR.js
│  3.63 kB │ gzip:   1.11 kB
│  Vite storybook-static/assets/user-C3clSCF1.js
│  3.64 kB │ gzip:   1.01 kB
│  Vite storybook-static/assets/ReviewQueueWorkspace.stories-DSikt9YE.js
│  3.67 kB │ gzip:   1.13 kB
│  Vite storybook-static/assets/States.stories-Cb5pd1zK.js
│  3.69 kB │ gzip:   1.55 kB
│  Vite storybook-static/assets/menu-radio-item.stories-CzhWEQvv.js
│  3.78 kB │ gzip:   1.81 kB
│  Vite storybook-static/assets/button.stories-BDGxtP-W.js
│  3.79 kB │ gzip:   1.31 kB
│  Vite storybook-static/assets/DateRangeFilter-DbT68OHq.js
│  3.83 kB │ gzip:   1.27 kB
│  Vite storybook-static/assets/alert-dialog--1aVKouC.js
│  4.23 kB │ gzip:   1.40 kB
│  Vite storybook-static/assets/switch-CXheWIYO.js
│  4.23 kB │ gzip:   1.84 kB
│  Vite storybook-static/assets/checkbox-DGXHAHbc.js
│  4.50 kB │ gzip:   1.96 kB
│  Vite storybook-static/assets/filter-button.stories-B6sM53BK.js
│  4.51 kB │ gzip:   1.59 kB
│  Vite storybook-static/assets/tokens.tailwind-lbOp-r2d.js
│  4.64 kB │ gzip:   1.78 kB
│  Vite storybook-static/assets/BrandIcons.stories-DrTg1NFG.js
│  4.97 kB │ gzip:   1.84 kB
│  Vite storybook-static/assets/popover-BqjGD-0g.js
│  5.12 kB │ gzip:   1.98 kB
│  Vite storybook-static/assets/GradientBlobs.stories-DXXxNL1T.js
│  5.51 kB │ gzip:   1.79 kB
│  Vite storybook-static/assets/DateRangeFilter.stories-Ej9TGzuU.js
│  5.76 kB │ gzip:   1.88 kB
│  Vite storybook-static/assets/PortfolioImport-Cy8sV4vG.js
│  5.77 kB │ gzip:   2.15 kB
│  Vite storybook-static/assets/radio-group-HlrXZbEE.js
│  6.08 kB │ gzip:   2.44 kB
│  Vite storybook-static/assets/AuthLoadingOverlay.stories-CLrh_rem.js
│  6.11 kB │ gzip:   2.24 kB
│  Vite storybook-static/assets/PatentFieldsForm-BeAzFSOp.js
│  6.13 kB │ gzip:   2.09 kB
│  Vite storybook-static/assets/Inputs.stories-IrW3qm3Z.js
│  6.59 kB │ gzip:   1.98 kB
│  Vite storybook-static/assets/Surfaces.stories-dKvY5ZKa.js
│  7.06 kB │ gzip:   2.23 kB
│  Vite storybook-static/assets/IdeaSubmissionModal-oweXfjaV.js
│  7.85 kB │ gzip:   3.18 kB
│  Vite storybook-static/assets/LinkedIdeaBadge.stories-DRG1HLSe.js
│  7.92 kB │ gzip:   2.85 kB
│  Vite storybook-static/assets/PatentFieldsForm.stories-CRInqU73.js
│  8.17 kB │ gzip:   2.55 kB
│  Vite storybook-static/assets/actionsView.stories-DzA5a4TU.js
│  8.41 kB │ gzip:   2.90 kB
│  Vite storybook-static/assets/Overlays.stories-DFEBomtV.js
│  8.55 kB │ gzip:   2.46 kB
│  Vite storybook-static/assets/Ideas.stories-CeezBjPM.js
│  8.86 kB │ gzip:   2.42 kB
│  Vite storybook-static/assets/InventorHome.stories-DXpg5aL7.js
│  9.56 kB │ gzip:   2.36 kB
│  Vite storybook-static/assets/StartIdea.stories-qPOXHhCM.js
│  9.56 kB │ gzip:   2.75 kB
│  Vite storybook-static/assets/PhotonAdminDashboard.stories-CzyBoizz.js
│  10.70 kB │ gzip:   2.54 kB
│  Vite storybook-static/assets/Evaluation.stories-BnhhKEOy.js
│  11.32 kB │ gzip:   2.78 kB
│  Vite storybook-static/assets/ReviewDecision.stories-JCrAsGy2.js
│  12.41 kB │ gzip:   2.93 kB
│  Vite storybook-static/assets/CaseOwnerMyWork.stories-D9EPyw86.js
│  13.66 kB │ gzip:   3.04 kB
│  Vite storybook-static/assets/scroll-area-ClZhZVoa.js
│  13.80 kB │ gzip:   4.37 kB
│  Vite storybook-static/assets/command-DpBSmH5Y.js
│  14.04 kB │ gzip:   5.26 kB
│  Vite storybook-static/assets/DisclosureWorkspace.stories-5xa6cqcw.js
│  14.37 kB │ gzip:   3.36 kB
│  Vite storybook-static/assets/IdeasPage-CIdEQhEB.js
│  14.78 kB │ gzip:   5.06 kB
│  Vite storybook-static/assets/Login.stories-Dut1s3c5.js
│  14.78 kB │ gzip:   4.85 kB
│  Vite storybook-static/assets/Actions.stories-7UzjcmFa.js
│  15.76 kB │ gzip:   3.60 kB
│  Vite storybook-static/assets/PhotonDueDates.stories-DnK_dE-S.js
│  17.02 kB │ gzip:   3.78 kB
│  Vite storybook-static/assets/Radius.stories-C1xp0Pv8.js
│  17.42 kB │ gzip:   4.82 kB
│  Vite storybook-static/assets/index-Dmg6sm12.js
│  18.35 kB │ gzip:   7.01 kB
│  Vite storybook-static/assets/PatentPortfolio.stories-BX96ojiV.js
│  18.80 kB │ gzip:   3.72 kB
│  Vite storybook-static/assets/PatentDetail.stories-D2cjePKQ.js
│  20.24 kB │ gzip:   4.07 kB
│  Vite
│  storybook-static/assets/WorkspaceAdminDashboard.stories-CGgJD8L6.js
│  21.66 kB │ gzip:   4.53 kB
│  Vite storybook-static/assets/select-BsJoATzK.js
│  22.34 kB │ gzip:   7.74 kB
│  Vite storybook-static/assets/Auth.stories-TMAHBZvF.js
│  23.65 kB │ gzip:   6.28 kB
│  Vite storybook-static/vite-inject-mocker-entry.js
│  28.53 kB │ gzip:   9.89 kB
│  Vite storybook-static/assets/matchers-JIUQ3HVY-CAdg16Fl.js
│  29.35 kB │ gzip:  10.00 kB
│  Vite storybook-static/assets/Color-6AOWCN3U-BHie_IJI.js
│  30.37 kB │ gzip:  11.38 kB
│  Vite storybook-static/assets/ActionsPage-CC4uWpgk.js
│  30.71 kB │ gzip:   8.53 kB
│  Vite storybook-static/assets/WithTooltip-CDUNV5IS-DInrGreq.js
│  33.21 kB │ gzip:  11.65 kB
│  Vite storybook-static/assets/ClientsPage-bz9iaJtx.js
│  44.23 kB │ gzip:  10.97 kB
│  Vite storybook-static/assets/Tokens.stories-CEevsy-O.js
│  46.36 kB │ gzip:  10.68 kB
│  Vite storybook-static/assets/DraftWorkspace-hezaRA9N.js
│  49.32 kB │ gzip:  14.94 kB
│  Vite storybook-static/assets/PatentsPage-B0rhR8Ee.js
│  49.72 kB │ gzip:  14.22 kB
│  Vite storybook-static/assets/ReviewQueueWorkspace-B8KXz-SX.js
│  56.70 kB │ gzip:  17.22 kB
│  Vite storybook-static/assets/IdeaDetail.stories-CjIsLBHa.js
│  56.81 kB │ gzip:  14.12 kB
│  Vite storybook-static/assets/moment-C5S46NFB.js
│  60.81 kB │ gzip:  19.58 kB
│  Vite storybook-static/assets/index.esm-6gx8PbQv.js
│  70.54 kB │ gzip:  22.80 kB
│  Vite storybook-static/assets/syntaxhighlighter-4REYKNEV-BTyVi_4X.js
│  77.81 kB │ gzip:  27.00 kB
│  Vite storybook-static/assets/proxy-CeO08rjE.js
│  124.76 kB │ gzip:  40.70 kB
│  Vite storybook-static/assets/Clients.stories-wadec0MN.js
│  136.03 kB │ gzip:  43.38 kB
│  Vite storybook-static/assets/Workspace.stories-BBHDB-BF.js
│  182.55 kB │ gzip:  47.27 kB
│  Vite storybook-static/assets/pdf-BnPRJEQ6.js
│  365.12 kB │ gzip: 107.40 kB
│  Vite storybook-static/assets/mammoth.browser-CsfX3E3Z.js
│  499.90 kB │ gzip: 124.75 kB
│  Vite storybook-static/assets/axe-BA6Jq135.js
│  601.10 kB │ gzip: 165.31 kB
│  Vite storybook-static/assets/Index-povYicQi.js
│  689.54 kB │ gzip: 183.74 kB
│  Vite storybook-static/assets/Foundations.stories-B09L2LWb.js
│  757.56 kB │ gzip: 136.33 kB
│  Vite storybook-static/assets/DocsRenderer-JROSPFPF-DFXnDwbk.js
│  850.65 kB │ gzip: 270.37 kB
│  Vite storybook-static/assets/iframe-RN28iL9p.js
│  2,464.41 kB │ gzip: 735.50 kB
│
▲  Vite
│  (!) Some chunks are larger than 500 kB after minification. Consider:
│  - Using dynamic import() to code-split the application
│  - Use build.rollupOptions.output.manualChunks to improve chunking:
│  ]8;;https://rollupjs.org/configuration-options/#output-manualchunkshttps://rollupjs.org/configuration-options/#output-manualchunks]8;;
│  - Adjust chunk size limit for this warning via
│  build.chunkSizeWarningLimit.
│  Vite ✓ built in 10.67s
│
◇  Output directory: /Users/saurabh/PL/exp2/storybook-static
│
└  Storybook build completed successfully

