surfaces-authentication-and-access--default 1440 {"violations":[],"overflow":false}
surfaces-authentication-and-access--default 640 {"violations":[],"overflow":false}
surfaces-authentication-and-access--email-form 1440 {"violations":[],"overflow":false}
surfaces-authentication-and-access--email-form 640 {"violations":[],"overflow":false}
surfaces-authentication-and-access--loading 1440 {"violations":[],"overflow":false}
surfaces-authentication-and-access--loading 640 {"violations":[],"overflow":false}
surfaces-authentication-and-access--invalid-credentials 1440 {"violations":[],"overflow":false}
surfaces-authentication-and-access--invalid-credentials 640 {"violations":[],"overflow":false}
surfaces-authentication-and-access--validation-errors 1440 {"violations":[],"overflow":false}
surfaces-authentication-and-access--validation-errors 640 {"violations":[],"overflow":false}
surfaces-authentication-and-access--email-method-retention 1440 {"violations":[],"overflow":false}
surfaces-authentication-and-access--email-method-retention 640 {"violations":[],"overflow":false}
surfaces-authentication-and-access--signup-form 1440 {"violations":[],"overflow":false}
surfaces-authentication-and-access--signup-form 640 {"violations":[],"overflow":false}
surfaces-authentication-and-access--unknown-domain 1440 {"violations":[],"overflow":false}
surfaces-authentication-and-access--unknown-domain 640 {"violations":[],"overflow":false}
surfaces-authentication-and-access--invitation 1440 {"violations":[],"overflow":false}
surfaces-authentication-and-access--invitation 640 {"violations":[],"overflow":false}
surfaces-authentication-and-access--expired-invitation 1440 {"violations":[],"overflow":false}
surfaces-authentication-and-access--expired-invitation 640 {"violations":[],"overflow":false}
surfaces-authentication-and-access--successful-invitation 1440 {"violations":[],"overflow":false}
surfaces-authentication-and-access--successful-invitation 640 {"violations":[],"overflow":false}
surfaces-authentication-and-access--sso-unavailable 1440 {"violations":[],"overflow":false}
surfaces-authentication-and-access--sso-unavailable 640 {"violations":[],"overflow":false}
surfaces-authentication-and-access--sso-failure 1440 {"violations":[],"overflow":false}
surfaces-authentication-and-access--sso-failure 640 {"violations":[],"overflow":false}
surfaces-authentication-and-access--sso-return 1440 {"violations":[],"overflow":false}
surfaces-authentication-and-access--sso-return 640 {"violations":[],"overflow":false}
surfaces-authentication-and-access--reset-form 1440 {"violations":[],"overflow":false}
surfaces-authentication-and-access--reset-form 640 {"violations":[],"overflow":false}
surfaces-authentication-and-access--forgot-password-form 1440 {"violations":[],"overflow":false}
surfaces-authentication-and-access--forgot-password-form 640 {"violations":[],"overflow":false}
surfaces-authentication-and-access--reset-requested 1440 {"violations":[],"overflow":false}
surfaces-authentication-and-access--reset-requested 640 {"violations":[],"overflow":false}
surfaces-authentication-and-access--reset-complete 1440 {"violations":[],"overflow":false}
surfaces-authentication-and-access--reset-complete 640 {"violations":[],"overflow":false}
surfaces-authentication-and-access--session-expired 1440 {"violations":[],"overflow":false}
surfaces-authentication-and-access--session-expired 640 {"violations":[],"overflow":false}
surfaces-authentication-and-access--access-denied 1440 {"violations":[],"overflow":false}
surfaces-authentication-and-access--access-denied 640 {"violations":[],"overflow":false}
failures 0
