wrote  surfaces-authentication-and-access--default--at-1280x720
wrote  surfaces-authentication-and-access--default--at-1440x900
wrote  surfaces-authentication-and-access--default--at-1366x768
wrote  surfaces-authentication-and-access--default--at-1920x1080
wrote  surfaces-authentication-and-access--default--at-640x360@2
wrote  surfaces-authentication-and-access--email-form--at-1280x720
wrote  surfaces-authentication-and-access--email-form--at-1440x900
wrote  surfaces-authentication-and-access--email-form--at-640x360@2
wrote  surfaces-authentication-and-access--loading--at-1280x720
wrote  surfaces-authentication-and-access--loading--at-1440x900
wrote  surfaces-authentication-and-access--invalid-credentials--at-1280x720
wrote  surfaces-authentication-and-access--invalid-credentials--at-1440x900
wrote  surfaces-authentication-and-access--invalid-credentials--at-640x360@2
   note surfaces-authentication-and-access--validation-errors--at-1280x720: 29 anti-aliasing pixel(s) between renders, within tolerance
wrote  surfaces-authentication-and-access--validation-errors--at-1280x720
   note surfaces-authentication-and-access--validation-errors--at-1440x900: 29 anti-aliasing pixel(s) between renders, within tolerance
wrote  surfaces-authentication-and-access--validation-errors--at-1440x900
wrote  surfaces-authentication-and-access--email-method-retention--at-1280x720
wrote  surfaces-authentication-and-access--email-method-retention--at-1440x900
wrote  surfaces-authentication-and-access--signup-form--at-1280x720
wrote  surfaces-authentication-and-access--signup-form--at-1440x900
wrote  surfaces-authentication-and-access--unknown-domain--at-1280x720
wrote  surfaces-authentication-and-access--unknown-domain--at-1440x900
wrote  surfaces-authentication-and-access--unknown-domain--at-640x360@2
wrote  surfaces-authentication-and-access--invitation--at-1280x720
wrote  surfaces-authentication-and-access--invitation--at-1440x900
wrote  surfaces-authentication-and-access--expired-invitation--at-1280x720
wrote  surfaces-authentication-and-access--expired-invitation--at-1440x900
wrote  surfaces-authentication-and-access--expired-invitation--at-640x360@2
wrote  surfaces-authentication-and-access--successful-invitation--at-1280x720
wrote  surfaces-authentication-and-access--successful-invitation--at-1440x900
wrote  surfaces-authentication-and-access--sso-unavailable--at-1280x720
wrote  surfaces-authentication-and-access--sso-unavailable--at-1440x900
wrote  surfaces-authentication-and-access--sso-failure--at-1280x720
wrote  surfaces-authentication-and-access--sso-failure--at-1440x900
wrote  surfaces-authentication-and-access--sso-return--at-1280x720
wrote  surfaces-authentication-and-access--sso-return--at-1440x900
wrote  surfaces-authentication-and-access--reset-form--at-1280x720
wrote  surfaces-authentication-and-access--reset-form--at-1440x900
wrote  surfaces-authentication-and-access--reset-form--at-640x360@2
wrote  surfaces-authentication-and-access--forgot-password-form--at-1280x720
wrote  surfaces-authentication-and-access--forgot-password-form--at-1440x900
wrote  surfaces-authentication-and-access--reset-requested--at-1280x720
wrote  surfaces-authentication-and-access--reset-requested--at-1440x900
wrote  surfaces-authentication-and-access--reset-complete--at-1280x720
wrote  surfaces-authentication-and-access--reset-complete--at-1440x900
wrote  surfaces-authentication-and-access--session-expired--at-1280x720
wrote  surfaces-authentication-and-access--session-expired--at-1440x900
wrote  surfaces-authentication-and-access--access-denied--at-1280x720
wrote  surfaces-authentication-and-access--access-denied--at-1440x900
shots: all stories rendered, stable within 40 pixels, no egress
