
> design@0.0.0 test:stories
> vitest run --project=storybook

(!) Your Vite config uses features that are unsupported by `configLoader: 'native'`, which is planned to become the default in a future major version of Vite:
  - import "./vite.design.config" without a file extension (vitest.config.ts:6:26). Add the file extension
  - import "./vite.config" without a file extension (vite.design.config.ts:13:24). Add the file extension
  - `__dirname` (vite.config.ts:62:25). Use `import.meta.dirname` instead
Set `VITE_CONFIG_NATIVE_IGNORE_WARNING=true` to suppress this warning.
7:36:48 PM [vite] warning: `optimizeDeps.esbuildOptions` option was specified by "vite:react-swc" plugin. This option is deprecated, please use `optimizeDeps.rolldownOptions` instead.
│
▲  No story files found for the specified pattern:
│  design/stories/**/*.mdx
(!) Your Vite config uses features that are unsupported by `configLoader: 'native'`, which is planned to become the default in a future major version of Vite:
  - import "./vite.design.config" without a file extension (vitest.config.ts:6:26). Add the file extension
  - import "./vite.config" without a file extension (vite.design.config.ts:13:24). Add the file extension
  - `__dirname` (vite.config.ts:62:25). Use `import.meta.dirname` instead
Set `VITE_CONFIG_NATIVE_IGNORE_WARNING=true` to suppress this warning.
7:36:49 PM [vite] warning: `optimizeDeps.esbuildOptions` option was specified by "vite:react-swc" plugin. This option is deprecated, please use `optimizeDeps.rolldownOptions` instead.
(!) Your Vite config uses features that are unsupported by `configLoader: 'native'`, which is planned to become the default in a future major version of Vite:
  - import "./vite.design.config" without a file extension (vitest.config.ts:6:26). Add the file extension
  - import "./vite.config" without a file extension (vite.design.config.ts:13:24). Add the file extension
  - `__dirname` (vite.config.ts:62:25). Use `import.meta.dirname` instead
Set `VITE_CONFIG_NATIVE_IGNORE_WARNING=true` to suppress this warning.
7:36:49 PM [vite] warning: `optimizeDeps.esbuildOptions` option was specified by "vite:react-swc" plugin. This option is deprecated, please use `optimizeDeps.rolldownOptions` instead.
(!) Your Vite config uses features that are unsupported by `configLoader: 'native'`, which is planned to become the default in a future major version of Vite:
  - import "./vite.design.config" without a file extension (vitest.config.ts:6:26). Add the file extension
  - import "./vite.config" without a file extension (vite.design.config.ts:13:24). Add the file extension
  - `__dirname` (vite.config.ts:62:25). Use `import.meta.dirname` instead
Set `VITE_CONFIG_NATIVE_IGNORE_WARNING=true` to suppress this warning.
7:36:49 PM [vite] warning: `optimizeDeps.esbuildOptions` option was specified by "vite:react-swc" plugin. This option is deprecated, please use `optimizeDeps.rolldownOptions` instead.

 RUN  v4.1.11 /Users/saurabh/PL/exp2

(!) Your Vite config uses features that are unsupported by `configLoader: 'native'`, which is planned to become the default in a future major version of Vite:
  - import "./vite.design.config" without a file extension (vitest.config.ts:6:26). Add the file extension
  - import "./vite.config" without a file extension (vite.design.config.ts:13:24). Add the file extension
  - `__dirname` (vite.config.ts:62:25). Use `import.meta.dirname` instead
Set `VITE_CONFIG_NATIVE_IGNORE_WARNING=true` to suppress this warning.
7:36:49 PM [vite] warning: `optimizeDeps.esbuildOptions` option was specified by "vite:react-swc" plugin. This option is deprecated, please use `optimizeDeps.rolldownOptions` instead.
You or a plugin you are using have set `optimizeDeps.esbuildOptions` but this option is now deprecated. Vite now uses Rolldown to optimize the dependencies. Please use `optimizeDeps.rolldownOptions` instead.
7:36:52 PM [vite] (client) [console.warn] ⚠️ React Router Future Flag Warning: React Router will begin wrapping state updates in `React.startTransition` in v7. You can use the `v7_startTransition` future flag to opt-in early. For more information, see https://reactrouter.com/v6/upgrading/future#v7_starttransition.
7:36:52 PM [vite] (client) [console.warn] ⚠️ React Router Future Flag Warning: Relative route resolution within Splat routes is changing in v7. You can use the `v7_relativeSplatPath` future flag to opt-in early. For more information, see https://reactrouter.com/v6/upgrading/future#v7_relativesplatpath.
7:37:01 PM [vite] (client) [console.warn] ⚠️ React Router Future Flag Warning: React Router will begin wrapping state updates in `React.startTransition` in v7. You can use the `v7_startTransition` future flag to opt-in early. For more information, see https://reactrouter.com/v6/upgrading/future#v7_starttransition.
7:37:01 PM [vite] (client) [console.warn] ⚠️ React Router Future Flag Warning: Relative route resolution within Splat routes is changing in v7. You can use the `v7_relativeSplatPath` future flag to opt-in early. For more information, see https://reactrouter.com/v6/upgrading/future#v7_relativesplatpath.
7:37:04 PM [vite] (client) [console.warn] ⚠️ React Router Future Flag Warning: React Router will begin wrapping state updates in `React.startTransition` in v7. You can use the `v7_startTransition` future flag to opt-in early. For more information, see https://reactrouter.com/v6/upgrading/future#v7_starttransition.
7:37:04 PM [vite] (client) [console.warn] ⚠️ React Router Future Flag Warning: Relative route resolution within Splat routes is changing in v7. You can use the `v7_relativeSplatPath` future flag to opt-in early. For more information, see https://reactrouter.com/v6/upgrading/future#v7_relativesplatpath.
7:37:06 PM [vite] (client) [console.error] Error sending invitation: AxiosError: Request failed with status code 404
    at settle (http://localhost:63315/node_modules/.cache/storybook/10.6.0/c384be1cc10b6b0403e7b4238bae4fd74fed17479014d777a613f5618de148ae/sb-vitest/deps/axios.js?v=3a0c9768:2078:14)
    at XMLHttpRequest.onloadend (http://localhost:63315/node_modules/.cache/storybook/10.6.0/c384be1cc10b6b0403e7b4238bae4fd74fed17479014d777a613f5618de148ae/sb-vitest/deps/axios.js?v=3a0c9768:2539:4)
    at Axios$1.request (http://localhost:63315/node_modules/.cache/storybook/10.6.0/c384be1cc10b6b0403e7b4238bae4fd74fed17479014d777a613f5618de148ae/sb-vitest/deps/axios.js?v=3a0c9768:3391:37)
    at async dispatch (http://localhost:63315/src/lib/realAdapter.ts:1752:25)
    at async Object.mutationFn (http://localhost:63315/src/pages/auth/Invite.tsx:60:34)
7:37:07 PM [vite] (client) [console.warn] ⚠️ React Router Future Flag Warning: React Router will begin wrapping state updates in `React.startTransition` in v7. You can use the `v7_startTransition` future flag to opt-in early. For more information, see https://reactrouter.com/v6/upgrading/future#v7_starttransition.
7:37:07 PM [vite] (client) [console.warn] ⚠️ React Router Future Flag Warning: Relative route resolution within Splat routes is changing in v7. You can use the `v7_relativeSplatPath` future flag to opt-in early. For more information, see https://reactrouter.com/v6/upgrading/future#v7_relativesplatpath.
7:37:09 PM [vite] (client) [console.warn] ⚠️ React Router Future Flag Warning: React Router will begin wrapping state updates in `React.startTransition` in v7. You can use the `v7_startTransition` future flag to opt-in early. For more information, see https://reactrouter.com/v6/upgrading/future#v7_starttransition.
7:37:09 PM [vite] (client) [console.warn] ⚠️ React Router Future Flag Warning: Relative route resolution within Splat routes is changing in v7. You can use the `v7_relativeSplatPath` future flag to opt-in early. For more information, see https://reactrouter.com/v6/upgrading/future#v7_relativesplatpath.
7:37:11 PM [vite] (client) [console.warn] ⚠️ React Router Future Flag Warning: React Router will begin wrapping state updates in `React.startTransition` in v7. You can use the `v7_startTransition` future flag to opt-in early. For more information, see https://reactrouter.com/v6/upgrading/future#v7_starttransition.
7:37:11 PM [vite] (client) [console.warn] ⚠️ React Router Future Flag Warning: Relative route resolution within Splat routes is changing in v7. You can use the `v7_relativeSplatPath` future flag to opt-in early. For more information, see https://reactrouter.com/v6/upgrading/future#v7_relativesplatpath.
7:37:11 PM [vite] (client) [console.error] Query data cannot be undefined. Please make sure to return a value other than undefined from your query function. Affected query key: ["fetch_inventors","d7060259-e140-48ad-8136-3086a7e950c6"]
7:37:11 PM [vite] (client) [console.error] Query data cannot be undefined. Please make sure to return a value other than undefined from your query function. Affected query key: ["fetch_inventors","d7060259-e140-48ad-8136-3086a7e950c6"]
7:37:11 PM [vite] (client) [console.error] Query data cannot be undefined. Please make sure to return a value other than undefined from your query function. Affected query key: ["fetch_inventors","d7060259-e140-48ad-8136-3086a7e950c6"]
7:37:11 PM [vite] (client) [console.error] Query data cannot be undefined. Please make sure to return a value other than undefined from your query function. Affected query key: ["fetch_inventors","d7060259-e140-48ad-8136-3086a7e950c6"]
7:37:11 PM [vite] (client) [console.error] Query data cannot be undefined. Please make sure to return a value other than undefined from your query function. Affected query key: ["fetch_inventors","d7060259-e140-48ad-8136-3086a7e950c6"]
7:37:11 PM [vite] (client) [console.error] Query data cannot be undefined. Please make sure to return a value other than undefined from your query function. Affected query key: ["fetch_inventors","d7060259-e140-48ad-8136-3086a7e950c6"]
7:37:11 PM [vite] (client) [console.error] Query data cannot be undefined. Please make sure to return a value other than undefined from your query function. Affected query key: ["fetch_inventors","d7060259-e140-48ad-8136-3086a7e950c6"]
7:37:11 PM [vite] (client) [console.error] Query data cannot be undefined. Please make sure to return a value other than undefined from your query function. Affected query key: ["fetch_inventors","d7060259-e140-48ad-8136-3086a7e950c6"]
7:37:11 PM [vite] (client) [console.error] Query data cannot be undefined. Please make sure to return a value other than undefined from your query function. Affected query key: ["fetch_inventors","d7060259-e140-48ad-8136-3086a7e950c6"]
7:37:11 PM [vite] (client) [console.error] Query data cannot be undefined. Please make sure to return a value other than undefined from your query function. Affected query key: ["fetch_inventors","d7060259-e140-48ad-8136-3086a7e950c6"]
7:37:11 PM [vite] (client) [console.error] Query data cannot be undefined. Please make sure to return a value other than undefined from your query function. Affected query key: ["fetch_inventors","d7060259-e140-48ad-8136-3086a7e950c6"]
7:37:11 PM [vite] (client) [console.error] Error fetching inventors: AxiosError: Request failed with status code 503
    at settle (http://localhost:63315/node_modules/.cache/storybook/10.6.0/c384be1cc10b6b0403e7b4238bae4fd74fed17479014d777a613f5618de148ae/sb-vitest/deps/axios.js?v=3a0c9768:2078:14)
    at XMLHttpRequest.onloadend (http://localhost:63315/node_modules/.cache/storybook/10.6.0/c384be1cc10b6b0403e7b4238bae4fd74fed17479014d777a613f5618de148ae/sb-vitest/deps/axios.js?v=3a0c9768:2539:4)
    at Axios$1.request (http://localhost:63315/node_modules/.cache/storybook/10.6.0/c384be1cc10b6b0403e7b4238bae4fd74fed17479014d777a613f5618de148ae/sb-vitest/deps/axios.js?v=3a0c9768:3391:37)
    at async dispatch (http://localhost:63315/src/lib/realAdapter.ts:1752:25)
    at async queryFn (http://localhost:63315/src/components/ideas/IdeaDetailsContent.tsx:262:34)
7:37:11 PM [vite] (client) [console.error] Query data cannot be undefined. Please make sure to return a value other than undefined from your query function. Affected query key: ["fetch_inventors","d7060259-e140-48ad-8136-3086a7e950c6"]
7:37:11 PM [vite] (client) [console.error] Query data cannot be undefined. Please make sure to return a value other than undefined from your query function. Affected query key: ["fetch_inventors","d7060259-e140-48ad-8136-3086a7e950c6"]
7:37:11 PM [vite] (client) [console.error] Query data cannot be undefined. Please make sure to return a value other than undefined from your query function. Affected query key: ["fetch_inventors","d7060259-e140-48ad-8136-3086a7e950c6"]
7:37:12 PM [vite] (client) [console.warn] ⚠️ React Router Future Flag Warning: React Router will begin wrapping state updates in `React.startTransition` in v7. You can use the `v7_startTransition` future flag to opt-in early. For more information, see https://reactrouter.com/v6/upgrading/future#v7_starttransition.
7:37:12 PM [vite] (client) [console.warn] ⚠️ React Router Future Flag Warning: Relative route resolution within Splat routes is changing in v7. You can use the `v7_relativeSplatPath` future flag to opt-in early. For more information, see https://reactrouter.com/v6/upgrading/future#v7_relativesplatpath.
7:37:14 PM [vite] (client) [console.warn] ⚠️ React Router Future Flag Warning: React Router will begin wrapping state updates in `React.startTransition` in v7. You can use the `v7_startTransition` future flag to opt-in early. For more information, see https://reactrouter.com/v6/upgrading/future#v7_starttransition.
7:37:14 PM [vite] (client) [console.warn] ⚠️ React Router Future Flag Warning: Relative route resolution within Splat routes is changing in v7. You can use the `v7_relativeSplatPath` future flag to opt-in early. For more information, see https://reactrouter.com/v6/upgrading/future#v7_relativesplatpath.
7:37:15 PM [vite] (client) [console.warn] ⚠️ React Router Future Flag Warning: React Router will begin wrapping state updates in `React.startTransition` in v7. You can use the `v7_startTransition` future flag to opt-in early. For more information, see https://reactrouter.com/v6/upgrading/future#v7_starttransition.
7:37:15 PM [vite] (client) [console.warn] ⚠️ React Router Future Flag Warning: Relative route resolution within Splat routes is changing in v7. You can use the `v7_relativeSplatPath` future flag to opt-in early. For more information, see https://reactrouter.com/v6/upgrading/future#v7_relativesplatpath.
7:37:17 PM [vite] (client) [console.warn] ⚠️ React Router Future Flag Warning: React Router will begin wrapping state updates in `React.startTransition` in v7. You can use the `v7_startTransition` future flag to opt-in early. For more information, see https://reactrouter.com/v6/upgrading/future#v7_starttransition.
7:37:17 PM [vite] (client) [console.warn] ⚠️ React Router Future Flag Warning: Relative route resolution within Splat routes is changing in v7. You can use the `v7_relativeSplatPath` future flag to opt-in early. For more information, see https://reactrouter.com/v6/upgrading/future#v7_relativesplatpath.
7:37:18 PM [vite] (client) [console.warn] ⚠️ React Router Future Flag Warning: React Router will begin wrapping state updates in `React.startTransition` in v7. You can use the `v7_startTransition` future flag to opt-in early. For more information, see https://reactrouter.com/v6/upgrading/future#v7_starttransition.
7:37:18 PM [vite] (client) [console.warn] ⚠️ React Router Future Flag Warning: Relative route resolution within Splat routes is changing in v7. You can use the `v7_relativeSplatPath` future flag to opt-in early. For more information, see https://reactrouter.com/v6/upgrading/future#v7_relativesplatpath.
7:37:19 PM [vite] (client) [console.warn] ⚠️ React Router Future Flag Warning: React Router will begin wrapping state updates in `React.startTransition` in v7. You can use the `v7_startTransition` future flag to opt-in early. For more information, see https://reactrouter.com/v6/upgrading/future#v7_starttransition.
7:37:19 PM [vite] (client) [console.warn] ⚠️ React Router Future Flag Warning: Relative route resolution within Splat routes is changing in v7. You can use the `v7_relativeSplatPath` future flag to opt-in early. For more information, see https://reactrouter.com/v6/upgrading/future#v7_relativesplatpath.
7:37:20 PM [vite] (client) [console.error] Error getting clients AxiosError: Request failed with status code 503
    at settle (http://localhost:63315/node_modules/.cache/storybook/10.6.0/c384be1cc10b6b0403e7b4238bae4fd74fed17479014d777a613f5618de148ae/sb-vitest/deps/axios.js?v=3a0c9768:2078:14)
    at XMLHttpRequest.onloadend (http://localhost:63315/node_modules/.cache/storybook/10.6.0/c384be1cc10b6b0403e7b4238bae4fd74fed17479014d777a613f5618de148ae/sb-vitest/deps/axios.js?v=3a0c9768:2539:4)
    at Axios$1.request (http://localhost:63315/node_modules/.cache/storybook/10.6.0/c384be1cc10b6b0403e7b4238bae4fd74fed17479014d777a613f5618de148ae/sb-vitest/deps/axios.js?v=3a0c9768:3391:37)
    at async dispatch (http://localhost:63315/src/lib/realAdapter.ts:1752:25)
    at async queryFn (http://localhost:63315/src/pages/client/ClientsPage.tsx:220:34)
7:37:20 PM [vite] (client) [console.error] Error getting clients AxiosError: Request failed with status code 503
    at settle (http://localhost:63315/node_modules/.cache/storybook/10.6.0/c384be1cc10b6b0403e7b4238bae4fd74fed17479014d777a613f5618de148ae/sb-vitest/deps/axios.js?v=3a0c9768:2078:14)
    at XMLHttpRequest.onloadend (http://localhost:63315/node_modules/.cache/storybook/10.6.0/c384be1cc10b6b0403e7b4238bae4fd74fed17479014d777a613f5618de148ae/sb-vitest/deps/axios.js?v=3a0c9768:2539:4)
    at Axios$1.request (http://localhost:63315/node_modules/.cache/storybook/10.6.0/c384be1cc10b6b0403e7b4238bae4fd74fed17479014d777a613f5618de148ae/sb-vitest/deps/axios.js?v=3a0c9768:3391:37)
    at async dispatch (http://localhost:63315/src/lib/realAdapter.ts:1752:25)
    at async queryFn (http://localhost:63315/src/pages/client/ClientsPage.tsx:220:34)
7:37:20 PM [vite] (client) [console.error] Error updating client personal info: AxiosError: Request failed with status code 503
    at settle (http://localhost:63315/node_modules/.cache/storybook/10.6.0/c384be1cc10b6b0403e7b4238bae4fd74fed17479014d777a613f5618de148ae/sb-vitest/deps/axios.js?v=3a0c9768:2078:14)
    at XMLHttpRequest.onloadend (http://localhost:63315/node_modules/.cache/storybook/10.6.0/c384be1cc10b6b0403e7b4238bae4fd74fed17479014d777a613f5618de148ae/sb-vitest/deps/axios.js?v=3a0c9768:2539:4)
    at Axios$1.request (http://localhost:63315/node_modules/.cache/storybook/10.6.0/c384be1cc10b6b0403e7b4238bae4fd74fed17479014d777a613f5618de148ae/sb-vitest/deps/axios.js?v=3a0c9768:3391:37)
    at async dispatch (http://localhost:63315/src/lib/realAdapter.ts:1752:25)
    at async Object.mutationFn (http://localhost:63315/src/components/clients/ClientDetails.tsx:51:34)
7:37:21 PM [vite] (client) [console.warn] ⚠️ React Router Future Flag Warning: React Router will begin wrapping state updates in `React.startTransition` in v7. You can use the `v7_startTransition` future flag to opt-in early. For more information, see https://reactrouter.com/v6/upgrading/future#v7_starttransition.
7:37:21 PM [vite] (client) [console.warn] ⚠️ React Router Future Flag Warning: Relative route resolution within Splat routes is changing in v7. You can use the `v7_relativeSplatPath` future flag to opt-in early. For more information, see https://reactrouter.com/v6/upgrading/future#v7_relativesplatpath.
7:37:22 PM [vite] (client) [console.warn] ⚠️ React Router Future Flag Warning: React Router will begin wrapping state updates in `React.startTransition` in v7. You can use the `v7_startTransition` future flag to opt-in early. For more information, see https://reactrouter.com/v6/upgrading/future#v7_starttransition.
7:37:22 PM [vite] (client) [console.warn] ⚠️ React Router Future Flag Warning: Relative route resolution within Splat routes is changing in v7. You can use the `v7_relativeSplatPath` future flag to opt-in early. For more information, see https://reactrouter.com/v6/upgrading/future#v7_relativesplatpath.
7:37:23 PM [vite] (client) [console.warn] ⚠️ React Router Future Flag Warning: React Router will begin wrapping state updates in `React.startTransition` in v7. You can use the `v7_startTransition` future flag to opt-in early. For more information, see https://reactrouter.com/v6/upgrading/future#v7_starttransition.
7:37:23 PM [vite] (client) [console.warn] ⚠️ React Router Future Flag Warning: Relative route resolution within Splat routes is changing in v7. You can use the `v7_relativeSplatPath` future flag to opt-in early. For more information, see https://reactrouter.com/v6/upgrading/future#v7_relativesplatpath.
7:37:24 PM [vite] (client) [console.warn] ⚠️ React Router Future Flag Warning: React Router will begin wrapping state updates in `React.startTransition` in v7. You can use the `v7_startTransition` future flag to opt-in early. For more information, see https://reactrouter.com/v6/upgrading/future#v7_starttransition.
7:37:24 PM [vite] (client) [console.warn] ⚠️ React Router Future Flag Warning: Relative route resolution within Splat routes is changing in v7. You can use the `v7_relativeSplatPath` future flag to opt-in early. For more information, see https://reactrouter.com/v6/upgrading/future#v7_relativesplatpath.
7:37:26 PM [vite] (client) [console.warn] ⚠️ React Router Future Flag Warning: React Router will begin wrapping state updates in `React.startTransition` in v7. You can use the `v7_startTransition` future flag to opt-in early. For more information, see https://reactrouter.com/v6/upgrading/future#v7_starttransition.
7:37:26 PM [vite] (client) [console.warn] ⚠️ React Router Future Flag Warning: Relative route resolution within Splat routes is changing in v7. You can use the `v7_relativeSplatPath` future flag to opt-in early. For more information, see https://reactrouter.com/v6/upgrading/future#v7_relativesplatpath.
7:37:27 PM [vite] (client) [console.warn] ⚠️ React Router Future Flag Warning: React Router will begin wrapping state updates in `React.startTransition` in v7. You can use the `v7_startTransition` future flag to opt-in early. For more information, see https://reactrouter.com/v6/upgrading/future#v7_starttransition.
7:37:27 PM [vite] (client) [console.warn] ⚠️ React Router Future Flag Warning: Relative route resolution within Splat routes is changing in v7. You can use the `v7_relativeSplatPath` future flag to opt-in early. For more information, see https://reactrouter.com/v6/upgrading/future#v7_relativesplatpath.
7:37:30 PM [vite] (client) [console.warn] ⚠️ React Router Future Flag Warning: React Router will begin wrapping state updates in `React.startTransition` in v7. You can use the `v7_startTransition` future flag to opt-in early. For more information, see https://reactrouter.com/v6/upgrading/future#v7_starttransition.
7:37:30 PM [vite] (client) [console.warn] ⚠️ React Router Future Flag Warning: Relative route resolution within Splat routes is changing in v7. You can use the `v7_relativeSplatPath` future flag to opt-in early. For more information, see https://reactrouter.com/v6/upgrading/future#v7_relativesplatpath.
7:37:30 PM [vite] (client) [console.warn] ⚠️ React Router Future Flag Warning: React Router will begin wrapping state updates in `React.startTransition` in v7. You can use the `v7_startTransition` future flag to opt-in early. For more information, see https://reactrouter.com/v6/upgrading/future#v7_starttransition.
7:37:30 PM [vite] (client) [console.warn] ⚠️ React Router Future Flag Warning: Relative route resolution within Splat routes is changing in v7. You can use the `v7_relativeSplatPath` future flag to opt-in early. For more information, see https://reactrouter.com/v6/upgrading/future#v7_relativesplatpath.
7:37:30 PM [vite] (client) [console.warn] ⚠️ React Router Future Flag Warning: React Router will begin wrapping state updates in `React.startTransition` in v7. You can use the `v7_startTransition` future flag to opt-in early. For more information, see https://reactrouter.com/v6/upgrading/future#v7_starttransition.
7:37:30 PM [vite] (client) [console.warn] ⚠️ React Router Future Flag Warning: Relative route resolution within Splat routes is changing in v7. You can use the `v7_relativeSplatPath` future flag to opt-in early. For more information, see https://reactrouter.com/v6/upgrading/future#v7_relativesplatpath.
7:37:31 PM [vite] (client) [console.warn] ⚠️ React Router Future Flag Warning: React Router will begin wrapping state updates in `React.startTransition` in v7. You can use the `v7_startTransition` future flag to opt-in early. For more information, see https://reactrouter.com/v6/upgrading/future#v7_starttransition.
7:37:31 PM [vite] (client) [console.warn] ⚠️ React Router Future Flag Warning: Relative route resolution within Splat routes is changing in v7. You can use the `v7_relativeSplatPath` future flag to opt-in early. For more information, see https://reactrouter.com/v6/upgrading/future#v7_relativesplatpath.
7:37:32 PM [vite] (client) [console.warn] ⚠️ React Router Future Flag Warning: React Router will begin wrapping state updates in `React.startTransition` in v7. You can use the `v7_startTransition` future flag to opt-in early. For more information, see https://reactrouter.com/v6/upgrading/future#v7_starttransition.
7:37:32 PM [vite] (client) [console.warn] ⚠️ React Router Future Flag Warning: Relative route resolution within Splat routes is changing in v7. You can use the `v7_relativeSplatPath` future flag to opt-in early. For more information, see https://reactrouter.com/v6/upgrading/future#v7_relativesplatpath.
7:37:32 PM [vite] (client) [console.warn] ⚠️ React Router Future Flag Warning: React Router will begin wrapping state updates in `React.startTransition` in v7. You can use the `v7_startTransition` future flag to opt-in early. For more information, see https://reactrouter.com/v6/upgrading/future#v7_starttransition.
7:37:32 PM [vite] (client) [console.warn] ⚠️ React Router Future Flag Warning: Relative route resolution within Splat routes is changing in v7. You can use the `v7_relativeSplatPath` future flag to opt-in early. For more information, see https://reactrouter.com/v6/upgrading/future#v7_relativesplatpath.
7:37:32 PM [vite] (client) [console.warn] ⚠️ React Router Future Flag Warning: React Router will begin wrapping state updates in `React.startTransition` in v7. You can use the `v7_startTransition` future flag to opt-in early. For more information, see https://reactrouter.com/v6/upgrading/future#v7_starttransition.
7:37:32 PM [vite] (client) [console.warn] ⚠️ React Router Future Flag Warning: Relative route resolution within Splat routes is changing in v7. You can use the `v7_relativeSplatPath` future flag to opt-in early. For more information, see https://reactrouter.com/v6/upgrading/future#v7_relativesplatpath.
7:37:33 PM [vite] (client) [console.warn] ⚠️ React Router Future Flag Warning: React Router will begin wrapping state updates in `React.startTransition` in v7. You can use the `v7_startTransition` future flag to opt-in early. For more information, see https://reactrouter.com/v6/upgrading/future#v7_starttransition.
7:37:33 PM [vite] (client) [console.warn] ⚠️ React Router Future Flag Warning: Relative route resolution within Splat routes is changing in v7. You can use the `v7_relativeSplatPath` future flag to opt-in early. For more information, see https://reactrouter.com/v6/upgrading/future#v7_relativesplatpath.
7:37:36 PM [vite] (client) [console.warn] ⚠️ React Router Future Flag Warning: React Router will begin wrapping state updates in `React.startTransition` in v7. You can use the `v7_startTransition` future flag to opt-in early. For more information, see https://reactrouter.com/v6/upgrading/future#v7_starttransition.
7:37:36 PM [vite] (client) [console.warn] ⚠️ React Router Future Flag Warning: Relative route resolution within Splat routes is changing in v7. You can use the `v7_relativeSplatPath` future flag to opt-in early. For more information, see https://reactrouter.com/v6/upgrading/future#v7_relativesplatpath.
7:37:37 PM [vite] (client) [console.warn] ⚠️ React Router Future Flag Warning: React Router will begin wrapping state updates in `React.startTransition` in v7. You can use the `v7_startTransition` future flag to opt-in early. For more information, see https://reactrouter.com/v6/upgrading/future#v7_starttransition.
7:37:37 PM [vite] (client) [console.warn] ⚠️ React Router Future Flag Warning: Relative route resolution within Splat routes is changing in v7. You can use the `v7_relativeSplatPath` future flag to opt-in early. For more information, see https://reactrouter.com/v6/upgrading/future#v7_relativesplatpath.
7:37:37 PM [vite] (client) [console.warn] ⚠️ React Router Future Flag Warning: React Router will begin wrapping state updates in `React.startTransition` in v7. You can use the `v7_startTransition` future flag to opt-in early. For more information, see https://reactrouter.com/v6/upgrading/future#v7_starttransition.
7:37:37 PM [vite] (client) [console.warn] ⚠️ React Router Future Flag Warning: Relative route resolution within Splat routes is changing in v7. You can use the `v7_relativeSplatPath` future flag to opt-in early. For more information, see https://reactrouter.com/v6/upgrading/future#v7_relativesplatpath.
7:37:38 PM [vite] (client) [console.error] 404 Error: User attempted to access non-existent route: /this-page-does-not-exist
7:37:38 PM [vite] (client) [console.warn] ⚠️ React Router Future Flag Warning: React Router will begin wrapping state updates in `React.startTransition` in v7. You can use the `v7_startTransition` future flag to opt-in early. For more information, see https://reactrouter.com/v6/upgrading/future#v7_starttransition.
7:37:38 PM [vite] (client) [console.warn] ⚠️ React Router Future Flag Warning: Relative route resolution within Splat routes is changing in v7. You can use the `v7_relativeSplatPath` future flag to opt-in early. For more information, see https://reactrouter.com/v6/upgrading/future#v7_relativesplatpath.

 Test Files  56 passed (56)
      Tests  393 passed (393)
   Start at  19:36:49
   Duration  49.97s (transform 0ms, setup 11.01s, import 1.97s, tests 33.27s, environment 0ms)

