
> design@0.0.0 build:design
> vite build --config vite.design.config.ts

vite v5.4.21 building for production...
transforming...

A PostCSS plugin did not pass the `from` option to `postcss.parse`. This may cause imported assets to be incorrectly transformed. If you've recently added a PostCSS plugin that raised this warning, please contact the package author to fix the issue.
✓ 4177 modules transformed.
rendering chunks...
computing gzip size...
dist/index.html                                       1.33 kB │ gzip:   0.52 kB
dist/assets/pdf.worker.min-yatZIOMy.mjs           1,375.84 kB
dist/assets/style-DTLpdRlW.css                        0.37 kB │ gzip:   0.21 kB
dist/assets/main-CmpRRS-d.css                       133.33 kB │ gzip:  22.15 kB
dist/assets/constants-CBpXd0Y3.js                     0.04 kB │ gzip:   0.06 kB
dist/assets/pdf-vendor-Ojnd7t59.js                    0.04 kB │ gzip:   0.06 kB
dist/assets/pdf.worker.min-ocdtAcA3.js                0.07 kB │ gzip:   0.09 kB
dist/assets/roleAccess-Ovt14rZi.js                    0.14 kB │ gzip:   0.13 kB
dist/assets/chevron-down-Bf0OyUoH.js                  0.30 kB │ gzip:   0.25 kB
dist/assets/BlockedRedirect-EkhULIlC.js               0.31 kB │ gzip:   0.24 kB
dist/assets/plus-Cr3gDnB5.js                          0.32 kB │ gzip:   0.25 kB
dist/assets/search-BXbFFkiE.js                        0.34 kB │ gzip:   0.27 kB
dist/assets/circle-check-D-mH59kO.js                  0.34 kB │ gzip:   0.27 kB
dist/assets/separator-CInleTpZ.js                     0.37 kB │ gzip:   0.27 kB
dist/assets/ProductPage-D94CIpaj.js                   0.38 kB │ gzip:   0.30 kB
dist/assets/ellipsis-jxfFZYx_.js                      0.39 kB │ gzip:   0.26 kB
dist/assets/calendar-Dl9W5iJ0.js                      0.43 kB │ gzip:   0.30 kB
dist/assets/upload-uyCAl3y3.js                        0.43 kB │ gzip:   0.32 kB
dist/assets/pencil-CwCjy5Ww.js                        0.44 kB │ gzip:   0.32 kB
dist/assets/users-D3xHGmwl.js                         0.47 kB │ gzip:   0.33 kB
dist/assets/file-search-fjIEfAD3.js                   0.49 kB │ gzip:   0.34 kB
dist/assets/file-text-CtkbF6Ui.js                     0.50 kB │ gzip:   0.32 kB
dist/assets/trash-2-CT_v3Ics.js                       0.53 kB │ gzip:   0.34 kB
dist/assets/AuthLoadingOverlay-Cp2Wxs3p.js            0.54 kB │ gzip:   0.37 kB
dist/assets/arrow-up-BoSDuNTm.js                      0.61 kB │ gzip:   0.31 kB
dist/assets/textarea-DK7o3qMq.js                      0.72 kB │ gzip:   0.44 kB
dist/assets/badge-BYP1s-Ea.js                         0.75 kB │ gzip:   0.39 kB
dist/assets/popover-B9Fd1ZMx.js                       0.78 kB │ gzip:   0.42 kB
dist/assets/pen-B8UmJLUJ.js                           0.79 kB │ gzip:   0.42 kB
dist/assets/scroll-area-DbnuT_CD.js                   0.81 kB │ gzip:   0.43 kB
dist/assets/chevrons-right-DnPDLvEI.js                1.00 kB │ gzip:   0.38 kB
dist/assets/s3Upload-BR5t04ub.js                      1.03 kB │ gzip:   0.53 kB
dist/assets/SamlCallback-Db7XE1XP.js                  1.14 kB │ gzip:   0.70 kB
dist/assets/AuthField-CD_nRMgp.js                     1.16 kB │ gzip:   0.66 kB
dist/assets/user-C8kq1-PE.js                          1.21 kB │ gzip:   0.51 kB
dist/assets/card-D5pBcFwL.js                          1.40 kB │ gzip:   0.62 kB
dist/assets/usePatentEventCompletion-1Gxi-xh-.js      1.50 kB │ gzip:   0.75 kB
dist/assets/AssistantPage-C60zMhfz.js                 1.63 kB │ gzip:   0.85 kB
dist/assets/Loader-BywOyUpG.js                        1.64 kB │ gzip:   0.68 kB
dist/assets/BrandIcons-B-jpFSC1.js                    1.69 kB │ gzip:   0.78 kB
dist/assets/documentText-DYwGiman.js                  1.75 kB │ gzip:   0.95 kB
dist/assets/ActionDropdown-C-2SbiNR.js                1.78 kB │ gzip:   1.01 kB
dist/assets/product-chip-BLFXcVrC.js                  1.93 kB │ gzip:   0.78 kB
dist/assets/commonApi.service-Chz33u71.js             1.95 kB │ gzip:   1.01 kB
dist/assets/command-B3JkfFLo.js                       2.03 kB │ gzip:   0.78 kB
dist/assets/use-mobile-CpwS-rRk.js                    2.09 kB │ gzip:   0.70 kB
dist/assets/alert-dialog-Dgo73Oqd.js                  2.12 kB │ gzip:   0.81 kB
dist/assets/input-C9kG7xf6.js                         2.28 kB │ gzip:   1.14 kB
dist/assets/menu-radio-item-CawtZsVU.js               2.88 kB │ gzip:   1.23 kB
dist/assets/NotFound-D9lcw3n_.js                      2.97 kB │ gzip:   1.38 kB
dist/assets/select-BTmgSSVW.js                        3.01 kB │ gzip:   1.25 kB
dist/assets/Invite-DSMOrJQ_.js                        3.49 kB │ gzip:   1.65 kB
dist/assets/ForgotPassword-Du9duLlb.js                4.71 kB │ gzip:   1.98 kB
dist/assets/ResetPassword-rs40OCIN.js                 5.23 kB │ gzip:   2.12 kB
dist/assets/PatentFieldsForm-DpD-GWOS.js              5.92 kB │ gzip:   2.00 kB
dist/assets/Signup-2Egrv5pp.js                        6.11 kB │ gzip:   2.43 kB
dist/assets/ClientLogo-BU5qsPwq.js                    7.34 kB │ gzip:   2.77 kB
dist/assets/IdeaSubmissionModal-P7Z0w0-U.js           8.32 kB │ gzip:   3.46 kB
dist/assets/ShowScoreReport-C4vugXN6.js               8.70 kB │ gzip:   3.42 kB
dist/assets/Login-DVe3_hlx.js                         9.07 kB │ gzip:   3.23 kB
dist/assets/select-vendor-BdS_fNyz.js                11.86 kB │ gzip:   4.66 kB
dist/assets/index-Cr5idZv0.js                        19.02 kB │ gzip:   7.03 kB
dist/assets/react-vendor-B2G6TQFI.js                 21.50 kB │ gzip:   7.97 kB
dist/assets/ActionsPage-DSiRZO7P.js                  30.57 kB │ gzip:   8.00 kB
dist/assets/ClientsPage-CsQe6zfs.js                  35.95 kB │ gzip:   8.91 kB
dist/assets/IdeaDetailsPage-DzS05EUN.js              36.14 kB │ gzip:  10.04 kB
dist/assets/ProfilePage-CFLheCeV.js                  37.95 kB │ gzip:   9.98 kB
dist/assets/IdeaDraftPage-oItxMpSB.js                38.93 kB │ gzip:  12.01 kB
dist/assets/DueDatesPage-CmiCToqn.js                 48.77 kB │ gzip:  11.49 kB
dist/assets/IdeasPage-7Z-_mGyN.js                    51.56 kB │ gzip:  15.96 kB
dist/assets/WorkspacePage-Rflk4PSq.js                52.77 kB │ gzip:  12.65 kB
dist/assets/ClientDetailPage-Bz39hCOn.js             58.00 kB │ gzip:  15.50 kB
dist/assets/utils-vendor-DOzhXJEA.js                 72.09 kB │ gzip:  26.56 kB
dist/assets/date-vendor-D8eLmKx0.js                  82.18 kB │ gzip:  25.37 kB
dist/assets/PatentsPage-DMIMF3h7.js                  85.35 kB │ gzip:  20.30 kB
dist/assets/Index-DZmODejs.js                        91.64 kB │ gzip:  25.62 kB
dist/assets/query-vendor-CXPE9gYP.js                 92.41 kB │ gzip:  31.29 kB
dist/assets/motion-vendor-VKMJJUjT.js               124.76 kB │ gzip:  40.71 kB
dist/assets/form-vendor-aNZZAsIh.js                 159.98 kB │ gzip:  47.41 kB
dist/assets/radix-vendor-vMHFJDk6.js                308.20 kB │ gzip:  95.68 kB
dist/assets/pdf-BnPRJEQ6.js                         365.12 kB │ gzip: 107.40 kB
dist/assets/main-BPC-mPfW.js                        433.02 kB │ gzip: 136.13 kB
dist/assets/index-tNRgQi6r.js                       468.22 kB │ gzip: 140.73 kB
dist/assets/mammoth.browser-Cn0EDtEh.js             499.90 kB │ gzip: 124.76 kB
dist/assets/charts-vendor-B350KOqX.js               504.11 kB │ gzip: 141.90 kB

(!) Some chunks are larger than 500 kB after minification. Consider:
- Using dynamic import() to code-split the application
- Use build.rollupOptions.output.manualChunks to improve chunking: https://rollupjs.org/configuration-options/#output-manualchunks
- Adjust chunk size limit for this warning via build.chunkSizeWarningLimit.
✓ built in 5.43s
