
> design@0.0.0 storybook:build
> storybook build


┌  Building storybook v10.6.0
│
◇  Cleaning outputDir: storybook-static
│
◇  Loading presets
│
◇  Building manager..
│
●  Building open services..
│
●  Building preview..
│
▲  No story files found for the specified pattern:
│  design/stories/**/*.mdx
│  Vite vite v5.4.21 building for production...
│  Vite transforming...
│
●  Copying static files: public at storybook-static
│
▲  Vite
│  A PostCSS plugin did not pass the `from` option to `postcss.parse`.
│  This may cause imported assets to be incorrectly transformed. If
│  you've recently added a PostCSS plugin that raised this warning,
│  please contact the package author to fix the issue.
│  Vite ✓ 4431 modules transformed.
│  Vite rendering chunks...
│  Vite computing gzip size...
│  Vite storybook-static/iframe.html
│  19.25 kB │ gzip:   5.32 kB
│  Vite storybook-static/assets/pdf.worker.min-yatZIOMy.mjs
│  1,375.84 kB
│  Vite storybook-static/assets/iframe-2X85vOrB.css
│  133.66 kB │ gzip:  22.26 kB
│  Vite storybook-static/assets/constants-CBpXd0Y3.js
│  0.04 kB │ gzip:   0.06 kB
│  Vite storybook-static/assets/pdf.worker.min-DgRcL-GR.js
│  0.09 kB │ gzip:   0.11 kB
│  Vite storybook-static/assets/roleAccess-Ovt14rZi.js
│  0.14 kB │ gzip:   0.13 kB
│  Vite storybook-static/assets/index-D17hSi50.js
│  0.15 kB │ gzip:   0.15 kB
│  Vite storybook-static/assets/formatter-L2YTDE3Q-SiRggXgw.js
│  0.26 kB │ gzip:   0.23 kB
│  Vite storybook-static/assets/IdeaDraftPage-DKOO6Ie2.js
│  0.27 kB │ gzip:   0.23 kB
│  Vite storybook-static/assets/chevron-up-FieYdq1T.js
│  0.29 kB │ gzip:   0.24 kB
│  Vite storybook-static/assets/chevron-down-C_7ppaVB.js
│  0.30 kB │ gzip:   0.25 kB
│  Vite storybook-static/assets/plus-DqRD0-j4.js
│  0.32 kB │ gzip:   0.25 kB
│  Vite storybook-static/assets/use-mobile-DnsGSmh2.js
│  0.33 kB │ gzip:   0.24 kB
│  Vite storybook-static/assets/filter-BWRONd7a.js
│  0.33 kB │ gzip:   0.26 kB
│  Vite storybook-static/assets/arrow-right-Dtl6urPD.js
│  0.33 kB │ gzip:   0.26 kB
│  Vite storybook-static/assets/search-CDTrAV9l.js
│  0.34 kB │ gzip:   0.27 kB
│  Vite storybook-static/assets/circle-check-DzydoaPG.js
│  0.35 kB │ gzip:   0.27 kB
│  Vite storybook-static/assets/clock-Cnl73ih7.js
│  0.35 kB │ gzip:   0.27 kB
│  Vite storybook-static/assets/mail-B2aMHt2z.js
│  0.38 kB │ gzip:   0.30 kB
│  Vite storybook-static/assets/columns-3-wNicLN9e.js
│  0.39 kB │ gzip:   0.29 kB
│  Vite storybook-static/assets/ellipsis-C1N0ybl1.js
│  0.40 kB │ gzip:   0.27 kB
│  Vite storybook-static/assets/actionsView-DiNVbgzf.js
│  0.41 kB │ gzip:   0.26 kB
│  Vite storybook-static/assets/arrow-up-down-9E5Q1-bf.js
│  0.41 kB │ gzip:   0.29 kB
│  Vite storybook-static/assets/external-link-Bv-vnNfR.js
│  0.42 kB │ gzip:   0.30 kB
│  Vite storybook-static/assets/message-square-text-hfw6VVEK.js
│  0.42 kB │ gzip:   0.30 kB
│  Vite storybook-static/assets/calendar-DxZ2c2gf.js
│  0.42 kB │ gzip:   0.30 kB
│  Vite storybook-static/assets/upload-BN54-VIg.js
│  0.42 kB │ gzip:   0.31 kB
│  Vite storybook-static/assets/eye-Bdno0byC.js
│  0.43 kB │ gzip:   0.31 kB
│  Vite storybook-static/assets/link-BAxgz05O.js
│  0.43 kB │ gzip:   0.30 kB
│  Vite storybook-static/assets/file-question-qEJy6grC.js
│  0.44 kB │ gzip:   0.31 kB
│  Vite storybook-static/assets/pencil-CJQrEDoP.js
│  0.45 kB │ gzip:   0.33 kB
│  Vite storybook-static/assets/users-D8HQmrpB.js
│  0.47 kB │ gzip:   0.33 kB
│  Vite storybook-static/assets/file-search-CK045Uo3.js
│  0.49 kB │ gzip:   0.34 kB
│  Vite storybook-static/assets/BlockedRedirect-BzCldUeq.js
│  0.49 kB │ gzip:   0.34 kB
│  Vite storybook-static/assets/file-text-D-TkBQL5.js
│  0.50 kB │ gzip:   0.32 kB
│  Vite storybook-static/assets/trash-2-DV-TAn-j.js
│  0.52 kB │ gzip:   0.34 kB
│  Vite storybook-static/assets/product-surfaces-CcH-nQeT.js
│  0.60 kB │ gzip:   0.32 kB
│  Vite storybook-static/assets/arrow-up-D3Tvv4vM.js
│  0.62 kB │ gzip:   0.32 kB
│  Vite storybook-static/assets/chevrons-right-lwF1kp9A.js
│  0.63 kB │ gzip:   0.30 kB
│  Vite storybook-static/assets/star-C582FMal.js
│  0.64 kB │ gzip:   0.40 kB
│  Vite storybook-static/assets/dateRange-cJWmNIJn.js
│  0.66 kB │ gzip:   0.39 kB
│  Vite storybook-static/assets/label-CQxi410H.js
│  0.67 kB │ gzip:   0.46 kB
│  Vite storybook-static/assets/sparkles-BObeviON.js
│  0.68 kB │ gzip:   0.40 kB
│  Vite storybook-static/assets/AuthLoadingOverlay-DipMsQ-B.js
│  0.76 kB │ gzip:   0.47 kB
│  Vite storybook-static/assets/usePatentEventCompletion-BbWSEY-9.js
│  0.76 kB │ gzip:   0.47 kB
│  Vite storybook-static/assets/rotate-ccw-BYTvYbkI.js
│  0.79 kB │ gzip:   0.36 kB
│  Vite storybook-static/assets/pen-line-beyI9Eqr.js
│  0.79 kB │ gzip:   0.41 kB
│  Vite storybook-static/assets/badge-CnsnOuKh.js
│  0.80 kB │ gzip:   0.43 kB
│  Vite storybook-static/assets/react-18-ABg4BVbB.js
│  0.80 kB │ gzip:   0.48 kB
│  Vite storybook-static/assets/textarea-C6MctDjE.js
│  0.82 kB │ gzip:   0.49 kB
│  Vite storybook-static/assets/zoom-out-d9FhDiVU.js
│  0.83 kB │ gzip:   0.33 kB
│  Vite storybook-static/assets/s3Upload-CZyjl7yJ.js
│  0.90 kB │ gzip:   0.47 kB
│  Vite storybook-static/assets/separator-CzPosdwO.js
│  0.95 kB │ gzip:   0.55 kB
│  Vite storybook-static/assets/badge.stories-D-mBv_k9.js
│  1.03 kB │ gzip:   0.59 kB
│  Vite storybook-static/assets/preload-helper-C1FmrZbK.js
│  1.14 kB │ gzip:   0.68 kB
│  Vite storybook-static/assets/menu-radio-item-CgwKcOoR.js
│  1.14 kB │ gzip:   0.66 kB
│  Vite storybook-static/assets/save-BWcnuxae.js
│  1.23 kB │ gzip:   0.51 kB
│  Vite storybook-static/assets/table-DBi5cAsg.js
│  1.26 kB │ gzip:   0.46 kB
│  Vite storybook-static/assets/textarea.stories-27ijVEWT.js
│  1.27 kB │ gzip:   0.70 kB
│  Vite storybook-static/assets/card.stories-CpirhuDb.js
│  1.33 kB │ gzip:   0.67 kB
│  Vite storybook-static/assets/commonApi.service-D17vjIkZ.js
│  1.37 kB │ gzip:   0.71 kB
│  Vite storybook-static/assets/StatusChip-ntnF5Hu-.js
│  1.38 kB │ gzip:   0.74 kB
│  Vite storybook-static/assets/AuthField-DPXRJzXh.js
│  1.38 kB │ gzip:   0.74 kB
│  Vite storybook-static/assets/tooltip.stories-TmGwrIIE.js
│  1.41 kB │ gzip:   0.69 kB
│  Vite storybook-static/assets/card-C7w4nU46.js
│  1.48 kB │ gzip:   0.49 kB
│  Vite storybook-static/assets/switch.stories-D5bqgzUQ.js
│  1.48 kB │ gzip:   0.74 kB
│  Vite storybook-static/assets/LinkedIdeaBadge-B9Qb7vNr.js
│  1.56 kB │ gzip:   0.83 kB
│  Vite storybook-static/assets/Loader-ChP4xys-.js
│  1.66 kB │ gzip:   0.70 kB
│  Vite storybook-static/assets/filter-button-Bzk92-VK.js
│  1.74 kB │ gzip:   0.86 kB
│  Vite storybook-static/assets/patentLegalStatus-CXs_s3vP.js
│  1.77 kB │ gzip:   0.50 kB
│  Vite storybook-static/assets/Assistant.stories-DvDG0FGG.js
│  1.79 kB │ gzip:   0.93 kB
│  Vite storybook-static/assets/GradientBlobs-DN0DZ7R9.js
│  1.83 kB │ gzip:   0.87 kB
│  Vite storybook-static/assets/documentText-hzAa11Mp.js
│  1.85 kB │ gzip:   0.98 kB
│  Vite storybook-static/assets/ActionDropdown-DbQksjSg.js
│  1.87 kB │ gzip:   0.93 kB
│  Vite storybook-static/assets/user-x-DuP715_B.js
│  1.89 kB │ gzip:   0.62 kB
│  Vite storybook-static/assets/radio-group.stories-CnIRaZRX.js
│  1.93 kB │ gzip:   0.92 kB
│  Vite storybook-static/assets/NotFound.stories-BTSXUFcY.js
│  2.04 kB │ gzip:   1.05 kB
│  Vite storybook-static/assets/dialog.stories-DEF5x4_R.js
│  2.07 kB │ gzip:   0.93 kB
│  Vite storybook-static/assets/popover.stories-BZgiNOHF.js
│  2.11 kB │ gzip:   1.01 kB
│  Vite storybook-static/assets/BrandIcons-BWyz8Xpm.js
│  2.15 kB │ gzip:   0.93 kB
│  Vite storybook-static/assets/collapsible-JaCu4XwN.js
│  2.32 kB │ gzip:   1.03 kB
│  Vite storybook-static/assets/tabs.stories-0l6OEOph.js
│  2.35 kB │ gzip:   1.04 kB
│  Vite storybook-static/assets/checkbox.stories-_5PTK1Nj.js
│  2.48 kB │ gzip:   0.94 kB
│  Vite storybook-static/assets/input.stories-CbyNE9Y6.js
│  2.50 kB │ gzip:   0.96 kB
│  Vite storybook-static/assets/tags-DeOMVwyP.js
│  2.60 kB │ gzip:   0.82 kB
│  Vite storybook-static/assets/progress-Tz3Vktf-.js
│  2.62 kB │ gzip:   1.26 kB
│  Vite storybook-static/assets/input-CcqJFz40.js
│  2.72 kB │ gzip:   1.32 kB
│  Vite storybook-static/assets/menu-radio-item.stories-DGKQbr_U.js
│  2.75 kB │ gzip:   1.32 kB
│  Vite storybook-static/assets/sheet-Dx28rV-F.js
│  2.75 kB │ gzip:   1.02 kB
│  Vite storybook-static/assets/user-53r-ap5K.js
│  2.84 kB │ gzip:   0.83 kB
│  Vite storybook-static/assets/product-chip-Ct3tWzXP.js
│  2.88 kB │ gzip:   1.01 kB
│  Vite storybook-static/assets/Chips.stories-Dmrfn-1K.js
│  2.89 kB │ gzip:   1.09 kB
│  Vite storybook-static/assets/product-chip.stories-Cd-LBzsM.js
│  2.92 kB │ gzip:   1.27 kB
│  Vite storybook-static/assets/dateRange.stories-DUf-HPQr.js
│  3.00 kB │ gzip:   1.09 kB
│  Vite storybook-static/assets/alert-dialog.stories-DdhbdGF3.js
│  3.04 kB │ gzip:   1.17 kB
│  Vite storybook-static/assets/Button.stories-CuolkG6_.js
│  3.20 kB │ gzip:   1.05 kB
│  Vite storybook-static/assets/useMutation-bReOznwU.js
│  3.22 kB │ gzip:   1.31 kB
│  Vite storybook-static/assets/misc-primitives.stories-GqErWRxY.js
│  3.43 kB │ gzip:   1.27 kB
│  Vite storybook-static/assets/tabs-ZYCgxjT5.js
│  3.48 kB │ gzip:   1.48 kB
│  Vite storybook-static/assets/StatusChip.stories-DYUH60Hx.js
│  3.51 kB │ gzip:   1.39 kB
│  Vite storybook-static/assets/shield-check-c3JeJ6Wr.js
│  3.63 kB │ gzip:   1.11 kB
│  Vite storybook-static/assets/ReviewQueueWorkspace.stories-izBgIR6o.js
│  3.70 kB │ gzip:   1.14 kB
│  Vite storybook-static/assets/States.stories-fkPzc38u.js
│  3.78 kB │ gzip:   1.59 kB
│  Vite storybook-static/assets/button.stories-Dd_rdEGr.js
│  3.79 kB │ gzip:   1.31 kB
│  Vite storybook-static/assets/DateRangeFilter-CprZ-ePF.js
│  3.83 kB │ gzip:   1.27 kB
│  Vite storybook-static/assets/Dashboard.stories-RRa3JswG.js
│  4.17 kB │ gzip:   1.44 kB
│  Vite storybook-static/assets/alert-dialog-BEYOnLfp.js
│  4.23 kB │ gzip:   1.40 kB
│  Vite storybook-static/assets/switch-BjEYNpJX.js
│  4.23 kB │ gzip:   1.84 kB
│  Vite storybook-static/assets/checkbox-Ac64npZq.js
│  4.50 kB │ gzip:   1.96 kB
│  Vite storybook-static/assets/filter-button.stories-CzJIWWgN.js
│  4.51 kB │ gzip:   1.59 kB
│  Vite storybook-static/assets/tokens.tailwind-lbOp-r2d.js
│  4.64 kB │ gzip:   1.78 kB
│  Vite storybook-static/assets/BrandIcons.stories-B_61lb2v.js
│  4.97 kB │ gzip:   1.84 kB
│  Vite storybook-static/assets/popover-CiAf5kGR.js
│  5.13 kB │ gzip:   1.98 kB
│  Vite storybook-static/assets/GradientBlobs.stories-BoS5nUwX.js
│  5.51 kB │ gzip:   1.79 kB
│  Vite storybook-static/assets/DateRangeFilter.stories-BQxvA6V4.js
│  5.76 kB │ gzip:   1.88 kB
│  Vite storybook-static/assets/radio-group-DeJsbXo2.js
│  6.08 kB │ gzip:   2.44 kB
│  Vite storybook-static/assets/AuthLoadingOverlay.stories-D38F_YH8.js
│  6.11 kB │ gzip:   2.24 kB
│  Vite storybook-static/assets/PatentFieldsForm-DLR9R2Ha.js
│  6.13 kB │ gzip:   2.09 kB
│  Vite storybook-static/assets/LinkedIdeaBadge.stories-D2e6sleB.js
│  6.50 kB │ gzip:   2.27 kB
│  Vite storybook-static/assets/Inputs.stories-C0bxiplu.js
│  6.59 kB │ gzip:   1.97 kB
│  Vite storybook-static/assets/Surfaces.stories-C3-EiSdp.js
│  7.06 kB │ gzip:   2.23 kB
│  Vite storybook-static/assets/IdeaSubmissionModal-xc3augLT.js
│  7.85 kB │ gzip:   3.17 kB
│  Vite storybook-static/assets/actionsView.stories-Da6mpCVN.js
│  8.09 kB │ gzip:   2.80 kB
│  Vite storybook-static/assets/PatentFieldsForm.stories-ogRHa135.js
│  8.17 kB │ gzip:   2.55 kB
│  Vite storybook-static/assets/Overlays.stories-CeYQXTiq.js
│  8.55 kB │ gzip:   2.46 kB
│  Vite storybook-static/assets/Ideas.stories-Bh97olBT.js
│  8.89 kB │ gzip:   2.43 kB
│  Vite storybook-static/assets/StartIdea.stories-CumixymK.js
│  9.56 kB │ gzip:   2.75 kB
│  Vite storybook-static/assets/InventorHome.stories-1HQyP-m5.js
│  9.67 kB │ gzip:   2.41 kB
│  Vite storybook-static/assets/Evaluation.stories-B-GptzhE.js
│  11.32 kB │ gzip:   2.78 kB
│  Vite storybook-static/assets/ReviewDecision.stories-DqRmCjwA.js
│  12.44 kB │ gzip:   2.95 kB
│  Vite storybook-static/assets/scroll-area-rnI-rBw_.js
│  13.80 kB │ gzip:   4.37 kB
│  Vite storybook-static/assets/command-BpbZDpzy.js
│  14.05 kB │ gzip:   5.26 kB
│  Vite storybook-static/assets/DisclosureWorkspace.stories-2XRoW4WB.js
│  14.37 kB │ gzip:   3.36 kB
│  Vite storybook-static/assets/IdeasPage-fHkaHFTu.js
│  14.78 kB │ gzip:   5.06 kB
│  Vite storybook-static/assets/Login.stories-CzclSfmj.js
│  14.78 kB │ gzip:   4.85 kB
│  Vite storybook-static/assets/index-p7BcpZZt.js
│  17.00 kB │ gzip:   6.40 kB
│  Vite storybook-static/assets/Radius.stories-DCJ_81pJ.js
│  17.42 kB │ gzip:   4.82 kB
│  Vite storybook-static/assets/format-B8qhVQYN.js
│  20.23 kB │ gzip:   5.66 kB
│  Vite
│  storybook-static/assets/WorkspaceAdminDashboard.stories-C2QkiUtS.js
│  21.77 kB │ gzip:   4.58 kB
│  Vite storybook-static/assets/select-qOVs4ss7.js
│  22.34 kB │ gzip:   7.74 kB
│  Vite storybook-static/assets/Auth.stories-dNxi4D76.js
│  23.64 kB │ gzip:   6.28 kB
│  Vite storybook-static/vite-inject-mocker-entry.js
│  28.53 kB │ gzip:   9.89 kB
│  Vite storybook-static/assets/matchers-JIUQ3HVY-CAdg16Fl.js
│  29.35 kB │ gzip:  10.00 kB
│  Vite storybook-static/assets/Color-6AOWCN3U-BAdumuJ8.js
│  30.37 kB │ gzip:  11.38 kB
│  Vite storybook-static/assets/WithTooltip-CDUNV5IS-Buq7j5Sl.js
│  33.21 kB │ gzip:  11.65 kB
│  Vite storybook-static/assets/Actions.stories-DxX3i5m4.js
│  35.70 kB │ gzip:   9.15 kB
│  Vite storybook-static/assets/ReviewQueueWorkspace-RaL5fUSs.js
│  36.27 kB │ gzip:  11.63 kB
│  Vite storybook-static/assets/ClientsPage-C2Uud86N.js
│  44.30 kB │ gzip:  11.00 kB
│  Vite storybook-static/assets/Tokens.stories-CS6ShH2H.js
│  46.36 kB │ gzip:  10.68 kB
│  Vite storybook-static/assets/DraftWorkspace-9IULgpq5.js
│  49.33 kB │ gzip:  14.94 kB
│  Vite storybook-static/assets/DueDates.stories-B9EIk-k1.js
│  55.59 kB │ gzip:  13.28 kB
│  Vite storybook-static/assets/IdeaDetail.stories-da8mK0bn.js
│  56.82 kB │ gzip:  14.12 kB
│  Vite storybook-static/assets/moment-C5S46NFB.js
│  60.81 kB │ gzip:  19.58 kB
│  Vite storybook-static/assets/index.esm-BJ2B1SFx.js
│  70.53 kB │ gzip:  22.79 kB
│  Vite storybook-static/assets/syntaxhighlighter-4REYKNEV-DO77Fzas.js
│  77.81 kB │ gzip:  27.00 kB
│  Vite storybook-static/assets/Patents.stories-Dq_48i1S.js
│  84.77 kB │ gzip:  20.11 kB
│  Vite storybook-static/assets/proxy-BATOYeh_.js
│  124.76 kB │ gzip:  40.70 kB
│  Vite storybook-static/assets/Clients.stories-D1hTeW-z.js
│  136.17 kB │ gzip:  43.44 kB
│  Vite storybook-static/assets/Workspace.stories-BcVtk0s0.js
│  182.59 kB │ gzip:  47.30 kB
│  Vite storybook-static/assets/pdf-BnPRJEQ6.js
│  365.12 kB │ gzip: 107.40 kB
│  Vite storybook-static/assets/mammoth.browser-D_VvT0vk.js
│  499.90 kB │ gzip: 124.75 kB
│  Vite storybook-static/assets/axe-FuweYsGd.js
│  601.10 kB │ gzip: 165.31 kB
│  Vite storybook-static/assets/Index-C7XjP5wD.js
│  621.34 kB │ gzip: 171.70 kB
│  Vite storybook-static/assets/Foundations.stories-kMx9EHr7.js
│  754.80 kB │ gzip: 136.04 kB
│  Vite storybook-static/assets/DocsRenderer-JROSPFPF-CZWMJY0H.js
│  850.65 kB │ gzip: 270.37 kB
│  Vite storybook-static/assets/iframe-CMpXn_E1.js
│  2,429.09 kB │ gzip: 726.67 kB
│
▲  Vite
│  (!) Some chunks are larger than 500 kB after minification. Consider:
│  - Using dynamic import() to code-split the application
│  - Use build.rollupOptions.output.manualChunks to improve chunking:
│  ]8;;https://rollupjs.org/configuration-options/#output-manualchunkshttps://rollupjs.org/configuration-options/#output-manualchunks]8;;
│  - Adjust chunk size limit for this warning via
│  build.chunkSizeWarningLimit.
│  Vite ✓ built in 10.80s
│
◇  Output directory: /Users/saurabh/PL/exp2/storybook-static
│
└  Storybook build completed successfully

