
> design@0.0.0 build:design
> vite build --config vite.design.config.ts

vite v5.4.21 building for production...
transforming...

A PostCSS plugin did not pass the `from` option to `postcss.parse`. This may cause imported assets to be incorrectly transformed. If you've recently added a PostCSS plugin that raised this warning, please contact the package author to fix the issue.
✓ 4177 modules transformed.
rendering chunks...
computing gzip size...
dist/index.html                                       1.33 kB │ gzip:   0.52 kB
dist/assets/pdf.worker.min-yatZIOMy.mjs           1,375.84 kB
dist/assets/style-DTLpdRlW.css                        0.37 kB │ gzip:   0.21 kB
dist/assets/main-DacskNhE.css                       133.27 kB │ gzip:  22.13 kB
dist/assets/constants-CBpXd0Y3.js                     0.04 kB │ gzip:   0.06 kB
dist/assets/pdf-vendor-Ojnd7t59.js                    0.04 kB │ gzip:   0.06 kB
dist/assets/pdf.worker.min-ocdtAcA3.js                0.07 kB │ gzip:   0.09 kB
dist/assets/roleAccess-Ovt14rZi.js                    0.14 kB │ gzip:   0.13 kB
dist/assets/chevron-down-CYwAm5hF.js                  0.30 kB │ gzip:   0.24 kB
dist/assets/BlockedRedirect-CipllTQy.js               0.31 kB │ gzip:   0.24 kB
dist/assets/plus-BAZHzsCx.js                          0.32 kB │ gzip:   0.25 kB
dist/assets/search-QSfv9axd.js                        0.34 kB │ gzip:   0.27 kB
dist/assets/circle-check-D-HS84DF.js                  0.34 kB │ gzip:   0.27 kB
dist/assets/separator-CcJCNMlu.js                     0.37 kB │ gzip:   0.27 kB
dist/assets/ProductPage-D94CIpaj.js                   0.38 kB │ gzip:   0.30 kB
dist/assets/ellipsis-C1E-RDWE.js                      0.39 kB │ gzip:   0.26 kB
dist/assets/calendar-Dkl55CRD.js                      0.43 kB │ gzip:   0.30 kB
dist/assets/upload-pGd6qA6y.js                        0.43 kB │ gzip:   0.31 kB
dist/assets/pencil-C2nTcDGE.js                        0.44 kB │ gzip:   0.32 kB
dist/assets/users-Bbk2TFWu.js                         0.47 kB │ gzip:   0.32 kB
dist/assets/file-search-w0xybpIt.js                   0.49 kB │ gzip:   0.34 kB
dist/assets/file-text-CoFdFFe5.js                     0.50 kB │ gzip:   0.32 kB
dist/assets/trash-2-B2I5fPbe.js                       0.53 kB │ gzip:   0.34 kB
dist/assets/AuthLoadingOverlay-BiL2Il-c.js            0.54 kB │ gzip:   0.37 kB
dist/assets/arrow-up-7zN76c4b.js                      0.61 kB │ gzip:   0.31 kB
dist/assets/textarea-BKP9cBy_.js                      0.72 kB │ gzip:   0.44 kB
dist/assets/badge-D5qKHXVL.js                         0.75 kB │ gzip:   0.39 kB
dist/assets/popover-BpfPc2RD.js                       0.78 kB │ gzip:   0.42 kB
dist/assets/pen-V4G8GRDM.js                           0.79 kB │ gzip:   0.42 kB
dist/assets/scroll-area-DyRD17zT.js                   0.81 kB │ gzip:   0.43 kB
dist/assets/chevrons-right-BzPU_wuL.js                1.00 kB │ gzip:   0.38 kB
dist/assets/s3Upload-Djc8t6KK.js                      1.03 kB │ gzip:   0.54 kB
dist/assets/SamlCallback-D4HwBQ7v.js                  1.14 kB │ gzip:   0.70 kB
dist/assets/AuthField-CDx0XLNy.js                     1.16 kB │ gzip:   0.66 kB
dist/assets/user-Ct5flglA.js                          1.21 kB │ gzip:   0.51 kB
dist/assets/card-BHg0n_pJ.js                          1.40 kB │ gzip:   0.62 kB
dist/assets/usePatentEventCompletion-BjikT9zG.js      1.50 kB │ gzip:   0.75 kB
dist/assets/AssistantPage-B6dR6Td2.js                 1.63 kB │ gzip:   0.85 kB
dist/assets/Loader-BgS1TLHD.js                        1.64 kB │ gzip:   0.68 kB
dist/assets/BrandIcons-B-jpFSC1.js                    1.69 kB │ gzip:   0.78 kB
dist/assets/documentText-BDD5gtVq.js                  1.75 kB │ gzip:   0.95 kB
dist/assets/ActionDropdown-BUZmV3UN.js                1.78 kB │ gzip:   1.00 kB
dist/assets/product-chip-C9tFH1HH.js                  1.93 kB │ gzip:   0.78 kB
dist/assets/commonApi.service-DfBzc-rt.js             1.95 kB │ gzip:   1.00 kB
dist/assets/command-CNd3H_FE.js                       2.03 kB │ gzip:   0.77 kB
dist/assets/use-mobile-CpwS-rRk.js                    2.09 kB │ gzip:   0.70 kB
dist/assets/alert-dialog-apLmwKoL.js                  2.12 kB │ gzip:   0.81 kB
dist/assets/input-6P-5lD4g.js                         2.28 kB │ gzip:   1.14 kB
dist/assets/menu-radio-item-CxDwD7SU.js               2.88 kB │ gzip:   1.23 kB
dist/assets/NotFound-BGrjCyAd.js                      2.97 kB │ gzip:   1.38 kB
dist/assets/select-qbLFsLDy.js                        3.01 kB │ gzip:   1.25 kB
dist/assets/Invite-Jee9IP9p.js                        3.49 kB │ gzip:   1.65 kB
dist/assets/ForgotPassword-B0D4MkzT.js                4.71 kB │ gzip:   1.98 kB
dist/assets/ResetPassword-Bpu8tPTN.js                 5.23 kB │ gzip:   2.12 kB
dist/assets/PatentFieldsForm-DjrmNJ5r.js              5.92 kB │ gzip:   1.99 kB
dist/assets/Signup-BaIhOOm2.js                        6.11 kB │ gzip:   2.43 kB
dist/assets/ClientLogo-CAYGJWtW.js                    7.34 kB │ gzip:   2.77 kB
dist/assets/IdeaSubmissionModal-CI85AG1p.js           8.32 kB │ gzip:   3.46 kB
dist/assets/ShowScoreReport-CkycCm51.js               8.70 kB │ gzip:   3.42 kB
dist/assets/Login-BggJ4bQ3.js                         9.07 kB │ gzip:   3.23 kB
dist/assets/select-vendor-BdS_fNyz.js                11.86 kB │ gzip:   4.66 kB
dist/assets/index-D4W0qOlL.js                        19.02 kB │ gzip:   7.02 kB
dist/assets/react-vendor-B2G6TQFI.js                 21.50 kB │ gzip:   7.97 kB
dist/assets/ActionsPage-CvIgVJ9x.js                  30.57 kB │ gzip:   8.00 kB
dist/assets/ClientsPage-CrwWqbro.js                  35.95 kB │ gzip:   8.92 kB
dist/assets/IdeaDetailsPage-DqrMnG1e.js              36.14 kB │ gzip:  10.04 kB
dist/assets/ProfilePage-ywiuh7-_.js                  37.95 kB │ gzip:   9.98 kB
dist/assets/IdeaDraftPage-DvdYZIh_.js                38.93 kB │ gzip:  12.01 kB
dist/assets/DueDatesPage-CbI6JHdp.js                 48.77 kB │ gzip:  11.50 kB
dist/assets/IdeasPage-BqOLBMhj.js                    51.38 kB │ gzip:  15.89 kB
dist/assets/WorkspacePage-BJaTAeoA.js                52.77 kB │ gzip:  12.65 kB
dist/assets/ClientDetailPage-BT2GjK-V.js             58.00 kB │ gzip:  15.50 kB
dist/assets/utils-vendor-DOzhXJEA.js                 72.09 kB │ gzip:  26.56 kB
dist/assets/date-vendor-D8eLmKx0.js                  82.18 kB │ gzip:  25.37 kB
dist/assets/PatentsPage-F4GZpxm5.js                  85.35 kB │ gzip:  20.30 kB
dist/assets/Index-DTh3R-qB.js                        91.64 kB │ gzip:  25.63 kB
dist/assets/query-vendor-CXPE9gYP.js                 92.41 kB │ gzip:  31.29 kB
dist/assets/motion-vendor-VKMJJUjT.js               124.76 kB │ gzip:  40.71 kB
dist/assets/form-vendor-aNZZAsIh.js                 159.98 kB │ gzip:  47.41 kB
dist/assets/radix-vendor-vMHFJDk6.js                308.20 kB │ gzip:  95.68 kB
dist/assets/pdf-BnPRJEQ6.js                         365.12 kB │ gzip: 107.40 kB
dist/assets/main-_2k007o1.js                        433.02 kB │ gzip: 136.14 kB
dist/assets/index-CmM7mMCo.js                       468.22 kB │ gzip: 140.73 kB
dist/assets/mammoth.browser-Cn0EDtEh.js             499.90 kB │ gzip: 124.76 kB
dist/assets/charts-vendor-B350KOqX.js               504.11 kB │ gzip: 141.90 kB

(!) Some chunks are larger than 500 kB after minification. Consider:
- Using dynamic import() to code-split the application
- Use build.rollupOptions.output.manualChunks to improve chunking: https://rollupjs.org/configuration-options/#output-manualchunks
- Adjust chunk size limit for this warning via build.chunkSizeWarningLimit.
✓ built in 9.67s
