surfaces-clients-and-onboarding--photon-admin 1440 {"violations":[],"overflow":false}
surfaces-clients-and-onboarding--photon-admin 640 {"violations":[],"overflow":false}
surfaces-clients-and-onboarding--case-owner 1440 {"violations":[],"overflow":false}
surfaces-clients-and-onboarding--case-owner 640 {"violations":[],"overflow":false}
surfaces-clients-and-onboarding--potential-client 1440 {"violations":[],"overflow":false}
surfaces-clients-and-onboarding--potential-client 640 {"violations":[],"overflow":false}
surfaces-clients-and-onboarding--new-client 1440 {"violations":[],"overflow":false}
surfaces-clients-and-onboarding--new-client 640 {"violations":[],"overflow":false}
surfaces-clients-and-onboarding--no-owner 1440 {"violations":[],"overflow":false}
surfaces-clients-and-onboarding--no-owner 640 {"violations":[],"overflow":false}
surfaces-clients-and-onboarding--no-admin 1440 {"violations":[],"overflow":false}
surfaces-clients-and-onboarding--no-admin 640 {"violations":[],"overflow":false}
surfaces-clients-and-onboarding--no-inventors 1440 {"violations":[],"overflow":false}
surfaces-clients-and-onboarding--no-inventors 640 {"violations":[],"overflow":false}
surfaces-clients-and-onboarding--no-portfolio 1440 {"violations":[],"overflow":false}
surfaces-clients-and-onboarding--no-portfolio 640 {"violations":[],"overflow":false}
surfaces-clients-and-onboarding--import-in-progress 1440 {"violations":[],"overflow":false}
surfaces-clients-and-onboarding--import-in-progress 640 {"violations":[],"overflow":false}
surfaces-clients-and-onboarding--import-errors 1440 {"violations":[],"overflow":false}
surfaces-clients-and-onboarding--import-errors 640 {"violations":[],"overflow":false}
surfaces-clients-and-onboarding--ready 1440 {"violations":[],"overflow":false}
surfaces-clients-and-onboarding--ready 640 {"violations":[],"overflow":false}
surfaces-clients-and-onboarding--ready-case-owner 1440 {"violations":[],"overflow":false}
surfaces-clients-and-onboarding--ready-case-owner 640 {"violations":[],"overflow":false}
surfaces-clients-and-onboarding--disabled 1440 {"violations":[],"overflow":false}
surfaces-clients-and-onboarding--disabled 640 {"violations":[],"overflow":false}
surfaces-clients-and-onboarding--access-request 1440 {"violations":[],"overflow":false}
surfaces-clients-and-onboarding--access-request 640 {"violations":[],"overflow":false}
surfaces-clients-and-onboarding--loading 1440 {"violations":[],"overflow":false}
surfaces-clients-and-onboarding--loading 640 {"violations":[],"overflow":false}
surfaces-clients-and-onboarding--error 1440 {"violations":[],"overflow":false}
surfaces-clients-and-onboarding--error 640 {"violations":[],"overflow":false}
surfaces-clients-and-onboarding--empty 1440 {"violations":[],"overflow":false}
surfaces-clients-and-onboarding--empty 640 {"violations":[],"overflow":false}
surfaces-clients-and-onboarding--long-title 1440 {"violations":[],"overflow":false}
surfaces-clients-and-onboarding--long-title 640 {"violations":[],"overflow":false}
surfaces-clients-and-onboarding--invite-admin 1440 {"violations":[],"overflow":false}
surfaces-clients-and-onboarding--invite-admin 640 {"violations":[],"overflow":false}
surfaces-clients-and-onboarding--invite-link 1440 {"violations":[],"overflow":false}
surfaces-clients-and-onboarding--invite-link 640 {"violations":[],"overflow":false}
surfaces-clients-and-onboarding--import-result 1440 {"violations":[],"overflow":false}
surfaces-clients-and-onboarding--import-result 640 {"violations":[],"overflow":false}
surfaces-clients-and-onboarding--confirm-readiness 1440 {"violations":[],"overflow":false}
surfaces-clients-and-onboarding--confirm-readiness 640 {"violations":[],"overflow":false}
surfaces-clients-and-onboarding--edit-domain 1440 {"violations":[],"overflow":false}
surfaces-clients-and-onboarding--edit-domain 640 {"violations":[],"overflow":false}
surfaces-clients-and-onboarding--save-failed 1440 {"violations":[],"overflow":false}
surfaces-clients-and-onboarding--save-failed 640 {"violations":[],"overflow":false}
surfaces-clients-and-onboarding--client-support 1440 {"violations":[],"overflow":false}
surfaces-clients-and-onboarding--client-support 640 {"violations":[],"overflow":false}
surfaces-clients-and-onboarding--client-settings 1440 {"violations":[],"overflow":false}
surfaces-clients-and-onboarding--client-settings 640 {"violations":[],"overflow":false}
surfaces-clients-and-onboarding--shared-invitation 1440 {"violations":[],"overflow":false}
surfaces-clients-and-onboarding--shared-invitation 640 {"violations":[],"overflow":false}
surfaces-clients-and-onboarding--owner-assignment 1440 {"violations":[],"overflow":false}
surfaces-clients-and-onboarding--owner-assignment 640 {"violations":[],"overflow":false}
failures 0
