wrote  surfaces-clients-and-onboarding--photon-admin--at-1280x720
wrote  surfaces-clients-and-onboarding--photon-admin--at-1440x900
   note surfaces-clients-and-onboarding--photon-admin--at-1366x768: 11 anti-aliasing pixel(s) between renders, within tolerance
wrote  surfaces-clients-and-onboarding--photon-admin--at-1366x768
wrote  surfaces-clients-and-onboarding--photon-admin--at-1920x1080
wrote  surfaces-clients-and-onboarding--photon-admin--at-640x360@2
   note surfaces-clients-and-onboarding--case-owner--at-1280x720: 11 anti-aliasing pixel(s) between renders, within tolerance
wrote  surfaces-clients-and-onboarding--case-owner--at-1280x720
wrote  surfaces-clients-and-onboarding--case-owner--at-1440x900
wrote  surfaces-clients-and-onboarding--case-owner--at-1366x768
wrote  surfaces-clients-and-onboarding--case-owner--at-1920x1080
wrote  surfaces-clients-and-onboarding--case-owner--at-640x360@2
wrote  surfaces-clients-and-onboarding--potential-client--at-1280x720
wrote  surfaces-clients-and-onboarding--potential-client--at-1440x900
wrote  surfaces-clients-and-onboarding--new-client--at-1280x720
wrote  surfaces-clients-and-onboarding--new-client--at-1440x900
wrote  surfaces-clients-and-onboarding--no-owner--at-1280x720
wrote  surfaces-clients-and-onboarding--no-owner--at-1440x900
wrote  surfaces-clients-and-onboarding--no-admin--at-1280x720
wrote  surfaces-clients-and-onboarding--no-admin--at-1440x900
wrote  surfaces-clients-and-onboarding--no-inventors--at-1280x720
wrote  surfaces-clients-and-onboarding--no-inventors--at-1440x900
   note surfaces-clients-and-onboarding--no-portfolio--at-1280x720: 8 anti-aliasing pixel(s) between renders, within tolerance
wrote  surfaces-clients-and-onboarding--no-portfolio--at-1280x720
wrote  surfaces-clients-and-onboarding--no-portfolio--at-1440x900
wrote  surfaces-clients-and-onboarding--import-in-progress--at-1280x720
wrote  surfaces-clients-and-onboarding--import-in-progress--at-1440x900
wrote  surfaces-clients-and-onboarding--import-errors--at-1280x720
wrote  surfaces-clients-and-onboarding--import-errors--at-1440x900
wrote  surfaces-clients-and-onboarding--ready--at-1280x720
wrote  surfaces-clients-and-onboarding--ready--at-1440x900
   note surfaces-clients-and-onboarding--ready--at-1366x768: 8 anti-aliasing pixel(s) between renders, within tolerance
wrote  surfaces-clients-and-onboarding--ready--at-1366x768
wrote  surfaces-clients-and-onboarding--ready--at-1920x1080
wrote  surfaces-clients-and-onboarding--ready--at-640x360@2
wrote  surfaces-clients-and-onboarding--ready-case-owner--at-1280x720
wrote  surfaces-clients-and-onboarding--ready-case-owner--at-1440x900
wrote  surfaces-clients-and-onboarding--ready-case-owner--at-1366x768
wrote  surfaces-clients-and-onboarding--ready-case-owner--at-1920x1080
wrote  surfaces-clients-and-onboarding--ready-case-owner--at-640x360@2
wrote  surfaces-clients-and-onboarding--disabled--at-1280x720
   note surfaces-clients-and-onboarding--disabled--at-1440x900: 8 anti-aliasing pixel(s) between renders, within tolerance
wrote  surfaces-clients-and-onboarding--disabled--at-1440x900
wrote  surfaces-clients-and-onboarding--access-request--at-1280x720
wrote  surfaces-clients-and-onboarding--access-request--at-1440x900
wrote  surfaces-clients-and-onboarding--loading--at-1280x720
wrote  surfaces-clients-and-onboarding--loading--at-1440x900
wrote  surfaces-clients-and-onboarding--error--at-1280x720
wrote  surfaces-clients-and-onboarding--error--at-1440x900
wrote  surfaces-clients-and-onboarding--empty--at-1280x720
wrote  surfaces-clients-and-onboarding--empty--at-1440x900
   note surfaces-clients-and-onboarding--long-title--at-1280x720: 8 anti-aliasing pixel(s) between renders, within tolerance
wrote  surfaces-clients-and-onboarding--long-title--at-1280x720
wrote  surfaces-clients-and-onboarding--long-title--at-1440x900
wrote  surfaces-clients-and-onboarding--long-title--at-640x360@2
wrote  surfaces-clients-and-onboarding--invite-admin--at-1280x720
wrote  surfaces-clients-and-onboarding--invite-admin--at-1440x900
wrote  surfaces-clients-and-onboarding--invite-link--at-1280x720
wrote  surfaces-clients-and-onboarding--invite-link--at-1440x900
   note surfaces-clients-and-onboarding--import-result--at-1280x720: 4 anti-aliasing pixel(s) between renders, within tolerance
wrote  surfaces-clients-and-onboarding--import-result--at-1280x720
wrote  surfaces-clients-and-onboarding--import-result--at-1440x900
wrote  surfaces-clients-and-onboarding--confirm-readiness--at-1280x720
wrote  surfaces-clients-and-onboarding--confirm-readiness--at-1440x900
   note surfaces-clients-and-onboarding--edit-domain--at-1280x720: 16 anti-aliasing pixel(s) between renders, within tolerance
wrote  surfaces-clients-and-onboarding--edit-domain--at-1280x720
wrote  surfaces-clients-and-onboarding--edit-domain--at-1440x900
   note surfaces-clients-and-onboarding--save-failed--at-1280x720: 16 anti-aliasing pixel(s) between renders, within tolerance
wrote  surfaces-clients-and-onboarding--save-failed--at-1280x720
   note surfaces-clients-and-onboarding--save-failed--at-1440x900: 18 anti-aliasing pixel(s) between renders, within tolerance
wrote  surfaces-clients-and-onboarding--save-failed--at-1440x900
wrote  surfaces-clients-and-onboarding--client-support--at-1280x720
wrote  surfaces-clients-and-onboarding--client-support--at-1440x900
wrote  surfaces-clients-and-onboarding--client-settings--at-1280x720
wrote  surfaces-clients-and-onboarding--client-settings--at-1440x900
wrote  surfaces-clients-and-onboarding--shared-invitation--at-1280x720
wrote  surfaces-clients-and-onboarding--shared-invitation--at-1440x900
wrote  surfaces-clients-and-onboarding--owner-assignment--at-1280x720
wrote  surfaces-clients-and-onboarding--owner-assignment--at-1440x900
shots: all stories rendered, stable within 40 pixels, no egress
