UNSTABLE surfaces-case-owner-my-work--client-view-exit-error--at-1440x900: two clean renders differ by 42 pixels in [288,28,1407,768]
DIFF   surfaces-invention-disclosure-workspace--empty--at-1280x720: 7957 pixels in [892,470,1200,595] (actual saved beside the baseline)
DIFF   surfaces-invention-disclosure-workspace--empty--at-1440x900: 7963 pixels in [1069,470,1378,595] (actual saved beside the baseline)
DIFF   surfaces-invention-disclosure-workspace--empty--at-1366x768: 7963 pixels in [949,470,1258,595] (actual saved beside the baseline)
DIFF   surfaces-invention-disclosure-workspace--empty--at-1920x1080: 7963 pixels in [1389,470,1698,595] (actual saved beside the baseline)
DIFF   surfaces-invention-disclosure-workspace--partially-prefilled--at-1280x720: 8953 pixels in [892,406,1211,551] (actual saved beside the baseline)
DIFF   surfaces-invention-disclosure-workspace--partially-prefilled--at-1440x900: 8971 pixels in [1069,406,1388,551] (actual saved beside the baseline)
DIFF   surfaces-invention-disclosure-workspace--unsupported-gaps--at-1280x720: 11706 pixels in [892,374,1233,519] (actual saved beside the baseline)
DIFF   surfaces-invention-disclosure-workspace--unsupported-gaps--at-1440x900: 11640 pixels in [1069,374,1410,519] (actual saved beside the baseline)
DIFF   surfaces-invention-disclosure-workspace--saving--at-1280x720: 7957 pixels in [892,438,1200,563] (actual saved beside the baseline)
DIFF   surfaces-invention-disclosure-workspace--saving--at-1440x900: 7964 pixels in [1069,438,1378,563] (actual saved beside the baseline)
DIFF   surfaces-invention-disclosure-workspace--saved--at-1280x720: 12389 pixels in [892,352,1246,497] (actual saved beside the baseline)
DIFF   surfaces-invention-disclosure-workspace--saved--at-1440x900: 12334 pixels in [1069,352,1400,517] (actual saved beside the baseline)
DIFF   surfaces-invention-disclosure-workspace--offline--at-1280x720: 7957 pixels in [892,470,1200,595] (actual saved beside the baseline)
DIFF   surfaces-invention-disclosure-workspace--offline--at-1440x900: 7963 pixels in [1069,470,1378,595] (actual saved beside the baseline)
DIFF   surfaces-invention-disclosure-workspace--conflict--at-1280x720: 7975 pixels in [14,130,1200,639] (actual saved beside the baseline)
DIFF   surfaces-invention-disclosure-workspace--conflict--at-1440x900: 7963 pixels in [1069,514,1378,639] (actual saved beside the baseline)
DIFF   surfaces-invention-disclosure-workspace--complete--at-1280x720: 12389 pixels in [892,352,1246,497] (actual saved beside the baseline)
DIFF   surfaces-invention-disclosure-workspace--complete--at-1440x900: 12334 pixels in [1069,352,1400,517] (actual saved beside the baseline)
DIFF   surfaces-invention-disclosure-workspace--requested-changes--at-1280x720: 12389 pixels in [892,444,1246,589] (actual saved beside the baseline)
DIFF   surfaces-invention-disclosure-workspace--requested-changes--at-1440x900: 12334 pixels in [1069,444,1400,609] (actual saved beside the baseline)
DIFF   surfaces-invention-disclosure-workspace--resubmission--at-1280x720: 15106 pixels in [409,330,1246,589] (actual saved beside the baseline)
DIFF   surfaces-invention-disclosure-workspace--resubmission--at-1440x900: 15141 pixels in [489,420,1400,609] (actual saved beside the baseline)
DIFF   surfaces-invention-disclosure-workspace--error--at-1280x720: 7957 pixels in [892,514,1200,639] (actual saved beside the baseline)
DIFF   surfaces-invention-disclosure-workspace--error--at-1440x900: 7973 pixels in [312,329,1378,639] (actual saved beside the baseline)
UNSTABLE surfaces-idea-detail-and-status--draft--at-1440x900: two clean renders differ by 60 pixels in [288,18,297,45]
DIFF   surfaces-idea-detail-and-status--attachment-failure--at-1280x720: 58351 pixels in [166,64,1189,658] (actual saved beside the baseline)
DIFF   surfaces-ideas-list--case-owner--at-1440x900: 490 pixels in [54,124,116,137] (actual saved beside the baseline)
UNSTABLE surfaces-patent-detail--case-owner-editor--at-1920x1080: two clean renders differ by 49 pixels in [560,114,1647,717]
DIFF   surfaces-patent-detail--photon-admin-editor--at-1920x1080: 49 pixels in [560,114,1647,717] (actual saved beside the baseline)
DIFF   surfaces-patent-detail--save-failure--at-1440x900: 505 pixels in [54,124,877,530] (actual saved beside the baseline)
DIFF   surfaces-patent-portfolio--case-owner--at-1920x1080: 490 pixels in [54,124,116,137] (actual saved beside the baseline)
DIFF   surfaces-patent-portfolio--import-result--at-1280x720: 1193 pixels in [411,228,561,241] (actual saved beside the baseline)
DIFF   surfaces-patent-portfolio--import-result--at-1440x900: 1684 pixels in [54,124,910,331] (actual saved beside the baseline)
DIFF   surfaces-patent-portfolio--import-failure--at-1280x720: 1238 pixels in [428,275,580,288] (actual saved beside the baseline)
DIFF   surfaces-patent-portfolio--import-failure--at-1440x900: 1722 pixels in [54,124,967,659] (actual saved beside the baseline)
DIFF   surfaces-patent-portfolio--import-in-progress--at-1280x720: 1238 pixels in [428,285,580,298] (actual saved beside the baseline)
DIFF   surfaces-patent-portfolio--import-in-progress--at-1440x900: 1719 pixels in [54,124,660,388] (actual saved beside the baseline)
DIFF   surfaces-photon-due-dates--save-error--at-1280x720: 629 pixels in [498,344,738,509] (actual saved beside the baseline)
DIFF   surfaces-photon-due-dates--save-error--at-1440x900: 1094 pixels in [54,124,787,689] (actual saved beside the baseline)
DIFF   surfaces-photon-due-dates--save-error--at-640x360@2: 2314 pixels in [40,494,247,581] (actual saved beside the baseline)
DIFF   surfaces-photon-due-dates--spreadsheet-import--at-1440x900: 481 pixels in [54,124,116,137] (actual saved beside the baseline)
DIFF   surfaces-photon-due-dates--related-instruction--at-1440x900: 493 pixels in [54,124,321,195] (actual saved beside the baseline)
DIFF   surfaces-start-an-idea--partial-extraction--at-1280x720: 11706 pixels in [892,374,1233,519] (actual saved beside the baseline)
DIFF   surfaces-start-an-idea--partial-extraction--at-1440x900: 11640 pixels in [1069,374,1410,519] (actual saved beside the baseline)
DIFF   surfaces-start-an-idea--transition-to-disclosure--at-1280x720: 11706 pixels in [892,374,1233,519] (actual saved beside the baseline)
DIFF   surfaces-start-an-idea--transition-to-disclosure--at-1440x900: 11640 pixels in [1069,374,1410,519] (actual saved beside the baseline)
UNSTABLE surfaces-workspace-admin-dashboard--typical: two clean renders differ by 498 pixels in [23,110,1407,720]
UNSTABLE surfaces-workspace-admin-dashboard--no-pending-reviews: two clean renders differ by 57 pixels in [320,88,1407,659]
UNSTABLE surfaces-workspace-admin-dashboard--single-inventor: two clean renders differ by 46 pixels in [23,88,1407,659]
UNSTABLE surfaces-workspace-admin-dashboard--width-1280--at-1280x720: two clean renders differ by 396 pixels in [907,218,1247,719]
DIFF   surfaces-workspace-admin-dashboard--width-1366--at-1366x768: 496 pixels in [915,93,1333,720] (actual saved beside the baseline)
DIFF   legacy-reference-states-network-and-permissions--failing-writes: 162842 pixels in [288,235,1415,700] (actual saved beside the baseline)
