
> design@0.0.0 storybook:build
> storybook build


┌  Building storybook v10.6.0
│
◇  Cleaning outputDir: storybook-static
│
◇  Loading presets
│
◇  Building manager..
│
●  Building open services..
│
●  Building preview..
│
▲  No story files found for the specified pattern:
│  design/stories/**/*.mdx
│  Vite vite v5.4.21 building for production...
│  Vite transforming...
│
●  Copying static files: public at storybook-static
│
▲  Vite
│  A PostCSS plugin did not pass the `from` option to `postcss.parse`.
│  This may cause imported assets to be incorrectly transformed. If
│  you've recently added a PostCSS plugin that raised this warning,
│  please contact the package author to fix the issue.
│  Vite ✓ 4433 modules transformed.
│  Vite rendering chunks...
│  Vite computing gzip size...
│  Vite storybook-static/iframe.html
│  19.25 kB │ gzip:   5.32 kB
│  Vite storybook-static/assets/pdf.worker.min-yatZIOMy.mjs
│  1,375.84 kB
│  Vite storybook-static/assets/iframe-BKWvxPf7.css
│  122.02 kB │ gzip:  20.72 kB
│  Vite storybook-static/assets/constants-CBpXd0Y3.js
│  0.04 kB │ gzip:   0.06 kB
│  Vite storybook-static/assets/pdf.worker.min-DgRcL-GR.js
│  0.09 kB │ gzip:   0.11 kB
│  Vite storybook-static/assets/roleAccess-Ovt14rZi.js
│  0.14 kB │ gzip:   0.13 kB
│  Vite storybook-static/assets/index-D17hSi50.js
│  0.15 kB │ gzip:   0.15 kB
│  Vite storybook-static/assets/formatter-L2YTDE3Q-Bvcy868K.js
│  0.26 kB │ gzip:   0.22 kB
│  Vite storybook-static/assets/IdeaDraftPage-BOE3uceG.js
│  0.27 kB │ gzip:   0.23 kB
│  Vite storybook-static/assets/chevron-up-BrdOrykN.js
│  0.30 kB │ gzip:   0.25 kB
│  Vite storybook-static/assets/chevron-down--2fI1Vse.js
│  0.30 kB │ gzip:   0.24 kB
│  Vite storybook-static/assets/plus-gzgv1ATh.js
│  0.32 kB │ gzip:   0.25 kB
│  Vite storybook-static/assets/filter-BOfxYPgq.js
│  0.33 kB │ gzip:   0.26 kB
│  Vite storybook-static/assets/arrow-right-Dvw0MarI.js
│  0.33 kB │ gzip:   0.27 kB
│  Vite storybook-static/assets/search-Gvg8gZao.js
│  0.34 kB │ gzip:   0.27 kB
│  Vite storybook-static/assets/mail-Bp5QZG9p.js
│  0.39 kB │ gzip:   0.30 kB
│  Vite storybook-static/assets/columns-3-CuqpE1Mo.js
│  0.39 kB │ gzip:   0.29 kB
│  Vite storybook-static/assets/ellipsis-4LftPEJN.js
│  0.40 kB │ gzip:   0.27 kB
│  Vite storybook-static/assets/arrow-up-down-B4CRX_WT.js
│  0.41 kB │ gzip:   0.30 kB
│  Vite storybook-static/assets/external-link-yGiwaLlp.js
│  0.42 kB │ gzip:   0.30 kB
│  Vite storybook-static/assets/message-square-text-D6LMcOHA.js
│  0.43 kB │ gzip:   0.30 kB
│  Vite storybook-static/assets/eye-Bkz5y_jh.js
│  0.43 kB │ gzip:   0.31 kB
│  Vite storybook-static/assets/link-DhYXN4UO.js
│  0.43 kB │ gzip:   0.30 kB
│  Vite storybook-static/assets/upload-BYQNIlsU.js
│  0.43 kB │ gzip:   0.32 kB
│  Vite storybook-static/assets/file-question-DW7Vh8C2.js
│  0.45 kB │ gzip:   0.31 kB
│  Vite storybook-static/assets/users-ffi8LsKF.js
│  0.47 kB │ gzip:   0.33 kB
│  Vite storybook-static/assets/BlockedRedirect-BHgKAGOo.js
│  0.49 kB │ gzip:   0.34 kB
│  Vite storybook-static/assets/file-text-DrOKMY4B.js
│  0.50 kB │ gzip:   0.32 kB
│  Vite storybook-static/assets/trash-2-kNUjrTC7.js
│  0.53 kB │ gzip:   0.35 kB
│  Vite storybook-static/assets/product-surfaces-CcH-nQeT.js
│  0.60 kB │ gzip:   0.32 kB
│  Vite storybook-static/assets/dateRange-CBDP7qe6.js
│  0.65 kB │ gzip:   0.39 kB
│  Vite storybook-static/assets/label-CeIIKl2S.js
│  0.67 kB │ gzip:   0.46 kB
│  Vite storybook-static/assets/sparkles-BpkCxe6k.js
│  0.68 kB │ gzip:   0.40 kB
│  Vite storybook-static/assets/AuthLoadingOverlay-CzNxjzng.js
│  0.76 kB │ gzip:   0.47 kB
│  Vite storybook-static/assets/pen-line-BDWInm-5.js
│  0.79 kB │ gzip:   0.41 kB
│  Vite storybook-static/assets/badge-C5qm4kpH.js
│  0.80 kB │ gzip:   0.43 kB
│  Vite storybook-static/assets/react-18-FNpVJOwq.js
│  0.80 kB │ gzip:   0.48 kB
│  Vite storybook-static/assets/textarea-Buw1cv8-.js
│  0.82 kB │ gzip:   0.49 kB
│  Vite storybook-static/assets/pencil-cj3VhDmI.js
│  0.83 kB │ gzip:   0.44 kB
│  Vite storybook-static/assets/s3Upload-DPGNiy8-.js
│  0.90 kB │ gzip:   0.47 kB
│  Vite storybook-static/assets/separator-BCAty13I.js
│  0.95 kB │ gzip:   0.55 kB
│  Vite storybook-static/assets/badge.stories-D1Nda-wl.js
│  1.03 kB │ gzip:   0.59 kB
│  Vite storybook-static/assets/preload-helper-C1FmrZbK.js
│  1.14 kB │ gzip:   0.68 kB
│  Vite storybook-static/assets/textarea.stories-DdsNg1kZ.js
│  1.27 kB │ gzip:   0.69 kB
│  Vite storybook-static/assets/card.stories-BUotuFTS.js
│  1.33 kB │ gzip:   0.67 kB
│  Vite storybook-static/assets/StatusChip-B_aLxHxA.js
│  1.38 kB │ gzip:   0.74 kB
│  Vite storybook-static/assets/AuthField-DNFyP7U0.js
│  1.38 kB │ gzip:   0.74 kB
│  Vite storybook-static/assets/tooltip.stories-BIPQuVfM.js
│  1.41 kB │ gzip:   0.69 kB
│  Vite storybook-static/assets/card-BB3LnkOo.js
│  1.48 kB │ gzip:   0.49 kB
│  Vite storybook-static/assets/switch.stories-2zOmBHU8.js
│  1.48 kB │ gzip:   0.75 kB
│  Vite storybook-static/assets/filter-button-CYai0KkX.js
│  1.74 kB │ gzip:   0.85 kB
│  Vite storybook-static/assets/patentLegalStatus-CXs_s3vP.js
│  1.77 kB │ gzip:   0.50 kB
│  Vite storybook-static/assets/Assistant.stories-Dy5uvD9z.js
│  1.79 kB │ gzip:   0.93 kB
│  Vite storybook-static/assets/GradientBlobs-DilpHn38.js
│  1.83 kB │ gzip:   0.87 kB
│  Vite storybook-static/assets/documentText-9oayA-En.js
│  1.85 kB │ gzip:   0.98 kB
│  Vite storybook-static/assets/radio-group.stories-9wbLNLyC.js
│  1.93 kB │ gzip:   0.92 kB
│  Vite storybook-static/assets/NotFound.stories-B1nHWR9K.js
│  2.04 kB │ gzip:   1.05 kB
│  Vite storybook-static/assets/dialog.stories-DCvDfyLL.js
│  2.07 kB │ gzip:   0.93 kB
│  Vite storybook-static/assets/popover.stories-D4cJ8n9N.js
│  2.11 kB │ gzip:   1.01 kB
│  Vite storybook-static/assets/BrandIcons-CwlKxSt_.js
│  2.15 kB │ gzip:   0.93 kB
│  Vite storybook-static/assets/collapsible-f2cqu0ET.js
│  2.32 kB │ gzip:   1.03 kB
│  Vite storybook-static/assets/tabs.stories-Bw0EAxFn.js
│  2.35 kB │ gzip:   1.04 kB
│  Vite storybook-static/assets/checkbox.stories-Ba3bpows.js
│  2.48 kB │ gzip:   0.94 kB
│  Vite storybook-static/assets/input.stories-CBmibhD-.js
│  2.50 kB │ gzip:   0.95 kB
│  Vite storybook-static/assets/progress-DIi8UcaG.js
│  2.62 kB │ gzip:   1.26 kB
│  Vite storybook-static/assets/input-C1A9NCAl.js
│  2.72 kB │ gzip:   1.32 kB
│  Vite storybook-static/assets/sheet-Bj5EK2WY.js
│  2.75 kB │ gzip:   1.02 kB
│  Vite storybook-static/assets/zoom-out-CXK9XxS-.js
│  2.81 kB │ gzip:   0.70 kB
│  Vite storybook-static/assets/product-chip-D6P0ADfm.js
│  2.88 kB │ gzip:   1.01 kB
│  Vite storybook-static/assets/Chips.stories-Dr12Digc.js
│  2.89 kB │ gzip:   1.09 kB
│  Vite storybook-static/assets/product-chip.stories-DDYRA8yd.js
│  2.92 kB │ gzip:   1.26 kB
│  Vite storybook-static/assets/dateRange.stories-CsIxu6JC.js
│  2.99 kB │ gzip:   1.09 kB
│  Vite storybook-static/assets/alert-dialog.stories-B89-GurU.js
│  3.04 kB │ gzip:   1.17 kB
│  Vite storybook-static/assets/Dashboard.stories-CJATWcW0.js
│  3.12 kB │ gzip:   1.22 kB
│  Vite storybook-static/assets/Button.stories-CBvJ3sfB.js
│  3.20 kB │ gzip:   1.05 kB
│  Vite storybook-static/assets/useMutation-DQsytHRV.js
│  3.22 kB │ gzip:   1.31 kB
│  Vite storybook-static/assets/misc-primitives.stories-B4ylyW0D.js
│  3.43 kB │ gzip:   1.27 kB
│  Vite storybook-static/assets/States.stories-DVLafhMA.js
│  3.45 kB │ gzip:   1.45 kB
│  Vite storybook-static/assets/tabs-DlFOsa1F.js
│  3.47 kB │ gzip:   1.48 kB
│  Vite storybook-static/assets/StatusChip.stories-q7VHF5VA.js
│  3.51 kB │ gzip:   1.39 kB
│  Vite storybook-static/assets/ReviewQueueWorkspace.stories-tMNdHpvu.js
│  3.67 kB │ gzip:   1.12 kB
│  Vite storybook-static/assets/menu-radio-item.stories-ChfKGz2O.js
│  3.78 kB │ gzip:   1.81 kB
│  Vite storybook-static/assets/button.stories-4dGeWb76.js
│  3.79 kB │ gzip:   1.31 kB
│  Vite storybook-static/assets/DateRangeFilter-B3pHnk4i.js
│  3.83 kB │ gzip:   1.27 kB
│  Vite storybook-static/assets/alert-dialog-B6GqHMwI.js
│  4.23 kB │ gzip:   1.40 kB
│  Vite storybook-static/assets/switch-k4_uD-eF.js
│  4.23 kB │ gzip:   1.83 kB
│  Vite storybook-static/assets/checkbox-tyqHG5_p.js
│  4.50 kB │ gzip:   1.95 kB
│  Vite storybook-static/assets/filter-button.stories-ljh5WEpM.js
│  4.51 kB │ gzip:   1.59 kB
│  Vite storybook-static/assets/tokens.tailwind-lbOp-r2d.js
│  4.64 kB │ gzip:   1.78 kB
│  Vite storybook-static/assets/BrandIcons.stories-L0eBGBJ3.js
│  4.97 kB │ gzip:   1.83 kB
│  Vite storybook-static/assets/popover-BUQhHVpf.js
│  5.12 kB │ gzip:   1.98 kB
│  Vite storybook-static/assets/GradientBlobs.stories-CaIUOaGq.js
│  5.51 kB │ gzip:   1.79 kB
│  Vite storybook-static/assets/DateRangeFilter.stories-BahDgFJK.js
│  5.76 kB │ gzip:   1.88 kB
│  Vite storybook-static/assets/PortfolioImport-Cx8C7x_x.js
│  5.77 kB │ gzip:   2.14 kB
│  Vite storybook-static/assets/radio-group-CrELl26y.js
│  6.08 kB │ gzip:   2.43 kB
│  Vite storybook-static/assets/AuthLoadingOverlay.stories-BppsnHZe.js
│  6.11 kB │ gzip:   2.24 kB
│  Vite storybook-static/assets/PatentFieldsForm-DAjjTDQ-.js
│  6.13 kB │ gzip:   2.09 kB
│  Vite storybook-static/assets/Inputs.stories-DIa-e8Jl.js
│  6.59 kB │ gzip:   1.97 kB
│  Vite storybook-static/assets/Surfaces.stories-DqEE95Vb.js
│  7.06 kB │ gzip:   2.23 kB
│  Vite storybook-static/assets/user-Bo884NgD.js
│  7.22 kB │ gzip:   1.81 kB
│  Vite storybook-static/assets/IdeaSubmissionModal-C64KeE-O.js
│  7.85 kB │ gzip:   3.18 kB
│  Vite storybook-static/assets/LinkedIdeaBadge.stories-DsKHJX3Q.js
│  7.92 kB │ gzip:   2.85 kB
│  Vite storybook-static/assets/PatentFieldsForm.stories-Cfzlzd3-.js
│  8.17 kB │ gzip:   2.54 kB
│  Vite storybook-static/assets/actionsView.stories-B1ZuK8Qc.js
│  8.41 kB │ gzip:   2.90 kB
│  Vite storybook-static/assets/Overlays.stories-BqYP1hYl.js
│  8.55 kB │ gzip:   2.46 kB
│  Vite storybook-static/assets/Ideas.stories-h6UWW6Rq.js
│  8.86 kB │ gzip:   2.42 kB
│  Vite storybook-static/assets/StartIdea.stories-DJWhbzeB.js
│  9.56 kB │ gzip:   2.75 kB
│  Vite storybook-static/assets/InventorHome.stories-OUBsOGOj.js
│  9.57 kB │ gzip:   2.35 kB
│  Vite storybook-static/assets/PhotonAdminDashboard.stories-DsGCJDZk.js
│  10.71 kB │ gzip:   2.54 kB
│  Vite storybook-static/assets/Evaluation.stories-BFs7EUBz.js
│  11.32 kB │ gzip:   2.78 kB
│  Vite storybook-static/assets/ReviewDecision.stories-BzprK1tC.js
│  12.41 kB │ gzip:   2.93 kB
│  Vite storybook-static/assets/CaseOwnerMyWork.stories-BLh6Y-tL.js
│  13.67 kB │ gzip:   3.04 kB
│  Vite storybook-static/assets/scroll-area-BqkLqkpB.js
│  13.80 kB │ gzip:   4.37 kB
│  Vite storybook-static/assets/command-BB3A1CaI.js
│  14.04 kB │ gzip:   5.26 kB
│  Vite storybook-static/assets/DisclosureWorkspace.stories-K9-dJ3ra.js
│  14.37 kB │ gzip:   3.36 kB
│  Vite storybook-static/assets/IdeasPage-B-EPBOd0.js
│  14.78 kB │ gzip:   5.06 kB
│  Vite storybook-static/assets/Login.stories-CHe_ZbVc.js
│  14.78 kB │ gzip:   4.85 kB
│  Vite storybook-static/assets/Actions.stories-i89BFlj-.js
│  15.77 kB │ gzip:   3.59 kB
│  Vite storybook-static/assets/PhotonDueDates.stories-CZ-Qm4I1.js
│  17.03 kB │ gzip:   3.78 kB
│  Vite storybook-static/assets/Radius.stories-DwZXMFQ3.js
│  17.42 kB │ gzip:   4.81 kB
│  Vite storybook-static/assets/PatentPortfolio.stories-DNNoN_lk.js
│  18.77 kB │ gzip:   3.71 kB
│  Vite storybook-static/assets/Loader-CT8a2LDQ.js
│  19.98 kB │ gzip:   7.60 kB
│  Vite storybook-static/assets/PatentDetail.stories-DBrqT7Yv.js
│  20.21 kB │ gzip:   4.06 kB
│  Vite
│  storybook-static/assets/WorkspaceAdminDashboard.stories-1m0lbT7R.js
│  21.66 kB │ gzip:   4.52 kB
│  Vite storybook-static/assets/select-B-YSq5fx.js
│  22.34 kB │ gzip:   7.74 kB
│  Vite storybook-static/assets/Auth.stories-DhpkPl1f.js
│  23.65 kB │ gzip:   6.28 kB
│  Vite storybook-static/assets/ActionsWorkspace-CijZhgmr.js
│  25.46 kB │ gzip:   7.16 kB
│  Vite storybook-static/vite-inject-mocker-entry.js
│  28.53 kB │ gzip:   9.89 kB
│  Vite storybook-static/assets/ClientsPage-D8uwUbMc.js
│  28.61 kB │ gzip:   7.99 kB
│  Vite storybook-static/assets/matchers-JIUQ3HVY-CAdg16Fl.js
│  29.35 kB │ gzip:  10.00 kB
│  Vite storybook-static/assets/Color-6AOWCN3U-B0v8kTc9.js
│  30.37 kB │ gzip:  11.38 kB
│  Vite storybook-static/assets/ActionsPage-DdVG27jN.js
│  30.75 kB │ gzip:   8.54 kB
│  Vite storybook-static/assets/WithTooltip-CDUNV5IS-D34ioacH.js
│  33.21 kB │ gzip:  11.65 kB
│  Vite storybook-static/assets/Tokens.stories-B7i2s3hB.js
│  46.36 kB │ gzip:  10.68 kB
│  Vite storybook-static/assets/DraftWorkspace-BLUXsSuv.js
│  49.32 kB │ gzip:  14.94 kB
│  Vite storybook-static/assets/PatentsPage-lDE-w0xK.js
│  49.69 kB │ gzip:  14.20 kB
│  Vite storybook-static/assets/ReviewQueueWorkspace-B3wqvWvD.js
│  56.69 kB │ gzip:  17.21 kB
│  Vite storybook-static/assets/IdeaDetail.stories-CQPSGD-q.js
│  56.81 kB │ gzip:  14.11 kB
│  Vite storybook-static/assets/moment-C5S46NFB.js
│  60.81 kB │ gzip:  19.58 kB
│  Vite storybook-static/assets/ClientsAndOnboarding.stories-BY8ONJ8Q.js
│  65.23 kB │ gzip:  16.14 kB
│  Vite storybook-static/assets/index.esm-CABTDQdW.js
│  70.54 kB │ gzip:  22.79 kB
│  Vite storybook-static/assets/syntaxhighlighter-4REYKNEV-Cr9XUWZY.js
│  77.81 kB │ gzip:  26.99 kB
│  Vite storybook-static/assets/proxy-CuCaKfMi.js
│  124.76 kB │ gzip:  40.70 kB
│  Vite storybook-static/assets/Workspace.stories-B2XPNsL0.js
│  182.44 kB │ gzip:  47.24 kB
│  Vite storybook-static/assets/pdf-BnPRJEQ6.js
│  365.12 kB │ gzip: 107.40 kB
│  Vite storybook-static/assets/mammoth.browser-B57YuOY7.js
│  499.90 kB │ gzip: 124.75 kB
│  Vite storybook-static/assets/axe-xLkbSrJ3.js
│  601.10 kB │ gzip: 165.31 kB
│  Vite storybook-static/assets/Index-BPoBvwOj.js
│  664.29 kB │ gzip: 178.04 kB
│  Vite storybook-static/assets/Foundations.stories-sd78oHfm.js
│  761.60 kB │ gzip: 136.72 kB
│  Vite storybook-static/assets/DocsRenderer-JROSPFPF-C6zEc6up.js
│  850.65 kB │ gzip: 270.37 kB
│  Vite storybook-static/assets/iframe-DSsXperd.js
│  2,473.93 kB │ gzip: 737.95 kB
│
▲  Vite
│  (!) Some chunks are larger than 500 kB after minification. Consider:
│  - Using dynamic import() to code-split the application
│  - Use build.rollupOptions.output.manualChunks to improve chunking:
│  ]8;;https://rollupjs.org/configuration-options/#output-manualchunkshttps://rollupjs.org/configuration-options/#output-manualchunks]8;;
│  - Adjust chunk size limit for this warning via
│  build.chunkSizeWarningLimit.
│  Vite ✓ built in 10.47s
│
◇  Output directory: /Users/saurabh/PL/exp2/storybook-static
│
└  Storybook build completed successfully

