
> design@0.0.0 test:stories
> vitest run --project=storybook design/stories/surfaces/ClientsAndOnboarding.stories.tsx

(!) Your Vite config uses features that are unsupported by `configLoader: 'native'`, which is planned to become the default in a future major version of Vite:
  - import "./vite.design.config" without a file extension (vitest.config.ts:6:26). Add the file extension
  - import "./vite.config" without a file extension (vite.design.config.ts:13:24). Add the file extension
  - `__dirname` (vite.config.ts:62:25). Use `import.meta.dirname` instead
Set `VITE_CONFIG_NATIVE_IGNORE_WARNING=true` to suppress this warning.
6:31:48 PM [vite] warning: `optimizeDeps.esbuildOptions` option was specified by "vite:react-swc" plugin. This option is deprecated, please use `optimizeDeps.rolldownOptions` instead.
│
▲  No story files found for the specified pattern:
│  design/stories/**/*.mdx
(!) Your Vite config uses features that are unsupported by `configLoader: 'native'`, which is planned to become the default in a future major version of Vite:
  - import "./vite.design.config" without a file extension (vitest.config.ts:6:26). Add the file extension
  - import "./vite.config" without a file extension (vite.design.config.ts:13:24). Add the file extension
  - `__dirname` (vite.config.ts:62:25). Use `import.meta.dirname` instead
Set `VITE_CONFIG_NATIVE_IGNORE_WARNING=true` to suppress this warning.
6:31:49 PM [vite] warning: `optimizeDeps.esbuildOptions` option was specified by "vite:react-swc" plugin. This option is deprecated, please use `optimizeDeps.rolldownOptions` instead.
(!) Your Vite config uses features that are unsupported by `configLoader: 'native'`, which is planned to become the default in a future major version of Vite:
  - import "./vite.design.config" without a file extension (vitest.config.ts:6:26). Add the file extension
  - import "./vite.config" without a file extension (vite.design.config.ts:13:24). Add the file extension
  - `__dirname` (vite.config.ts:62:25). Use `import.meta.dirname` instead
Set `VITE_CONFIG_NATIVE_IGNORE_WARNING=true` to suppress this warning.
6:31:49 PM [vite] warning: `optimizeDeps.esbuildOptions` option was specified by "vite:react-swc" plugin. This option is deprecated, please use `optimizeDeps.rolldownOptions` instead.
(!) Your Vite config uses features that are unsupported by `configLoader: 'native'`, which is planned to become the default in a future major version of Vite:
  - import "./vite.design.config" without a file extension (vitest.config.ts:6:26). Add the file extension
  - import "./vite.config" without a file extension (vite.design.config.ts:13:24). Add the file extension
  - `__dirname` (vite.config.ts:62:25). Use `import.meta.dirname` instead
Set `VITE_CONFIG_NATIVE_IGNORE_WARNING=true` to suppress this warning.
6:31:49 PM [vite] warning: `optimizeDeps.esbuildOptions` option was specified by "vite:react-swc" plugin. This option is deprecated, please use `optimizeDeps.rolldownOptions` instead.

 RUN  v4.1.11 /Users/saurabh/PL/exp2

(!) Your Vite config uses features that are unsupported by `configLoader: 'native'`, which is planned to become the default in a future major version of Vite:
  - import "./vite.design.config" without a file extension (vitest.config.ts:6:26). Add the file extension
  - import "./vite.config" without a file extension (vite.design.config.ts:13:24). Add the file extension
  - `__dirname` (vite.config.ts:62:25). Use `import.meta.dirname` instead
Set `VITE_CONFIG_NATIVE_IGNORE_WARNING=true` to suppress this warning.
6:31:49 PM [vite] warning: `optimizeDeps.esbuildOptions` option was specified by "vite:react-swc" plugin. This option is deprecated, please use `optimizeDeps.rolldownOptions` instead.
You or a plugin you are using have set `optimizeDeps.esbuildOptions` but this option is now deprecated. Vite now uses Rolldown to optimize the dependencies. Please use `optimizeDeps.rolldownOptions` instead.

A PostCSS plugin did not pass the `from` option to `postcss.parse`. This may cause imported assets to be incorrectly transformed. If you've recently added a PostCSS plugin that raised this warning, please contact the package author to fix the issue.
6:31:52 PM [vite] (client) [console.warn] ⚠️ React Router Future Flag Warning: React Router will begin wrapping state updates in `React.startTransition` in v7. You can use the `v7_startTransition` future flag to opt-in early. For more information, see https://reactrouter.com/v6/upgrading/future#v7_starttransition.
6:31:52 PM [vite] (client) [console.warn] ⚠️ React Router Future Flag Warning: Relative route resolution within Splat routes is changing in v7. You can use the `v7_relativeSplatPath` future flag to opt-in early. For more information, see https://reactrouter.com/v6/upgrading/future#v7_relativesplatpath.
6:31:53 PM [vite] (client) [console.error] Error getting clients AxiosError: Request failed with status code 503
    at settle (http://localhost:63315/node_modules/.cache/storybook/10.6.0/c384be1cc10b6b0403e7b4238bae4fd74fed17479014d777a613f5618de148ae/sb-vitest/deps/axios.js?v=3a0c9768:2078:14)
    at XMLHttpRequest.onloadend (http://localhost:63315/node_modules/.cache/storybook/10.6.0/c384be1cc10b6b0403e7b4238bae4fd74fed17479014d777a613f5618de148ae/sb-vitest/deps/axios.js?v=3a0c9768:2539:4)
    at Axios$1.request (http://localhost:63315/node_modules/.cache/storybook/10.6.0/c384be1cc10b6b0403e7b4238bae4fd74fed17479014d777a613f5618de148ae/sb-vitest/deps/axios.js?v=3a0c9768:3391:37)
    at async dispatch (http://localhost:63315/src/lib/realAdapter.ts:1752:25)
    at async queryFn (http://localhost:63315/src/pages/client/ClientsPage.tsx:220:34)
6:31:53 PM [vite] (client) [console.error] Error getting clients AxiosError: Request failed with status code 503
    at settle (http://localhost:63315/node_modules/.cache/storybook/10.6.0/c384be1cc10b6b0403e7b4238bae4fd74fed17479014d777a613f5618de148ae/sb-vitest/deps/axios.js?v=3a0c9768:2078:14)
    at XMLHttpRequest.onloadend (http://localhost:63315/node_modules/.cache/storybook/10.6.0/c384be1cc10b6b0403e7b4238bae4fd74fed17479014d777a613f5618de148ae/sb-vitest/deps/axios.js?v=3a0c9768:2539:4)
    at Axios$1.request (http://localhost:63315/node_modules/.cache/storybook/10.6.0/c384be1cc10b6b0403e7b4238bae4fd74fed17479014d777a613f5618de148ae/sb-vitest/deps/axios.js?v=3a0c9768:3391:37)
    at async dispatch (http://localhost:63315/src/lib/realAdapter.ts:1752:25)
    at async queryFn (http://localhost:63315/src/pages/client/ClientsPage.tsx:220:34)
6:31:53 PM [vite] (client) [console.error] Error updating client personal info: AxiosError: Request failed with status code 503
    at settle (http://localhost:63315/node_modules/.cache/storybook/10.6.0/c384be1cc10b6b0403e7b4238bae4fd74fed17479014d777a613f5618de148ae/sb-vitest/deps/axios.js?v=3a0c9768:2078:14)
    at XMLHttpRequest.onloadend (http://localhost:63315/node_modules/.cache/storybook/10.6.0/c384be1cc10b6b0403e7b4238bae4fd74fed17479014d777a613f5618de148ae/sb-vitest/deps/axios.js?v=3a0c9768:2539:4)
    at Axios$1.request (http://localhost:63315/node_modules/.cache/storybook/10.6.0/c384be1cc10b6b0403e7b4238bae4fd74fed17479014d777a613f5618de148ae/sb-vitest/deps/axios.js?v=3a0c9768:3391:37)
    at async dispatch (http://localhost:63315/src/lib/realAdapter.ts:1752:25)
    at async Object.mutationFn (http://localhost:63315/src/components/clients/ClientDetails.tsx:51:34)

 Test Files  1 passed (1)
      Tests  28 passed (28)
   Start at  18:31:49
   Duration  4.58s (transform 0ms, setup 2.37s, import 210ms, tests 1.18s, environment 0ms)

