
> design@0.0.0 storybook:build
> storybook build


┌  Building storybook v10.6.0
│
◇  Cleaning outputDir: storybook-static
│
◇  Loading presets
│
◇  Building manager..
│
●  Building open services..
│
●  Building preview..
│
▲  No story files found for the specified pattern:
│  design/stories/**/*.mdx
│  Vite vite v5.4.21 building for production...
│  Vite transforming...
│
●  Copying static files: public at storybook-static
│
▲  Vite
│  A PostCSS plugin did not pass the `from` option to `postcss.parse`.
│  This may cause imported assets to be incorrectly transformed. If
│  you've recently added a PostCSS plugin that raised this warning,
│  please contact the package author to fix the issue.
│  Vite ✓ 4433 modules transformed.
│  Vite rendering chunks...
│  Vite computing gzip size...
│  Vite storybook-static/iframe.html
│  19.25 kB │ gzip:   5.31 kB
│  Vite storybook-static/assets/pdf.worker.min-yatZIOMy.mjs
│  1,375.84 kB
│  Vite storybook-static/assets/iframe-CyiAtiup.css
│  133.51 kB │ gzip:  22.20 kB
│  Vite storybook-static/assets/constants-CBpXd0Y3.js
│  0.04 kB │ gzip:   0.06 kB
│  Vite storybook-static/assets/pdf.worker.min-DgRcL-GR.js
│  0.09 kB │ gzip:   0.11 kB
│  Vite storybook-static/assets/roleAccess-Ovt14rZi.js
│  0.14 kB │ gzip:   0.13 kB
│  Vite storybook-static/assets/index-D17hSi50.js
│  0.15 kB │ gzip:   0.15 kB
│  Vite storybook-static/assets/formatter-L2YTDE3Q-Bk-bkXG1.js
│  0.26 kB │ gzip:   0.22 kB
│  Vite storybook-static/assets/IdeaDraftPage-B_Ly5jKG.js
│  0.27 kB │ gzip:   0.23 kB
│  Vite storybook-static/assets/chevron-up-D3noJzH2.js
│  0.29 kB │ gzip:   0.25 kB
│  Vite storybook-static/assets/chevron-down-CU_jN2YS.js
│  0.30 kB │ gzip:   0.25 kB
│  Vite storybook-static/assets/plus-DsN-fcoY.js
│  0.32 kB │ gzip:   0.25 kB
│  Vite storybook-static/assets/use-mobile-DYoWFEp1.js
│  0.33 kB │ gzip:   0.24 kB
│  Vite storybook-static/assets/filter-FzAyY7tK.js
│  0.33 kB │ gzip:   0.26 kB
│  Vite storybook-static/assets/arrow-right-cGI0UOrE.js
│  0.33 kB │ gzip:   0.26 kB
│  Vite storybook-static/assets/search-D6Zg1whr.js
│  0.34 kB │ gzip:   0.27 kB
│  Vite storybook-static/assets/circle-check-Bf_XBCrM.js
│  0.35 kB │ gzip:   0.27 kB
│  Vite storybook-static/assets/clock-DBxZiAcl.js
│  0.35 kB │ gzip:   0.27 kB
│  Vite storybook-static/assets/mail-DV6or5BL.js
│  0.38 kB │ gzip:   0.30 kB
│  Vite storybook-static/assets/columns-3-BGcBbybb.js
│  0.39 kB │ gzip:   0.29 kB
│  Vite storybook-static/assets/ellipsis-C7R7cBSh.js
│  0.40 kB │ gzip:   0.27 kB
│  Vite storybook-static/assets/actionsView-DiNVbgzf.js
│  0.41 kB │ gzip:   0.26 kB
│  Vite storybook-static/assets/arrow-up-down-C6zpuhtL.js
│  0.41 kB │ gzip:   0.29 kB
│  Vite storybook-static/assets/external-link-HMJwBezn.js
│  0.42 kB │ gzip:   0.30 kB
│  Vite storybook-static/assets/message-square-text-Ceo82mp6.js
│  0.42 kB │ gzip:   0.30 kB
│  Vite storybook-static/assets/calendar-9tQ-kOC7.js
│  0.42 kB │ gzip:   0.30 kB
│  Vite storybook-static/assets/upload-dSABGqxW.js
│  0.42 kB │ gzip:   0.31 kB
│  Vite storybook-static/assets/eye-DJhMRuF1.js
│  0.43 kB │ gzip:   0.31 kB
│  Vite storybook-static/assets/link-CW9axpEl.js
│  0.43 kB │ gzip:   0.30 kB
│  Vite storybook-static/assets/file-question-Cr01SY1e.js
│  0.44 kB │ gzip:   0.31 kB
│  Vite storybook-static/assets/pencil-DeHO2JPZ.js
│  0.45 kB │ gzip:   0.33 kB
│  Vite storybook-static/assets/users-CEvahC6r.js
│  0.47 kB │ gzip:   0.33 kB
│  Vite storybook-static/assets/file-search-BxGBbFsr.js
│  0.49 kB │ gzip:   0.34 kB
│  Vite storybook-static/assets/BlockedRedirect-C7i3uMOv.js
│  0.49 kB │ gzip:   0.34 kB
│  Vite storybook-static/assets/file-text-Bbe7zrna.js
│  0.50 kB │ gzip:   0.32 kB
│  Vite storybook-static/assets/trash-2-BVTMafPF.js
│  0.52 kB │ gzip:   0.34 kB
│  Vite storybook-static/assets/product-surfaces-CcH-nQeT.js
│  0.60 kB │ gzip:   0.32 kB
│  Vite storybook-static/assets/chevrons-right-sK2V-CG5.js
│  0.63 kB │ gzip:   0.30 kB
│  Vite storybook-static/assets/star-DYAc4XqU.js
│  0.64 kB │ gzip:   0.40 kB
│  Vite storybook-static/assets/dateRange-CBDP7qe6.js
│  0.65 kB │ gzip:   0.39 kB
│  Vite storybook-static/assets/label-BhOb-hoV.js
│  0.67 kB │ gzip:   0.46 kB
│  Vite storybook-static/assets/sparkles-D9CQB82E.js
│  0.68 kB │ gzip:   0.40 kB
│  Vite storybook-static/assets/AuthLoadingOverlay-CpVeV-qU.js
│  0.76 kB │ gzip:   0.47 kB
│  Vite storybook-static/assets/usePatentEventCompletion-BAe6xCZD.js
│  0.76 kB │ gzip:   0.47 kB
│  Vite storybook-static/assets/rotate-ccw-D6Fxeemq.js
│  0.79 kB │ gzip:   0.36 kB
│  Vite storybook-static/assets/pen-line-BebY2D9P.js
│  0.79 kB │ gzip:   0.41 kB
│  Vite storybook-static/assets/badge-C1OEKYU5.js
│  0.80 kB │ gzip:   0.43 kB
│  Vite storybook-static/assets/react-18-DQLYQa4c.js
│  0.80 kB │ gzip:   0.48 kB
│  Vite storybook-static/assets/textarea-CXUrSuiW.js
│  0.82 kB │ gzip:   0.49 kB
│  Vite storybook-static/assets/s3Upload-_kLu8Rlw.js
│  0.90 kB │ gzip:   0.47 kB
│  Vite storybook-static/assets/separator-DNK8t_GG.js
│  0.95 kB │ gzip:   0.55 kB
│  Vite storybook-static/assets/badge.stories-Cx7CF_Yv.js
│  1.03 kB │ gzip:   0.59 kB
│  Vite storybook-static/assets/preload-helper-C1FmrZbK.js
│  1.14 kB │ gzip:   0.68 kB
│  Vite storybook-static/assets/menu-radio-item-hqzTlG1o.js
│  1.14 kB │ gzip:   0.66 kB
│  Vite storybook-static/assets/save-B2Fgogwr.js
│  1.23 kB │ gzip:   0.51 kB
│  Vite storybook-static/assets/table-91za_0mt.js
│  1.26 kB │ gzip:   0.46 kB
│  Vite storybook-static/assets/textarea.stories-CV2wT8cb.js
│  1.27 kB │ gzip:   0.70 kB
│  Vite storybook-static/assets/card.stories-CVmISwuQ.js
│  1.33 kB │ gzip:   0.67 kB
│  Vite storybook-static/assets/commonApi.service-D8aUoUoB.js
│  1.37 kB │ gzip:   0.70 kB
│  Vite storybook-static/assets/StatusChip-CslpPTbb.js
│  1.38 kB │ gzip:   0.74 kB
│  Vite storybook-static/assets/AuthField-YyOftpxS.js
│  1.38 kB │ gzip:   0.74 kB
│  Vite storybook-static/assets/zoom-out-DcvyKeQN.js
│  1.40 kB │ gzip:   0.44 kB
│  Vite storybook-static/assets/tooltip.stories-Ce3w7Fqk.js
│  1.41 kB │ gzip:   0.69 kB
│  Vite storybook-static/assets/card-BrOCVedb.js
│  1.48 kB │ gzip:   0.49 kB
│  Vite storybook-static/assets/switch.stories-BUi-tL0K.js
│  1.48 kB │ gzip:   0.74 kB
│  Vite storybook-static/assets/Loader-CYqCARAW.js
│  1.66 kB │ gzip:   0.70 kB
│  Vite storybook-static/assets/filter-button-Du9FvtPP.js
│  1.74 kB │ gzip:   0.86 kB
│  Vite storybook-static/assets/patentLegalStatus-CXs_s3vP.js
│  1.77 kB │ gzip:   0.50 kB
│  Vite storybook-static/assets/Assistant.stories-DRuf63YI.js
│  1.79 kB │ gzip:   0.93 kB
│  Vite storybook-static/assets/GradientBlobs-CmSk5bSR.js
│  1.83 kB │ gzip:   0.87 kB
│  Vite storybook-static/assets/documentText-BKO4tPMv.js
│  1.85 kB │ gzip:   0.98 kB
│  Vite storybook-static/assets/ActionDropdown-dgcKiW2r.js
│  1.87 kB │ gzip:   0.93 kB
│  Vite storybook-static/assets/user-x-C9X0bHWm.js
│  1.89 kB │ gzip:   0.62 kB
│  Vite storybook-static/assets/radio-group.stories--RVoun0H.js
│  1.93 kB │ gzip:   0.92 kB
│  Vite storybook-static/assets/NotFound.stories-DvFM0su1.js
│  2.04 kB │ gzip:   1.05 kB
│  Vite storybook-static/assets/dialog.stories-IogeZdKc.js
│  2.07 kB │ gzip:   0.94 kB
│  Vite storybook-static/assets/globe-BvfgBawF.js
│  2.09 kB │ gzip:   0.67 kB
│  Vite storybook-static/assets/popover.stories-CwPAO7Zd.js
│  2.11 kB │ gzip:   1.01 kB
│  Vite storybook-static/assets/BrandIcons-BJ-jOEiJ.js
│  2.15 kB │ gzip:   0.93 kB
│  Vite storybook-static/assets/collapsible-Cla37Rcu.js
│  2.32 kB │ gzip:   1.03 kB
│  Vite storybook-static/assets/tabs.stories-DlqvMJ5M.js
│  2.35 kB │ gzip:   1.04 kB
│  Vite storybook-static/assets/checkbox.stories-KJ5dnCUF.js
│  2.48 kB │ gzip:   0.94 kB
│  Vite storybook-static/assets/input.stories-BsKrWQsk.js
│  2.50 kB │ gzip:   0.96 kB
│  Vite storybook-static/assets/progress-PYKd4ftk.js
│  2.62 kB │ gzip:   1.26 kB
│  Vite storybook-static/assets/input-BAuSzMD5.js
│  2.72 kB │ gzip:   1.32 kB
│  Vite storybook-static/assets/menu-radio-item.stories-BFdskQzh.js
│  2.75 kB │ gzip:   1.32 kB
│  Vite storybook-static/assets/sheet-CcZFsx_8.js
│  2.75 kB │ gzip:   1.02 kB
│  Vite storybook-static/assets/user-nTFldAX6.js
│  2.84 kB │ gzip:   0.83 kB
│  Vite storybook-static/assets/product-chip-CapJFywr.js
│  2.88 kB │ gzip:   1.01 kB
│  Vite storybook-static/assets/Chips.stories-BRufhOWg.js
│  2.89 kB │ gzip:   1.09 kB
│  Vite storybook-static/assets/product-chip.stories-DUg_ZniI.js
│  2.92 kB │ gzip:   1.26 kB
│  Vite storybook-static/assets/Patents.stories-CJxjnPwg.js
│  2.94 kB │ gzip:   1.27 kB
│  Vite storybook-static/assets/dateRange.stories-8GatOy0T.js
│  2.99 kB │ gzip:   1.09 kB
│  Vite storybook-static/assets/alert-dialog.stories-Nb6m12vQ.js
│  3.04 kB │ gzip:   1.17 kB
│  Vite storybook-static/assets/Button.stories-CyOyLDsp.js
│  3.20 kB │ gzip:   1.05 kB
│  Vite storybook-static/assets/useMutation-0QSJSFFC.js
│  3.22 kB │ gzip:   1.31 kB
│  Vite storybook-static/assets/misc-primitives.stories-D4CbBw0A.js
│  3.43 kB │ gzip:   1.27 kB
│  Vite storybook-static/assets/tabs-B8edcg2I.js
│  3.48 kB │ gzip:   1.48 kB
│  Vite storybook-static/assets/StatusChip.stories-BWvWGC4j.js
│  3.51 kB │ gzip:   1.39 kB
│  Vite storybook-static/assets/shield-check-DQDDTuci.js
│  3.63 kB │ gzip:   1.11 kB
│  Vite storybook-static/assets/ReviewQueueWorkspace.stories-BCTtTTpV.js
│  3.70 kB │ gzip:   1.15 kB
│  Vite storybook-static/assets/States.stories-BqBazmyg.js
│  3.78 kB │ gzip:   1.59 kB
│  Vite storybook-static/assets/button.stories-_fjpUZMR.js
│  3.79 kB │ gzip:   1.31 kB
│  Vite storybook-static/assets/DateRangeFilter-C20dSEYV.js
│  3.83 kB │ gzip:   1.27 kB
│  Vite storybook-static/assets/Dashboard.stories-B-yCxcjn.js
│  4.14 kB │ gzip:   1.43 kB
│  Vite storybook-static/assets/switch-BDDLhVjL.js
│  4.23 kB │ gzip:   1.84 kB
│  Vite storybook-static/assets/alert-dialog-BoiapbvS.js
│  4.24 kB │ gzip:   1.40 kB
│  Vite storybook-static/assets/checkbox-CeyN4t1d.js
│  4.50 kB │ gzip:   1.96 kB
│  Vite storybook-static/assets/filter-button.stories-RXVElw9-.js
│  4.51 kB │ gzip:   1.59 kB
│  Vite storybook-static/assets/tokens.tailwind-lbOp-r2d.js
│  4.64 kB │ gzip:   1.78 kB
│  Vite storybook-static/assets/BrandIcons.stories-DXAMTioz.js
│  4.97 kB │ gzip:   1.84 kB
│  Vite storybook-static/assets/popover-CVlq-4DO.js
│  5.13 kB │ gzip:   1.98 kB
│  Vite storybook-static/assets/GradientBlobs.stories-CkGrvYAF.js
│  5.51 kB │ gzip:   1.79 kB
│  Vite storybook-static/assets/DateRangeFilter.stories-JhLUS6cV.js
│  5.76 kB │ gzip:   1.88 kB
│  Vite storybook-static/assets/radio-group-BEbUFbOo.js
│  6.08 kB │ gzip:   2.44 kB
│  Vite storybook-static/assets/AuthLoadingOverlay.stories-BdrvBmUq.js
│  6.11 kB │ gzip:   2.24 kB
│  Vite storybook-static/assets/PatentFieldsForm-BYOET25B.js
│  6.13 kB │ gzip:   2.09 kB
│  Vite storybook-static/assets/Inputs.stories-DJnUBlfm.js
│  6.59 kB │ gzip:   1.97 kB
│  Vite storybook-static/assets/Surfaces.stories-DaVdpCJh.js
│  7.06 kB │ gzip:   2.24 kB
│  Vite storybook-static/assets/IdeaSubmissionModal-C0ecLtrD.js
│  7.84 kB │ gzip:   3.17 kB
│  Vite storybook-static/assets/LinkedIdeaBadge.stories-DPD1MuNE.js
│  7.92 kB │ gzip:   2.85 kB
│  Vite storybook-static/assets/actionsView.stories-CxsidQe_.js
│  8.09 kB │ gzip:   2.80 kB
│  Vite storybook-static/assets/PatentFieldsForm.stories-DLfd_KVF.js
│  8.17 kB │ gzip:   2.55 kB
│  Vite storybook-static/assets/Overlays.stories-ClZRclbs.js
│  8.55 kB │ gzip:   2.46 kB
│  Vite storybook-static/assets/Ideas.stories-DBxsb8Sm.js
│  8.89 kB │ gzip:   2.44 kB
│  Vite storybook-static/assets/StartIdea.stories-ds2vfcvv.js
│  9.56 kB │ gzip:   2.75 kB
│  Vite storybook-static/assets/InventorHome.stories-DQy2sht6.js
│  9.64 kB │ gzip:   2.40 kB
│  Vite storybook-static/assets/Evaluation.stories-DC0J73df.js
│  11.32 kB │ gzip:   2.78 kB
│  Vite storybook-static/assets/ReviewDecision.stories-DnIwNcRL.js
│  12.44 kB │ gzip:   2.95 kB
│  Vite storybook-static/assets/scroll-area-BkWprvn4.js
│  13.80 kB │ gzip:   4.37 kB
│  Vite storybook-static/assets/command-kgyPt3CN.js
│  14.05 kB │ gzip:   5.26 kB
│  Vite storybook-static/assets/DisclosureWorkspace.stories-V6q5nShm.js
│  14.37 kB │ gzip:   3.36 kB
│  Vite storybook-static/assets/IdeasPage-OsP90DIN.js
│  14.78 kB │ gzip:   5.06 kB
│  Vite storybook-static/assets/Login.stories-CHkYkJSu.js
│  14.78 kB │ gzip:   4.85 kB
│  Vite storybook-static/assets/index-BwtAAeLA.js
│  17.00 kB │ gzip:   6.40 kB
│  Vite storybook-static/assets/Radius.stories-Cr_sR4Ja.js
│  17.42 kB │ gzip:   4.82 kB
│  Vite storybook-static/assets/PatentPortfolio.stories-CYi5jVxx.js
│  19.19 kB │ gzip:   3.90 kB
│  Vite storybook-static/assets/format-B8qhVQYN.js
│  20.23 kB │ gzip:   5.66 kB
│  Vite
│  storybook-static/assets/WorkspaceAdminDashboard.stories-XX2eMLpi.js
│  21.74 kB │ gzip:   4.56 kB
│  Vite storybook-static/assets/select-CUmljn5J.js
│  22.34 kB │ gzip:   7.74 kB
│  Vite storybook-static/assets/Auth.stories-RNPcpFlr.js
│  23.64 kB │ gzip:   6.28 kB
│  Vite storybook-static/vite-inject-mocker-entry.js
│  28.53 kB │ gzip:   9.89 kB
│  Vite storybook-static/assets/matchers-JIUQ3HVY-CAdg16Fl.js
│  29.35 kB │ gzip:  10.00 kB
│  Vite storybook-static/assets/Color-6AOWCN3U-C5vBkAbl.js
│  30.37 kB │ gzip:  11.38 kB
│  Vite storybook-static/assets/WithTooltip-CDUNV5IS-yiVXzTJF.js
│  33.21 kB │ gzip:  11.65 kB
│  Vite storybook-static/assets/Actions.stories-BUvaw_nJ.js
│  35.70 kB │ gzip:   9.14 kB
│  Vite storybook-static/assets/ReviewQueueWorkspace-6HCqDdrn.js
│  36.45 kB │ gzip:  11.70 kB
│  Vite storybook-static/assets/ClientsPage-DUcfYu9z.js
│  44.30 kB │ gzip:  11.00 kB
│  Vite storybook-static/assets/Tokens.stories-wRb9qNEt.js
│  46.36 kB │ gzip:  10.68 kB
│  Vite storybook-static/assets/DraftWorkspace-CKhGyP94.js
│  49.33 kB │ gzip:  14.94 kB
│  Vite storybook-static/assets/DueDates.stories-v382L2Hs.js
│  55.59 kB │ gzip:  13.28 kB
│  Vite storybook-static/assets/IdeaDetail.stories-BIW3iPS3.js
│  56.82 kB │ gzip:  14.12 kB
│  Vite storybook-static/assets/moment-C5S46NFB.js
│  60.81 kB │ gzip:  19.58 kB
│  Vite storybook-static/assets/index.esm-BI_saC9T.js
│  70.53 kB │ gzip:  22.79 kB
│  Vite storybook-static/assets/PatentsPage-5DcqEQsY.js
│  74.63 kB │ gzip:  18.59 kB
│  Vite storybook-static/assets/syntaxhighlighter-4REYKNEV-Bm5ul01h.js
│  77.81 kB │ gzip:  27.00 kB
│  Vite storybook-static/assets/proxy-Cp6zsd6C.js
│  124.76 kB │ gzip:  40.70 kB
│  Vite storybook-static/assets/Clients.stories-DZ30y-8z.js
│  136.17 kB │ gzip:  43.45 kB
│  Vite storybook-static/assets/Workspace.stories-oHLXreQv.js
│  182.59 kB │ gzip:  47.30 kB
│  Vite storybook-static/assets/pdf-BnPRJEQ6.js
│  365.12 kB │ gzip: 107.40 kB
│  Vite storybook-static/assets/mammoth.browser--iKoaACx.js
│  499.90 kB │ gzip: 124.75 kB
│  Vite storybook-static/assets/axe-BUlKj3Zg.js
│  601.10 kB │ gzip: 165.31 kB
│  Vite storybook-static/assets/Index--FO2TbwX.js
│  621.31 kB │ gzip: 171.69 kB
│  Vite storybook-static/assets/Foundations.stories-kVyRT00n.js
│  755.26 kB │ gzip: 136.12 kB
│  Vite storybook-static/assets/DocsRenderer-JROSPFPF-jjFOQ2Kx.js
│  850.65 kB │ gzip: 270.37 kB
│  Vite storybook-static/assets/iframe-CVbB6way.js
│  2,431.03 kB │ gzip: 727.15 kB
│
▲  Vite
│  (!) Some chunks are larger than 500 kB after minification. Consider:
│  - Using dynamic import() to code-split the application
│  - Use build.rollupOptions.output.manualChunks to improve chunking:
│  ]8;;https://rollupjs.org/configuration-options/#output-manualchunkshttps://rollupjs.org/configuration-options/#output-manualchunks]8;;
│  - Adjust chunk size limit for this warning via
│  build.chunkSizeWarningLimit.
│  Vite ✓ built in 11.28s
│
◇  Output directory: /Users/saurabh/PL/exp2/storybook-static
│
└  Storybook build completed successfully

