
> design@0.0.0 storybook:build
> storybook build


┌  Building storybook v10.6.0
│
◇  Cleaning outputDir: storybook-static
│
◇  Loading presets
│
◇  Building manager..
│
●  Building open services..
│
●  Building preview..
│
▲  No story files found for the specified pattern:
│  design/stories/**/*.mdx
│  Vite vite v5.4.21 building for production...
│  Vite transforming...
│
●  Copying static files: public at storybook-static
│
▲  Vite
│  A PostCSS plugin did not pass the `from` option to `postcss.parse`.
│  This may cause imported assets to be incorrectly transformed. If
│  you've recently added a PostCSS plugin that raised this warning,
│  please contact the package author to fix the issue.
│  Vite ✓ 4433 modules transformed.
│  Vite rendering chunks...
│  Vite computing gzip size...
│  Vite storybook-static/iframe.html
│  19.25 kB │ gzip:   5.32 kB
│  Vite storybook-static/assets/pdf.worker.min-yatZIOMy.mjs
│  1,375.84 kB
│  Vite storybook-static/assets/iframe-CFsPIzoX.css
│  133.08 kB │ gzip:  22.18 kB
│  Vite storybook-static/assets/constants-CBpXd0Y3.js
│  0.04 kB │ gzip:   0.06 kB
│  Vite storybook-static/assets/pdf.worker.min-DgRcL-GR.js
│  0.09 kB │ gzip:   0.11 kB
│  Vite storybook-static/assets/roleAccess-Ovt14rZi.js
│  0.14 kB │ gzip:   0.13 kB
│  Vite storybook-static/assets/index-D17hSi50.js
│  0.15 kB │ gzip:   0.15 kB
│  Vite storybook-static/assets/formatter-L2YTDE3Q-DgR3JcBg.js
│  0.26 kB │ gzip:   0.22 kB
│  Vite storybook-static/assets/IdeaDraftPage-BgB2np8x.js
│  0.27 kB │ gzip:   0.23 kB
│  Vite storybook-static/assets/chevron-up-2eY_B96V.js
│  0.29 kB │ gzip:   0.25 kB
│  Vite storybook-static/assets/chevron-down-DWYG-A2P.js
│  0.30 kB │ gzip:   0.25 kB
│  Vite storybook-static/assets/plus-CC4ngdJR.js
│  0.32 kB │ gzip:   0.25 kB
│  Vite storybook-static/assets/use-mobile-DgXC8ZUB.js
│  0.33 kB │ gzip:   0.24 kB
│  Vite storybook-static/assets/filter-cCPXvv_A.js
│  0.33 kB │ gzip:   0.26 kB
│  Vite storybook-static/assets/arrow-right-BpyfnPr7.js
│  0.33 kB │ gzip:   0.26 kB
│  Vite storybook-static/assets/search-nL1ChOvn.js
│  0.34 kB │ gzip:   0.27 kB
│  Vite storybook-static/assets/circle-check-CzBUwvn_.js
│  0.35 kB │ gzip:   0.27 kB
│  Vite storybook-static/assets/clock-BHzrZnRW.js
│  0.35 kB │ gzip:   0.27 kB
│  Vite storybook-static/assets/mail-KugRxdTJ.js
│  0.38 kB │ gzip:   0.30 kB
│  Vite storybook-static/assets/columns-3-Tf7ltWgm.js
│  0.39 kB │ gzip:   0.29 kB
│  Vite storybook-static/assets/ellipsis-BSq7sK1k.js
│  0.40 kB │ gzip:   0.27 kB
│  Vite storybook-static/assets/actionsView-DiNVbgzf.js
│  0.41 kB │ gzip:   0.26 kB
│  Vite storybook-static/assets/arrow-up-down-EAaI_2sl.js
│  0.41 kB │ gzip:   0.29 kB
│  Vite storybook-static/assets/external-link-kEdTGyE8.js
│  0.42 kB │ gzip:   0.30 kB
│  Vite storybook-static/assets/message-square-text-BmiJtQ51.js
│  0.42 kB │ gzip:   0.30 kB
│  Vite storybook-static/assets/calendar-iHM1-LiK.js
│  0.42 kB │ gzip:   0.30 kB
│  Vite storybook-static/assets/upload-CAy0knA_.js
│  0.42 kB │ gzip:   0.31 kB
│  Vite storybook-static/assets/eye-DbBSBazm.js
│  0.43 kB │ gzip:   0.31 kB
│  Vite storybook-static/assets/link-DguJC8Sc.js
│  0.43 kB │ gzip:   0.30 kB
│  Vite storybook-static/assets/file-question-BJmmwQVE.js
│  0.44 kB │ gzip:   0.31 kB
│  Vite storybook-static/assets/pencil-Czeh8S7C.js
│  0.45 kB │ gzip:   0.33 kB
│  Vite storybook-static/assets/users-CJKD96OG.js
│  0.47 kB │ gzip:   0.33 kB
│  Vite storybook-static/assets/file-search-DaPODe1i.js
│  0.49 kB │ gzip:   0.34 kB
│  Vite storybook-static/assets/BlockedRedirect-B6C9Mv2d.js
│  0.49 kB │ gzip:   0.34 kB
│  Vite storybook-static/assets/file-text-uUIRIXad.js
│  0.50 kB │ gzip:   0.32 kB
│  Vite storybook-static/assets/trash-2-CRtMplDO.js
│  0.52 kB │ gzip:   0.34 kB
│  Vite storybook-static/assets/product-surfaces-CcH-nQeT.js
│  0.60 kB │ gzip:   0.32 kB
│  Vite storybook-static/assets/chevrons-right-BaAcrIIf.js
│  0.63 kB │ gzip:   0.30 kB
│  Vite storybook-static/assets/star-Dk_Eb038.js
│  0.64 kB │ gzip:   0.40 kB
│  Vite storybook-static/assets/dateRange-CBDP7qe6.js
│  0.65 kB │ gzip:   0.39 kB
│  Vite storybook-static/assets/label-C9gQkGnv.js
│  0.67 kB │ gzip:   0.46 kB
│  Vite storybook-static/assets/sparkles-CkRfV0bo.js
│  0.68 kB │ gzip:   0.40 kB
│  Vite storybook-static/assets/AuthLoadingOverlay-B4E-95i6.js
│  0.76 kB │ gzip:   0.47 kB
│  Vite storybook-static/assets/usePatentEventCompletion-C2w5ymar.js
│  0.76 kB │ gzip:   0.47 kB
│  Vite storybook-static/assets/rotate-ccw-B_TpZWiQ.js
│  0.79 kB │ gzip:   0.36 kB
│  Vite storybook-static/assets/pen-line-BtWtruxY.js
│  0.79 kB │ gzip:   0.41 kB
│  Vite storybook-static/assets/badge-BKcfL0ZR.js
│  0.80 kB │ gzip:   0.43 kB
│  Vite storybook-static/assets/react-18-Nt_-rhzY.js
│  0.80 kB │ gzip:   0.48 kB
│  Vite storybook-static/assets/textarea-CVBm9yJv.js
│  0.82 kB │ gzip:   0.49 kB
│  Vite storybook-static/assets/s3Upload-CJxpkjlh.js
│  0.90 kB │ gzip:   0.47 kB
│  Vite storybook-static/assets/separator-DR4Hj6M9.js
│  0.95 kB │ gzip:   0.55 kB
│  Vite storybook-static/assets/badge.stories-lfcpymaW.js
│  1.03 kB │ gzip:   0.59 kB
│  Vite storybook-static/assets/preload-helper-C1FmrZbK.js
│  1.14 kB │ gzip:   0.68 kB
│  Vite storybook-static/assets/menu-radio-item-DzP2nT7K.js
│  1.14 kB │ gzip:   0.66 kB
│  Vite storybook-static/assets/save-BwPt8Kur.js
│  1.23 kB │ gzip:   0.51 kB
│  Vite storybook-static/assets/table-9RAcC8Cz.js
│  1.26 kB │ gzip:   0.46 kB
│  Vite storybook-static/assets/textarea.stories-CCNF-lEV.js
│  1.27 kB │ gzip:   0.70 kB
│  Vite storybook-static/assets/card.stories-BDaMKu1l.js
│  1.33 kB │ gzip:   0.67 kB
│  Vite storybook-static/assets/commonApi.service-0m9se8z-.js
│  1.37 kB │ gzip:   0.70 kB
│  Vite storybook-static/assets/StatusChip-Cb44sLXa.js
│  1.38 kB │ gzip:   0.74 kB
│  Vite storybook-static/assets/AuthField-CPPV8ldp.js
│  1.38 kB │ gzip:   0.74 kB
│  Vite storybook-static/assets/zoom-out-CId7ZF0A.js
│  1.40 kB │ gzip:   0.44 kB
│  Vite storybook-static/assets/tooltip.stories-C1K2oWOH.js
│  1.41 kB │ gzip:   0.69 kB
│  Vite storybook-static/assets/card-D8QdrrQI.js
│  1.48 kB │ gzip:   0.49 kB
│  Vite storybook-static/assets/switch.stories-D3SvPBmj.js
│  1.48 kB │ gzip:   0.74 kB
│  Vite storybook-static/assets/Loader-Bpe4nJhS.js
│  1.66 kB │ gzip:   0.70 kB
│  Vite storybook-static/assets/filter-button-D3LCznYi.js
│  1.74 kB │ gzip:   0.86 kB
│  Vite storybook-static/assets/patentLegalStatus-CXs_s3vP.js
│  1.77 kB │ gzip:   0.50 kB
│  Vite storybook-static/assets/Assistant.stories-Bflf5xT8.js
│  1.79 kB │ gzip:   0.93 kB
│  Vite storybook-static/assets/GradientBlobs-DWgKxCuL.js
│  1.83 kB │ gzip:   0.87 kB
│  Vite storybook-static/assets/documentText-CoYj-nzD.js
│  1.85 kB │ gzip:   0.98 kB
│  Vite storybook-static/assets/ActionDropdown-BqzxTboa.js
│  1.87 kB │ gzip:   0.93 kB
│  Vite storybook-static/assets/user-x-DmEUpSlo.js
│  1.89 kB │ gzip:   0.62 kB
│  Vite storybook-static/assets/radio-group.stories-CqqRnbTN.js
│  1.93 kB │ gzip:   0.92 kB
│  Vite storybook-static/assets/NotFound.stories-BWhrb998.js
│  2.04 kB │ gzip:   1.05 kB
│  Vite storybook-static/assets/dialog.stories-ChJssicE.js
│  2.07 kB │ gzip:   0.93 kB
│  Vite storybook-static/assets/globe-Bqdt5Isu.js
│  2.09 kB │ gzip:   0.67 kB
│  Vite storybook-static/assets/popover.stories-p9RVTugo.js
│  2.11 kB │ gzip:   1.02 kB
│  Vite storybook-static/assets/BrandIcons-CY178Vp6.js
│  2.15 kB │ gzip:   0.93 kB
│  Vite storybook-static/assets/collapsible-FRck8IYb.js
│  2.32 kB │ gzip:   1.03 kB
│  Vite storybook-static/assets/tabs.stories-BxjOazNk.js
│  2.35 kB │ gzip:   1.04 kB
│  Vite storybook-static/assets/checkbox.stories-D6AK62Ev.js
│  2.48 kB │ gzip:   0.94 kB
│  Vite storybook-static/assets/input.stories-D7RshUPM.js
│  2.50 kB │ gzip:   0.95 kB
│  Vite storybook-static/assets/progress-3A1-F_6t.js
│  2.62 kB │ gzip:   1.26 kB
│  Vite storybook-static/assets/input-CBbEdccB.js
│  2.72 kB │ gzip:   1.32 kB
│  Vite storybook-static/assets/menu-radio-item.stories-CWu0QOFQ.js
│  2.75 kB │ gzip:   1.32 kB
│  Vite storybook-static/assets/sheet-tvhUvLAs.js
│  2.75 kB │ gzip:   1.02 kB
│  Vite storybook-static/assets/user-DT-0b7Sz.js
│  2.84 kB │ gzip:   0.83 kB
│  Vite storybook-static/assets/product-chip-BOvQ-Q7P.js
│  2.88 kB │ gzip:   1.01 kB
│  Vite storybook-static/assets/Chips.stories-Dd5CxPyj.js
│  2.89 kB │ gzip:   1.09 kB
│  Vite storybook-static/assets/product-chip.stories-CsLBfvBU.js
│  2.92 kB │ gzip:   1.26 kB
│  Vite storybook-static/assets/Patents.stories-gCzFCZoT.js
│  2.94 kB │ gzip:   1.27 kB
│  Vite storybook-static/assets/dateRange.stories-D4RFy3lA.js
│  2.99 kB │ gzip:   1.09 kB
│  Vite storybook-static/assets/alert-dialog.stories-DVa5e7bh.js
│  3.04 kB │ gzip:   1.17 kB
│  Vite storybook-static/assets/Button.stories-NCgWE_Eu.js
│  3.20 kB │ gzip:   1.05 kB
│  Vite storybook-static/assets/useMutation-DR_QIgke.js
│  3.22 kB │ gzip:   1.31 kB
│  Vite storybook-static/assets/misc-primitives.stories-DtPO0EW7.js
│  3.43 kB │ gzip:   1.27 kB
│  Vite storybook-static/assets/tabs-qtT6bUMV.js
│  3.48 kB │ gzip:   1.48 kB
│  Vite storybook-static/assets/StatusChip.stories-CSfbPya6.js
│  3.51 kB │ gzip:   1.39 kB
│  Vite storybook-static/assets/shield-check-5XD3Ts50.js
│  3.63 kB │ gzip:   1.11 kB
│  Vite storybook-static/assets/ReviewQueueWorkspace.stories-D7h0Cmcw.js
│  3.70 kB │ gzip:   1.14 kB
│  Vite storybook-static/assets/States.stories-B8FPmApj.js
│  3.78 kB │ gzip:   1.59 kB
│  Vite storybook-static/assets/button.stories-BaxFYBcs.js
│  3.79 kB │ gzip:   1.31 kB
│  Vite storybook-static/assets/DateRangeFilter-DeX1Pyy_.js
│  3.83 kB │ gzip:   1.27 kB
│  Vite storybook-static/assets/Dashboard.stories-OHHVGrVP.js
│  4.14 kB │ gzip:   1.43 kB
│  Vite storybook-static/assets/switch-C4qlyoxl.js
│  4.23 kB │ gzip:   1.84 kB
│  Vite storybook-static/assets/alert-dialog-BgNL0dn8.js
│  4.24 kB │ gzip:   1.40 kB
│  Vite storybook-static/assets/checkbox-BXs2_-jP.js
│  4.50 kB │ gzip:   1.96 kB
│  Vite storybook-static/assets/filter-button.stories-CtLncIio.js
│  4.51 kB │ gzip:   1.59 kB
│  Vite storybook-static/assets/tokens.tailwind-lbOp-r2d.js
│  4.64 kB │ gzip:   1.78 kB
│  Vite storybook-static/assets/BrandIcons.stories-DW04TpF0.js
│  4.97 kB │ gzip:   1.84 kB
│  Vite storybook-static/assets/popover-Dv3Lh27n.js
│  5.13 kB │ gzip:   1.98 kB
│  Vite storybook-static/assets/GradientBlobs.stories-DZ--5zvK.js
│  5.51 kB │ gzip:   1.79 kB
│  Vite storybook-static/assets/DateRangeFilter.stories-lYwsTcrU.js
│  5.76 kB │ gzip:   1.88 kB
│  Vite storybook-static/assets/radio-group-Bq6DyHaQ.js
│  6.08 kB │ gzip:   2.44 kB
│  Vite storybook-static/assets/AuthLoadingOverlay.stories-BNDDU04t.js
│  6.11 kB │ gzip:   2.24 kB
│  Vite storybook-static/assets/PatentFieldsForm-enBWJAwz.js
│  6.13 kB │ gzip:   2.09 kB
│  Vite storybook-static/assets/Inputs.stories-BIxk7DnV.js
│  6.59 kB │ gzip:   1.97 kB
│  Vite storybook-static/assets/Surfaces.stories-Bmk9npwW.js
│  7.06 kB │ gzip:   2.24 kB
│  Vite storybook-static/assets/IdeaSubmissionModal-CQnoL2cB.js
│  7.85 kB │ gzip:   3.17 kB
│  Vite storybook-static/assets/LinkedIdeaBadge.stories-BDsqqRrp.js
│  7.92 kB │ gzip:   2.85 kB
│  Vite storybook-static/assets/actionsView.stories-MNtfSoh9.js
│  8.09 kB │ gzip:   2.80 kB
│  Vite storybook-static/assets/PatentFieldsForm.stories-BLWrYEVf.js
│  8.17 kB │ gzip:   2.55 kB
│  Vite storybook-static/assets/Overlays.stories-SKarcvsz.js
│  8.55 kB │ gzip:   2.46 kB
│  Vite storybook-static/assets/Ideas.stories-BmurYJb4.js
│  8.89 kB │ gzip:   2.43 kB
│  Vite storybook-static/assets/StartIdea.stories-DuHyNbk8.js
│  9.56 kB │ gzip:   2.75 kB
│  Vite storybook-static/assets/InventorHome.stories-CgeehsDI.js
│  9.64 kB │ gzip:   2.39 kB
│  Vite storybook-static/assets/Evaluation.stories-pKWv-Wfy.js
│  11.32 kB │ gzip:   2.78 kB
│  Vite storybook-static/assets/ReviewDecision.stories-CIo4snGS.js
│  12.44 kB │ gzip:   2.95 kB
│  Vite storybook-static/assets/scroll-area-CN5v4mUz.js
│  13.80 kB │ gzip:   4.37 kB
│  Vite storybook-static/assets/command-BRtcXEsc.js
│  14.05 kB │ gzip:   5.26 kB
│  Vite storybook-static/assets/DisclosureWorkspace.stories-Bnd4Iafk.js
│  14.37 kB │ gzip:   3.36 kB
│  Vite storybook-static/assets/IdeasPage-B0twvcPR.js
│  14.78 kB │ gzip:   5.06 kB
│  Vite storybook-static/assets/Login.stories-BD4y3rCh.js
│  14.78 kB │ gzip:   4.85 kB
│  Vite storybook-static/assets/PatentPortfolio.stories-BM1smVpC.js
│  16.98 kB │ gzip:   3.57 kB
│  Vite storybook-static/assets/index-C2ATML49.js
│  17.00 kB │ gzip:   6.40 kB
│  Vite storybook-static/assets/Radius.stories-DjL4fLCh.js
│  17.42 kB │ gzip:   4.82 kB
│  Vite storybook-static/assets/format-B8qhVQYN.js
│  20.23 kB │ gzip:   5.66 kB
│  Vite
│  storybook-static/assets/WorkspaceAdminDashboard.stories-B5Lb0hyT.js
│  21.74 kB │ gzip:   4.56 kB
│  Vite storybook-static/assets/select-BeWAF7HE.js
│  22.34 kB │ gzip:   7.74 kB
│  Vite storybook-static/assets/Auth.stories-D9fKC5gZ.js
│  23.64 kB │ gzip:   6.28 kB
│  Vite storybook-static/vite-inject-mocker-entry.js
│  28.53 kB │ gzip:   9.89 kB
│  Vite storybook-static/assets/matchers-JIUQ3HVY-CAdg16Fl.js
│  29.35 kB │ gzip:  10.00 kB
│  Vite storybook-static/assets/Color-6AOWCN3U-DgJuugzN.js
│  30.37 kB │ gzip:  11.38 kB
│  Vite storybook-static/assets/WithTooltip-CDUNV5IS-CUveY96v.js
│  33.21 kB │ gzip:  11.65 kB
│  Vite storybook-static/assets/Actions.stories-DEhsytkM.js
│  35.70 kB │ gzip:   9.15 kB
│  Vite storybook-static/assets/ReviewQueueWorkspace-BUjDIoQ-.js
│  36.45 kB │ gzip:  11.70 kB
│  Vite storybook-static/assets/ClientsPage-ClEi4URS.js
│  44.30 kB │ gzip:  11.00 kB
│  Vite storybook-static/assets/Tokens.stories-CcC8T6NR.js
│  46.36 kB │ gzip:  10.68 kB
│  Vite storybook-static/assets/DraftWorkspace-BMibtnlp.js
│  49.33 kB │ gzip:  14.94 kB
│  Vite storybook-static/assets/DueDates.stories-u_JtFX6C.js
│  55.59 kB │ gzip:  13.28 kB
│  Vite storybook-static/assets/IdeaDetail.stories-2bGexE7x.js
│  56.82 kB │ gzip:  14.11 kB
│  Vite storybook-static/assets/moment-C5S46NFB.js
│  60.81 kB │ gzip:  19.58 kB
│  Vite storybook-static/assets/index.esm-DbYTI6mR.js
│  70.53 kB │ gzip:  22.79 kB
│  Vite storybook-static/assets/PatentsPage-lJoXH9Hp.js
│  74.34 kB │ gzip:  18.52 kB
│  Vite storybook-static/assets/syntaxhighlighter-4REYKNEV-CvVXh3-J.js
│  77.81 kB │ gzip:  26.99 kB
│  Vite storybook-static/assets/proxy-C7YMiL-X.js
│  124.76 kB │ gzip:  40.70 kB
│  Vite storybook-static/assets/Clients.stories-D4tKh8ko.js
│  136.17 kB │ gzip:  43.45 kB
│  Vite storybook-static/assets/Workspace.stories-DRsapmf0.js
│  182.59 kB │ gzip:  47.31 kB
│  Vite storybook-static/assets/pdf-BnPRJEQ6.js
│  365.12 kB │ gzip: 107.40 kB
│  Vite storybook-static/assets/mammoth.browser-BGafslqg.js
│  499.90 kB │ gzip: 124.75 kB
│  Vite storybook-static/assets/axe-B0VrRH-p.js
│  601.10 kB │ gzip: 165.31 kB
│  Vite storybook-static/assets/Index-DsjR9RMC.js
│  621.31 kB │ gzip: 171.69 kB
│  Vite storybook-static/assets/Foundations.stories-DkXdLmBo.js
│  755.26 kB │ gzip: 136.13 kB
│  Vite storybook-static/assets/DocsRenderer-JROSPFPF-Bvc-0J9O.js
│  850.65 kB │ gzip: 270.37 kB
│  Vite storybook-static/assets/iframe-DcgERh2q.js
│  2,430.96 kB │ gzip: 727.05 kB
│
▲  Vite
│  (!) Some chunks are larger than 500 kB after minification. Consider:
│  - Using dynamic import() to code-split the application
│  - Use build.rollupOptions.output.manualChunks to improve chunking:
│  ]8;;https://rollupjs.org/configuration-options/#output-manualchunkshttps://rollupjs.org/configuration-options/#output-manualchunks]8;;
│  - Adjust chunk size limit for this warning via
│  build.chunkSizeWarningLimit.
│  Vite ✓ built in 11.90s
│
◇  Output directory: /Users/saurabh/PL/exp2/storybook-static
│
└  Storybook build completed successfully

