
> design@0.0.0 storybook:build
> storybook build


┌  Building storybook v10.6.0
│
◇  Cleaning outputDir: storybook-static
│
◇  Loading presets
│
◇  Building manager..
│
●  Building open services..
│
●  Building preview..
│
▲  No story files found for the specified pattern:
│  design/stories/**/*.mdx
│  Vite vite v5.4.21 building for production...
│  Vite transforming...
│
●  Copying static files: public at storybook-static
│
▲  Vite
│  A PostCSS plugin did not pass the `from` option to `postcss.parse`.
│  This may cause imported assets to be incorrectly transformed. If
│  you've recently added a PostCSS plugin that raised this warning,
│  please contact the package author to fix the issue.
│  Vite ✓ 4433 modules transformed.
│  Vite rendering chunks...
│  Vite computing gzip size...
│  Vite storybook-static/iframe.html
│  19.25 kB │ gzip:   5.31 kB
│  Vite storybook-static/assets/pdf.worker.min-yatZIOMy.mjs
│  1,375.84 kB
│  Vite storybook-static/assets/iframe-CyiAtiup.css
│  133.51 kB │ gzip:  22.20 kB
│  Vite storybook-static/assets/constants-CBpXd0Y3.js
│  0.04 kB │ gzip:   0.06 kB
│  Vite storybook-static/assets/pdf.worker.min-DgRcL-GR.js
│  0.09 kB │ gzip:   0.11 kB
│  Vite storybook-static/assets/roleAccess-Ovt14rZi.js
│  0.14 kB │ gzip:   0.13 kB
│  Vite storybook-static/assets/index-D17hSi50.js
│  0.15 kB │ gzip:   0.15 kB
│  Vite storybook-static/assets/formatter-L2YTDE3Q-BMWC2JYm.js
│  0.26 kB │ gzip:   0.22 kB
│  Vite storybook-static/assets/IdeaDraftPage-BLWDlgoc.js
│  0.27 kB │ gzip:   0.23 kB
│  Vite storybook-static/assets/chevron-up-DxdlZPqF.js
│  0.29 kB │ gzip:   0.25 kB
│  Vite storybook-static/assets/chevron-down-7zLPd_D9.js
│  0.30 kB │ gzip:   0.25 kB
│  Vite storybook-static/assets/plus-DQHQtg6i.js
│  0.32 kB │ gzip:   0.25 kB
│  Vite storybook-static/assets/use-mobile-DKLGaJpl.js
│  0.33 kB │ gzip:   0.24 kB
│  Vite storybook-static/assets/filter-DBWg99_w.js
│  0.33 kB │ gzip:   0.26 kB
│  Vite storybook-static/assets/arrow-right-BAHMZBYO.js
│  0.33 kB │ gzip:   0.26 kB
│  Vite storybook-static/assets/search-Ca4pSLrQ.js
│  0.34 kB │ gzip:   0.27 kB
│  Vite storybook-static/assets/circle-check-q_4ccHhY.js
│  0.35 kB │ gzip:   0.27 kB
│  Vite storybook-static/assets/clock-DaWtqgMW.js
│  0.35 kB │ gzip:   0.27 kB
│  Vite storybook-static/assets/mail-e8aUMUUN.js
│  0.38 kB │ gzip:   0.30 kB
│  Vite storybook-static/assets/columns-3-Cld0UbLI.js
│  0.39 kB │ gzip:   0.29 kB
│  Vite storybook-static/assets/ellipsis-CfYnzVdy.js
│  0.40 kB │ gzip:   0.27 kB
│  Vite storybook-static/assets/actionsView-DiNVbgzf.js
│  0.41 kB │ gzip:   0.26 kB
│  Vite storybook-static/assets/arrow-up-down-CMMzNE5I.js
│  0.41 kB │ gzip:   0.29 kB
│  Vite storybook-static/assets/external-link-CCJvYYuV.js
│  0.42 kB │ gzip:   0.30 kB
│  Vite storybook-static/assets/message-square-text-Dbu9Anqn.js
│  0.42 kB │ gzip:   0.30 kB
│  Vite storybook-static/assets/calendar-Bv54DDMd.js
│  0.42 kB │ gzip:   0.30 kB
│  Vite storybook-static/assets/upload-rIoaVw-w.js
│  0.42 kB │ gzip:   0.31 kB
│  Vite storybook-static/assets/eye-BuIQsiIU.js
│  0.43 kB │ gzip:   0.31 kB
│  Vite storybook-static/assets/link-CzEhaash.js
│  0.43 kB │ gzip:   0.30 kB
│  Vite storybook-static/assets/file-question-Cul_NFjq.js
│  0.44 kB │ gzip:   0.31 kB
│  Vite storybook-static/assets/pencil-B6TVg9GY.js
│  0.45 kB │ gzip:   0.33 kB
│  Vite storybook-static/assets/users-E5b6yJH7.js
│  0.47 kB │ gzip:   0.33 kB
│  Vite storybook-static/assets/file-search-Dj4Qdb_Z.js
│  0.49 kB │ gzip:   0.34 kB
│  Vite storybook-static/assets/BlockedRedirect-DeRYA5BE.js
│  0.49 kB │ gzip:   0.34 kB
│  Vite storybook-static/assets/file-text-CTKlZ6wV.js
│  0.50 kB │ gzip:   0.32 kB
│  Vite storybook-static/assets/trash-2-DkVCVIOc.js
│  0.52 kB │ gzip:   0.34 kB
│  Vite storybook-static/assets/product-surfaces-CcH-nQeT.js
│  0.60 kB │ gzip:   0.32 kB
│  Vite storybook-static/assets/chevrons-right-DK4lyFED.js
│  0.63 kB │ gzip:   0.30 kB
│  Vite storybook-static/assets/star-DUsIZYXk.js
│  0.64 kB │ gzip:   0.40 kB
│  Vite storybook-static/assets/dateRange-CBDP7qe6.js
│  0.65 kB │ gzip:   0.39 kB
│  Vite storybook-static/assets/label-lD2Kjaja.js
│  0.67 kB │ gzip:   0.46 kB
│  Vite storybook-static/assets/sparkles-KFe4qDRN.js
│  0.68 kB │ gzip:   0.40 kB
│  Vite storybook-static/assets/AuthLoadingOverlay-DRwKGNVn.js
│  0.76 kB │ gzip:   0.47 kB
│  Vite storybook-static/assets/usePatentEventCompletion-BfbO_2Hs.js
│  0.76 kB │ gzip:   0.46 kB
│  Vite storybook-static/assets/rotate-ccw-CG72ww9m.js
│  0.79 kB │ gzip:   0.36 kB
│  Vite storybook-static/assets/pen-line-Hbzk58eo.js
│  0.79 kB │ gzip:   0.41 kB
│  Vite storybook-static/assets/badge-D_iAvow2.js
│  0.80 kB │ gzip:   0.43 kB
│  Vite storybook-static/assets/react-18-BJXnEpMQ.js
│  0.80 kB │ gzip:   0.48 kB
│  Vite storybook-static/assets/textarea-CX76Vbyb.js
│  0.82 kB │ gzip:   0.49 kB
│  Vite storybook-static/assets/s3Upload-DlkObwuH.js
│  0.90 kB │ gzip:   0.47 kB
│  Vite storybook-static/assets/separator-BgFjn_xW.js
│  0.95 kB │ gzip:   0.55 kB
│  Vite storybook-static/assets/badge.stories-B-v4qlhj.js
│  1.03 kB │ gzip:   0.59 kB
│  Vite storybook-static/assets/preload-helper-C1FmrZbK.js
│  1.14 kB │ gzip:   0.68 kB
│  Vite storybook-static/assets/menu-radio-item-D1NV8nh6.js
│  1.14 kB │ gzip:   0.66 kB
│  Vite storybook-static/assets/save-BYRIAfOl.js
│  1.23 kB │ gzip:   0.51 kB
│  Vite storybook-static/assets/table-X3tGoBmw.js
│  1.26 kB │ gzip:   0.46 kB
│  Vite storybook-static/assets/textarea.stories-C7WnJyLA.js
│  1.27 kB │ gzip:   0.69 kB
│  Vite storybook-static/assets/card.stories-CDQIXbwh.js
│  1.33 kB │ gzip:   0.67 kB
│  Vite storybook-static/assets/commonApi.service-Bakt1-hW.js
│  1.37 kB │ gzip:   0.70 kB
│  Vite storybook-static/assets/StatusChip-CLttripI.js
│  1.38 kB │ gzip:   0.74 kB
│  Vite storybook-static/assets/AuthField-Bw_AWVUw.js
│  1.38 kB │ gzip:   0.73 kB
│  Vite storybook-static/assets/zoom-out-BpMJBmKv.js
│  1.40 kB │ gzip:   0.44 kB
│  Vite storybook-static/assets/tooltip.stories-Blj9tWKR.js
│  1.41 kB │ gzip:   0.69 kB
│  Vite storybook-static/assets/card-BF3q9vRZ.js
│  1.48 kB │ gzip:   0.49 kB
│  Vite storybook-static/assets/switch.stories-Dz3dgE1w.js
│  1.48 kB │ gzip:   0.74 kB
│  Vite storybook-static/assets/Loader-DB2meJY4.js
│  1.66 kB │ gzip:   0.70 kB
│  Vite storybook-static/assets/filter-button-BQaQSVEw.js
│  1.74 kB │ gzip:   0.86 kB
│  Vite storybook-static/assets/patentLegalStatus-CXs_s3vP.js
│  1.77 kB │ gzip:   0.50 kB
│  Vite storybook-static/assets/Assistant.stories-Dl3mLMnt.js
│  1.79 kB │ gzip:   0.93 kB
│  Vite storybook-static/assets/GradientBlobs-QmtgGgl_.js
│  1.83 kB │ gzip:   0.87 kB
│  Vite storybook-static/assets/documentText-wFGr35-F.js
│  1.85 kB │ gzip:   0.98 kB
│  Vite storybook-static/assets/ActionDropdown-BO_B4juO.js
│  1.87 kB │ gzip:   0.93 kB
│  Vite storybook-static/assets/user-x-BniUhsFC.js
│  1.89 kB │ gzip:   0.62 kB
│  Vite storybook-static/assets/radio-group.stories-OI6BEg0v.js
│  1.93 kB │ gzip:   0.92 kB
│  Vite storybook-static/assets/NotFound.stories--D82J_yB.js
│  2.04 kB │ gzip:   1.05 kB
│  Vite storybook-static/assets/dialog.stories-5fhww0be.js
│  2.07 kB │ gzip:   0.93 kB
│  Vite storybook-static/assets/globe-Cg_c5OlW.js
│  2.09 kB │ gzip:   0.67 kB
│  Vite storybook-static/assets/popover.stories-iSAdYSaI.js
│  2.11 kB │ gzip:   1.02 kB
│  Vite storybook-static/assets/BrandIcons-DSZB1Rex.js
│  2.15 kB │ gzip:   0.93 kB
│  Vite storybook-static/assets/collapsible-CD3zgn_k.js
│  2.32 kB │ gzip:   1.03 kB
│  Vite storybook-static/assets/tabs.stories-CkLz58_P.js
│  2.35 kB │ gzip:   1.04 kB
│  Vite storybook-static/assets/checkbox.stories-C18Gk5Ma.js
│  2.48 kB │ gzip:   0.94 kB
│  Vite storybook-static/assets/input.stories-BFdsaOey.js
│  2.50 kB │ gzip:   0.95 kB
│  Vite storybook-static/assets/progress-crg9Unyr.js
│  2.62 kB │ gzip:   1.26 kB
│  Vite storybook-static/assets/input-BqbllJQi.js
│  2.72 kB │ gzip:   1.32 kB
│  Vite storybook-static/assets/menu-radio-item.stories-D75JtUEG.js
│  2.75 kB │ gzip:   1.32 kB
│  Vite storybook-static/assets/sheet-BjoRi2EB.js
│  2.75 kB │ gzip:   1.02 kB
│  Vite storybook-static/assets/user-Che5P5_Z.js
│  2.84 kB │ gzip:   0.83 kB
│  Vite storybook-static/assets/product-chip-CltzCrZM.js
│  2.88 kB │ gzip:   1.01 kB
│  Vite storybook-static/assets/Chips.stories-CV0sGdjf.js
│  2.89 kB │ gzip:   1.09 kB
│  Vite storybook-static/assets/product-chip.stories-DJL0N0o0.js
│  2.92 kB │ gzip:   1.26 kB
│  Vite storybook-static/assets/Patents.stories-DcJontzZ.js
│  2.94 kB │ gzip:   1.28 kB
│  Vite storybook-static/assets/dateRange.stories-DLJ987Gl.js
│  2.99 kB │ gzip:   1.09 kB
│  Vite storybook-static/assets/alert-dialog.stories-BR8iexy1.js
│  3.04 kB │ gzip:   1.17 kB
│  Vite storybook-static/assets/Button.stories-psScRM4e.js
│  3.20 kB │ gzip:   1.05 kB
│  Vite storybook-static/assets/useMutation-nHQoJKSa.js
│  3.22 kB │ gzip:   1.31 kB
│  Vite storybook-static/assets/misc-primitives.stories-Cwv__2LO.js
│  3.43 kB │ gzip:   1.27 kB
│  Vite storybook-static/assets/tabs-DXmSPhXg.js
│  3.48 kB │ gzip:   1.48 kB
│  Vite storybook-static/assets/StatusChip.stories-B68sSNVU.js
│  3.51 kB │ gzip:   1.39 kB
│  Vite storybook-static/assets/shield-check-IbNdgMeU.js
│  3.63 kB │ gzip:   1.11 kB
│  Vite storybook-static/assets/ReviewQueueWorkspace.stories-C15Nykux.js
│  3.70 kB │ gzip:   1.14 kB
│  Vite storybook-static/assets/States.stories-BPhVxjdg.js
│  3.78 kB │ gzip:   1.60 kB
│  Vite storybook-static/assets/button.stories-CwnPiLZu.js
│  3.79 kB │ gzip:   1.31 kB
│  Vite storybook-static/assets/DateRangeFilter-x3AH_Rd8.js
│  3.83 kB │ gzip:   1.27 kB
│  Vite storybook-static/assets/Dashboard.stories-CXRqLvR4.js
│  4.14 kB │ gzip:   1.43 kB
│  Vite storybook-static/assets/switch-BTtlXury.js
│  4.23 kB │ gzip:   1.84 kB
│  Vite storybook-static/assets/alert-dialog-Oq00cPEW.js
│  4.24 kB │ gzip:   1.40 kB
│  Vite storybook-static/assets/checkbox-IEtFYHWG.js
│  4.50 kB │ gzip:   1.96 kB
│  Vite storybook-static/assets/filter-button.stories-DZpstgE0.js
│  4.51 kB │ gzip:   1.59 kB
│  Vite storybook-static/assets/tokens.tailwind-lbOp-r2d.js
│  4.64 kB │ gzip:   1.78 kB
│  Vite storybook-static/assets/BrandIcons.stories-gcu4Pdmh.js
│  4.97 kB │ gzip:   1.84 kB
│  Vite storybook-static/assets/popover-z4_8Wd6j.js
│  5.13 kB │ gzip:   1.98 kB
│  Vite storybook-static/assets/GradientBlobs.stories-DkVcLdDh.js
│  5.51 kB │ gzip:   1.79 kB
│  Vite storybook-static/assets/DateRangeFilter.stories-CGz5nqmP.js
│  5.76 kB │ gzip:   1.88 kB
│  Vite storybook-static/assets/radio-group-DYbLTfx_.js
│  6.08 kB │ gzip:   2.44 kB
│  Vite storybook-static/assets/AuthLoadingOverlay.stories-BYHNlj-l.js
│  6.11 kB │ gzip:   2.24 kB
│  Vite storybook-static/assets/PatentFieldsForm-DE2Q2v-u.js
│  6.13 kB │ gzip:   2.09 kB
│  Vite storybook-static/assets/Inputs.stories-Zw68ucnj.js
│  6.59 kB │ gzip:   1.97 kB
│  Vite storybook-static/assets/Surfaces.stories-LjLUXM0p.js
│  7.06 kB │ gzip:   2.23 kB
│  Vite storybook-static/assets/IdeaSubmissionModal-BVC0kAqz.js
│  7.84 kB │ gzip:   3.17 kB
│  Vite storybook-static/assets/LinkedIdeaBadge.stories-DhKxMamb.js
│  7.92 kB │ gzip:   2.85 kB
│  Vite storybook-static/assets/actionsView.stories-Dux05IX8.js
│  8.09 kB │ gzip:   2.80 kB
│  Vite storybook-static/assets/PatentFieldsForm.stories-DyW1fxBI.js
│  8.17 kB │ gzip:   2.55 kB
│  Vite storybook-static/assets/Overlays.stories-BjF_9k-v.js
│  8.55 kB │ gzip:   2.46 kB
│  Vite storybook-static/assets/Ideas.stories-D1ukSWqX.js
│  8.89 kB │ gzip:   2.43 kB
│  Vite storybook-static/assets/StartIdea.stories-5PtyuDw4.js
│  9.56 kB │ gzip:   2.75 kB
│  Vite storybook-static/assets/InventorHome.stories-De8cs3Jw.js
│  9.64 kB │ gzip:   2.40 kB
│  Vite storybook-static/assets/Evaluation.stories-C8po4Q1K.js
│  11.32 kB │ gzip:   2.78 kB
│  Vite storybook-static/assets/ReviewDecision.stories-JvAAUOuF.js
│  12.44 kB │ gzip:   2.95 kB
│  Vite storybook-static/assets/scroll-area-Eh7HUTI4.js
│  13.80 kB │ gzip:   4.37 kB
│  Vite storybook-static/assets/command-Dp8nsRsl.js
│  14.05 kB │ gzip:   5.26 kB
│  Vite storybook-static/assets/DisclosureWorkspace.stories-DEt19JEK.js
│  14.37 kB │ gzip:   3.36 kB
│  Vite storybook-static/assets/IdeasPage-D7xpKgTH.js
│  14.78 kB │ gzip:   5.07 kB
│  Vite storybook-static/assets/Login.stories-CCe2uH86.js
│  14.78 kB │ gzip:   4.85 kB
│  Vite storybook-static/assets/index-BFBstGmr.js
│  17.00 kB │ gzip:   6.40 kB
│  Vite storybook-static/assets/Radius.stories-Dd6OHzme.js
│  17.42 kB │ gzip:   4.82 kB
│  Vite storybook-static/assets/PatentPortfolio.stories-D2rsjNJu.js
│  19.18 kB │ gzip:   3.90 kB
│  Vite storybook-static/assets/format-B8qhVQYN.js
│  20.23 kB │ gzip:   5.66 kB
│  Vite
│  storybook-static/assets/WorkspaceAdminDashboard.stories-BYJUnPXO.js
│  21.74 kB │ gzip:   4.57 kB
│  Vite storybook-static/assets/select-BjHDwVH0.js
│  22.34 kB │ gzip:   7.74 kB
│  Vite storybook-static/assets/Auth.stories-naNR1u5u.js
│  23.64 kB │ gzip:   6.28 kB
│  Vite storybook-static/vite-inject-mocker-entry.js
│  28.53 kB │ gzip:   9.89 kB
│  Vite storybook-static/assets/matchers-JIUQ3HVY-CAdg16Fl.js
│  29.35 kB │ gzip:  10.00 kB
│  Vite storybook-static/assets/Color-6AOWCN3U-CUv8ISfa.js
│  30.37 kB │ gzip:  11.38 kB
│  Vite storybook-static/assets/WithTooltip-CDUNV5IS-DgUmW_An.js
│  33.21 kB │ gzip:  11.65 kB
│  Vite storybook-static/assets/Actions.stories-y4D_173N.js
│  35.70 kB │ gzip:   9.15 kB
│  Vite storybook-static/assets/ReviewQueueWorkspace-6xKj8wN1.js
│  36.45 kB │ gzip:  11.70 kB
│  Vite storybook-static/assets/ClientsPage-CpuNX8Ii.js
│  44.30 kB │ gzip:  11.01 kB
│  Vite storybook-static/assets/Tokens.stories-Dv9AuZUA.js
│  46.36 kB │ gzip:  10.68 kB
│  Vite storybook-static/assets/DraftWorkspace-BlyILwtW.js
│  49.33 kB │ gzip:  14.95 kB
│  Vite storybook-static/assets/DueDates.stories-CkfexUq5.js
│  55.59 kB │ gzip:  13.29 kB
│  Vite storybook-static/assets/IdeaDetail.stories-Bhmb07gD.js
│  56.82 kB │ gzip:  14.11 kB
│  Vite storybook-static/assets/moment-C5S46NFB.js
│  60.81 kB │ gzip:  19.58 kB
│  Vite storybook-static/assets/index.esm-D548jqLj.js
│  70.53 kB │ gzip:  22.79 kB
│  Vite storybook-static/assets/PatentsPage-DvkJBEhX.js
│  74.64 kB │ gzip:  18.59 kB
│  Vite storybook-static/assets/syntaxhighlighter-4REYKNEV-vxXBDJd_.js
│  77.81 kB │ gzip:  27.00 kB
│  Vite storybook-static/assets/proxy-CYSZ1myR.js
│  124.76 kB │ gzip:  40.70 kB
│  Vite storybook-static/assets/Clients.stories-05qgSgnY.js
│  136.17 kB │ gzip:  43.45 kB
│  Vite storybook-static/assets/Workspace.stories-B2xJqFUS.js
│  182.59 kB │ gzip:  47.30 kB
│  Vite storybook-static/assets/pdf-BnPRJEQ6.js
│  365.12 kB │ gzip: 107.40 kB
│  Vite storybook-static/assets/mammoth.browser-eHvniK0f.js
│  499.90 kB │ gzip: 124.75 kB
│  Vite storybook-static/assets/axe-DgmNXUvR.js
│  601.10 kB │ gzip: 165.31 kB
│  Vite storybook-static/assets/Index-D-TuA2L6.js
│  621.31 kB │ gzip: 171.69 kB
│  Vite storybook-static/assets/Foundations.stories-X8ZkG0pb.js
│  755.26 kB │ gzip: 136.13 kB
│  Vite storybook-static/assets/DocsRenderer-JROSPFPF-DiVYbBye.js
│  850.65 kB │ gzip: 270.37 kB
│  Vite storybook-static/assets/iframe-Bew-HBKm.js
│  2,431.03 kB │ gzip: 727.16 kB
│
▲  Vite
│  (!) Some chunks are larger than 500 kB after minification. Consider:
│  - Using dynamic import() to code-split the application
│  - Use build.rollupOptions.output.manualChunks to improve chunking:
│  ]8;;https://rollupjs.org/configuration-options/#output-manualchunkshttps://rollupjs.org/configuration-options/#output-manualchunks]8;;
│  - Adjust chunk size limit for this warning via
│  build.chunkSizeWarningLimit.
│  Vite ✓ built in 11.06s
│
◇  Output directory: /Users/saurabh/PL/exp2/storybook-static
│
└  Storybook build completed successfully

