
> design@0.0.0 build:design
> vite build --config vite.design.config.ts

vite v5.4.21 building for production...
transforming...

A PostCSS plugin did not pass the `from` option to `postcss.parse`. This may cause imported assets to be incorrectly transformed. If you've recently added a PostCSS plugin that raised this warning, please contact the package author to fix the issue.
✓ 4177 modules transformed.
rendering chunks...
computing gzip size...
dist/index.html                                       1.33 kB │ gzip:   0.52 kB
dist/assets/pdf.worker.min-yatZIOMy.mjs           1,375.84 kB
dist/assets/style-DTLpdRlW.css                        0.37 kB │ gzip:   0.21 kB
dist/assets/main-D3r7bbqq.css                       133.12 kB │ gzip:  22.08 kB
dist/assets/constants-CBpXd0Y3.js                     0.04 kB │ gzip:   0.06 kB
dist/assets/pdf-vendor-CuWF6Yvx.js                    0.04 kB │ gzip:   0.06 kB
dist/assets/pdf.worker.min-ocdtAcA3.js                0.07 kB │ gzip:   0.09 kB
dist/assets/roleAccess-Ovt14rZi.js                    0.14 kB │ gzip:   0.13 kB
dist/assets/chevron-down-BQB31TiN.js                  0.30 kB │ gzip:   0.24 kB
dist/assets/BlockedRedirect-CfgfyLO6.js               0.31 kB │ gzip:   0.24 kB
dist/assets/plus-C12S12OS.js                          0.32 kB │ gzip:   0.25 kB
dist/assets/search-CAC1r_QF.js                        0.34 kB │ gzip:   0.27 kB
dist/assets/circle-check-BMFl4AkS.js                  0.34 kB │ gzip:   0.27 kB
dist/assets/separator-Dk43q2bN.js                     0.37 kB │ gzip:   0.27 kB
dist/assets/ProductPage-Ft6JmWb2.js                   0.38 kB │ gzip:   0.30 kB
dist/assets/ellipsis-ByyOonG1.js                      0.39 kB │ gzip:   0.26 kB
dist/assets/calendar-DUjQGKAx.js                      0.43 kB │ gzip:   0.30 kB
dist/assets/upload-CwsYWCJp.js                        0.43 kB │ gzip:   0.31 kB
dist/assets/pencil-CJCMtFpP.js                        0.44 kB │ gzip:   0.32 kB
dist/assets/users-Cyph3lAD.js                         0.47 kB │ gzip:   0.32 kB
dist/assets/file-search-CNsNjytv.js                   0.49 kB │ gzip:   0.34 kB
dist/assets/file-text-c7WUdTNl.js                     0.50 kB │ gzip:   0.32 kB
dist/assets/trash-2-BvlvT3HW.js                       0.53 kB │ gzip:   0.34 kB
dist/assets/AuthLoadingOverlay-BeieYUNh.js            0.54 kB │ gzip:   0.37 kB
dist/assets/textarea-_gJL7ORH.js                      0.72 kB │ gzip:   0.44 kB
dist/assets/badge-CX4cgIcn.js                         0.75 kB │ gzip:   0.39 kB
dist/assets/popover-DVHRofuQ.js                       0.78 kB │ gzip:   0.42 kB
dist/assets/pen-DKWXlHXr.js                           0.79 kB │ gzip:   0.42 kB
dist/assets/scroll-area-BAM83Ssx.js                   0.81 kB │ gzip:   0.43 kB
dist/assets/chevrons-right-C5cbBFq7.js                1.00 kB │ gzip:   0.38 kB
dist/assets/s3Upload-Dw_U3BU_.js                      1.03 kB │ gzip:   0.53 kB
dist/assets/SamlCallback-beXQBC_g.js                  1.14 kB │ gzip:   0.69 kB
dist/assets/AuthField-V1R5_5_I.js                     1.16 kB │ gzip:   0.66 kB
dist/assets/user-D8WjUOJg.js                          1.21 kB │ gzip:   0.51 kB
dist/assets/card-BNnYp2tG.js                          1.40 kB │ gzip:   0.61 kB
dist/assets/usePatentEventCompletion-C0-LTrVm.js      1.50 kB │ gzip:   0.75 kB
dist/assets/AssistantPage-CSu1hlfQ.js                 1.63 kB │ gzip:   0.85 kB
dist/assets/Loader-BJT0O-GV.js                        1.64 kB │ gzip:   0.67 kB
dist/assets/BrandIcons-BJZOKWWz.js                    1.69 kB │ gzip:   0.78 kB
dist/assets/documentText-DFwpevcN.js                  1.75 kB │ gzip:   0.96 kB
dist/assets/product-chip-B9BgzKeJ.js                  1.93 kB │ gzip:   0.77 kB
dist/assets/commonApi.service-Bh1uCOVc.js             1.95 kB │ gzip:   1.00 kB
dist/assets/command-C3MXBQQ1.js                       2.03 kB │ gzip:   0.77 kB
dist/assets/use-mobile-CzgbA1ec.js                    2.09 kB │ gzip:   0.70 kB
dist/assets/alert-dialog-DCgv9iiW.js                  2.12 kB │ gzip:   0.81 kB
dist/assets/filter-button-z_37TMED.js                 2.15 kB │ gzip:   1.05 kB
dist/assets/input-MIuu_IKN.js                         2.28 kB │ gzip:   1.13 kB
dist/assets/menu-radio-item-BZqKug_d.js               2.51 kB │ gzip:   1.27 kB
dist/assets/NotFound-AFzuQpmY.js                      2.97 kB │ gzip:   1.37 kB
dist/assets/select-TGDrfV7D.js                        3.01 kB │ gzip:   1.25 kB
dist/assets/Invite-CkoZq90r.js                        3.49 kB │ gzip:   1.64 kB
dist/assets/ForgotPassword-CRWqbTdT.js                4.71 kB │ gzip:   1.98 kB
dist/assets/ResetPassword-DaLjALZD.js                 5.23 kB │ gzip:   2.11 kB
dist/assets/PatentFieldsForm-BJodHDL5.js              5.92 kB │ gzip:   1.99 kB
dist/assets/Signup-4o6Vnmeb.js                        6.11 kB │ gzip:   2.43 kB
dist/assets/ClientLogo-eBo_UkOh.js                    7.34 kB │ gzip:   2.76 kB
dist/assets/IdeaSubmissionModal-VTBRHeln.js           8.32 kB │ gzip:   3.45 kB
dist/assets/ShowScoreReport-C54iKfEb.js               8.70 kB │ gzip:   3.41 kB
dist/assets/Login-CpUzzY36.js                         9.07 kB │ gzip:   3.23 kB
dist/assets/select-vendor-COqM7Gv9.js                11.86 kB │ gzip:   4.66 kB
dist/assets/index-JKq1ABnc.js                        19.02 kB │ gzip:   7.02 kB
dist/assets/react-vendor-Bny8gsK_.js                 21.50 kB │ gzip:   7.97 kB
dist/assets/ActionsPage-DjbOQRwI.js                  30.57 kB │ gzip:   7.99 kB
dist/assets/ClientsPage-B8xt24Hj.js                  35.95 kB │ gzip:   8.91 kB
dist/assets/IdeaDetailsPage-DVeQVS0y.js              36.14 kB │ gzip:  10.03 kB
dist/assets/ProfilePage-COVRnVKE.js                  37.95 kB │ gzip:   9.98 kB
dist/assets/IdeaDraftPage-D7CU0x7P.js                38.93 kB │ gzip:  12.01 kB
dist/assets/DueDatesPage-BwyFaZI1.js                 48.77 kB │ gzip:  11.49 kB
dist/assets/IdeasPage-Jsoeb-fc.js                    51.56 kB │ gzip:  15.95 kB
dist/assets/WorkspacePage-Ccc9P0UT.js                52.77 kB │ gzip:  12.64 kB
dist/assets/ClientDetailPage-ipp6rz9z.js             58.00 kB │ gzip:  15.50 kB
dist/assets/utils-vendor-MVEww1VX.js                 72.09 kB │ gzip:  26.56 kB
dist/assets/PatentsPage-R_zKFVua.js                  77.41 kB │ gzip:  19.46 kB
dist/assets/date-vendor-D8eLmKx0.js                  82.18 kB │ gzip:  25.37 kB
dist/assets/Index-CK5tUHCi.js                        92.14 kB │ gzip:  25.70 kB
dist/assets/query-vendor-DbyGKxJF.js                 92.41 kB │ gzip:  31.29 kB
dist/assets/motion-vendor-DFeygX4u.js               124.76 kB │ gzip:  40.71 kB
dist/assets/form-vendor-DzSyOUI3.js                 159.98 kB │ gzip:  47.41 kB
dist/assets/radix-vendor-D9y-k3oe.js                308.20 kB │ gzip:  95.68 kB
dist/assets/pdf-BnPRJEQ6.js                         365.12 kB │ gzip: 107.40 kB
dist/assets/main-DevGsvt6.js                        433.01 kB │ gzip: 136.14 kB
dist/assets/index-CSNtI9Jh.js                       469.86 kB │ gzip: 141.18 kB
dist/assets/mammoth.browser-ksGUSIJM.js             499.90 kB │ gzip: 124.76 kB
dist/assets/charts-vendor-BC9wQqFd.js               504.11 kB │ gzip: 141.90 kB

(!) Some chunks are larger than 500 kB after minification. Consider:
- Using dynamic import() to code-split the application
- Use build.rollupOptions.output.manualChunks to improve chunking: https://rollupjs.org/configuration-options/#output-manualchunks
- Adjust chunk size limit for this warning via build.chunkSizeWarningLimit.
✓ built in 5.40s
