
> design@0.0.0 build:design
> vite build --config vite.design.config.ts

vite v5.4.21 building for production...
transforming...

A PostCSS plugin did not pass the `from` option to `postcss.parse`. This may cause imported assets to be incorrectly transformed. If you've recently added a PostCSS plugin that raised this warning, please contact the package author to fix the issue.
✓ 4177 modules transformed.
rendering chunks...
computing gzip size...
dist/index.html                                       1.33 kB │ gzip:   0.52 kB
dist/assets/pdf.worker.min-yatZIOMy.mjs           1,375.84 kB
dist/assets/style-DTLpdRlW.css                        0.37 kB │ gzip:   0.21 kB
dist/assets/main-DaoRG_5Y.css                       132.69 kB │ gzip:  22.05 kB
dist/assets/constants-CBpXd0Y3.js                     0.04 kB │ gzip:   0.06 kB
dist/assets/pdf-vendor-CuWF6Yvx.js                    0.04 kB │ gzip:   0.06 kB
dist/assets/pdf.worker.min-ocdtAcA3.js                0.07 kB │ gzip:   0.09 kB
dist/assets/roleAccess-Ovt14rZi.js                    0.14 kB │ gzip:   0.13 kB
dist/assets/chevron-down-DZAnhMoA.js                  0.30 kB │ gzip:   0.24 kB
dist/assets/BlockedRedirect-CRd2j6CG.js               0.31 kB │ gzip:   0.24 kB
dist/assets/plus-D83_i2_U.js                          0.32 kB │ gzip:   0.25 kB
dist/assets/search-DFgvRiGG.js                        0.34 kB │ gzip:   0.27 kB
dist/assets/circle-check-s52t3d11.js                  0.34 kB │ gzip:   0.27 kB
dist/assets/separator-DZuKRRpJ.js                     0.37 kB │ gzip:   0.27 kB
dist/assets/ProductPage-Ft6JmWb2.js                   0.38 kB │ gzip:   0.30 kB
dist/assets/ellipsis-BRZu4TOD.js                      0.39 kB │ gzip:   0.26 kB
dist/assets/calendar-ZiOmByxF.js                      0.43 kB │ gzip:   0.30 kB
dist/assets/upload-BIka3n7p.js                        0.43 kB │ gzip:   0.32 kB
dist/assets/pencil-C3ZAMiX6.js                        0.44 kB │ gzip:   0.32 kB
dist/assets/users-C-QZlDgD.js                         0.47 kB │ gzip:   0.32 kB
dist/assets/file-search-BsM9ZeYn.js                   0.49 kB │ gzip:   0.34 kB
dist/assets/file-text-DVWisxj6.js                     0.50 kB │ gzip:   0.32 kB
dist/assets/trash-2-vd7AG05m.js                       0.53 kB │ gzip:   0.34 kB
dist/assets/AuthLoadingOverlay-Dv-JrE8j.js            0.54 kB │ gzip:   0.37 kB
dist/assets/textarea-xo8Dc4eb.js                      0.72 kB │ gzip:   0.44 kB
dist/assets/badge-Cl5W7Wv2.js                         0.75 kB │ gzip:   0.39 kB
dist/assets/popover-BJ6St43U.js                       0.78 kB │ gzip:   0.42 kB
dist/assets/pen-32OQY3Be.js                           0.79 kB │ gzip:   0.42 kB
dist/assets/scroll-area-m8KSUbmp.js                   0.81 kB │ gzip:   0.43 kB
dist/assets/chevrons-right-TZ9VjAbN.js                1.00 kB │ gzip:   0.38 kB
dist/assets/s3Upload-Cl4mPQT6.js                      1.03 kB │ gzip:   0.53 kB
dist/assets/SamlCallback-Z219GtoL.js                  1.14 kB │ gzip:   0.69 kB
dist/assets/AuthField-CxCFDysw.js                     1.16 kB │ gzip:   0.66 kB
dist/assets/user-Ca9d6QNY.js                          1.21 kB │ gzip:   0.51 kB
dist/assets/card-f3ewRaqY.js                          1.40 kB │ gzip:   0.62 kB
dist/assets/usePatentEventCompletion-DkcHWaEq.js      1.50 kB │ gzip:   0.75 kB
dist/assets/AssistantPage-CPpTowEE.js                 1.63 kB │ gzip:   0.85 kB
dist/assets/Loader-gyqF3twm.js                        1.64 kB │ gzip:   0.67 kB
dist/assets/BrandIcons-BJZOKWWz.js                    1.69 kB │ gzip:   0.78 kB
dist/assets/documentText-BmRhgYEj.js                  1.75 kB │ gzip:   0.96 kB
dist/assets/product-chip-3hH5J37R.js                  1.93 kB │ gzip:   0.78 kB
dist/assets/commonApi.service-DFgpyHnY.js             1.95 kB │ gzip:   1.00 kB
dist/assets/command-B82iPd-A.js                       2.03 kB │ gzip:   0.77 kB
dist/assets/use-mobile-CzgbA1ec.js                    2.09 kB │ gzip:   0.70 kB
dist/assets/alert-dialog-CVDcwq0N.js                  2.12 kB │ gzip:   0.81 kB
dist/assets/filter-button-23nVNjxk.js                 2.15 kB │ gzip:   1.05 kB
dist/assets/input-B88csaTK.js                         2.28 kB │ gzip:   1.14 kB
dist/assets/menu-radio-item-CvLkRbjD.js               2.51 kB │ gzip:   1.27 kB
dist/assets/NotFound-DhZFYqCB.js                      2.97 kB │ gzip:   1.37 kB
dist/assets/select-B-hMqMuW.js                        3.01 kB │ gzip:   1.25 kB
dist/assets/Invite-qIYxPaTN.js                        3.49 kB │ gzip:   1.64 kB
dist/assets/ForgotPassword-DH2LmUWF.js                4.71 kB │ gzip:   1.97 kB
dist/assets/ResetPassword-CW9k1FrP.js                 5.23 kB │ gzip:   2.11 kB
dist/assets/PatentFieldsForm-DwmgCqmc.js              5.92 kB │ gzip:   1.99 kB
dist/assets/Signup-W3Xla-3r.js                        6.11 kB │ gzip:   2.43 kB
dist/assets/ClientLogo-B7KdCkgE.js                    7.34 kB │ gzip:   2.76 kB
dist/assets/IdeaSubmissionModal-B2tVNgsr.js           8.32 kB │ gzip:   3.45 kB
dist/assets/ShowScoreReport-ClJpmybE.js               8.70 kB │ gzip:   3.42 kB
dist/assets/Login-DOHsuCFw.js                         9.07 kB │ gzip:   3.23 kB
dist/assets/select-vendor-COqM7Gv9.js                11.86 kB │ gzip:   4.66 kB
dist/assets/index-QijC1b7O.js                        19.02 kB │ gzip:   7.02 kB
dist/assets/react-vendor-Bny8gsK_.js                 21.50 kB │ gzip:   7.97 kB
dist/assets/ActionsPage-6v5DtJkL.js                  30.57 kB │ gzip:   7.99 kB
dist/assets/ClientsPage-BaCVAD2Z.js                  35.95 kB │ gzip:   8.91 kB
dist/assets/IdeaDetailsPage-J3XWb7tn.js              36.14 kB │ gzip:  10.03 kB
dist/assets/ProfilePage-By5hjsPf.js                  37.95 kB │ gzip:   9.98 kB
dist/assets/IdeaDraftPage-C0IEFhPq.js                38.93 kB │ gzip:  12.01 kB
dist/assets/DueDatesPage-CmUCJfph.js                 48.77 kB │ gzip:  11.49 kB
dist/assets/IdeasPage-B4ZqNkxN.js                    51.56 kB │ gzip:  15.96 kB
dist/assets/WorkspacePage-CwOL9laA.js                52.77 kB │ gzip:  12.64 kB
dist/assets/ClientDetailPage-BGuqRTll.js             58.00 kB │ gzip:  15.50 kB
dist/assets/utils-vendor-MVEww1VX.js                 72.09 kB │ gzip:  26.56 kB
dist/assets/PatentsPage-CQUycGbD.js                  77.10 kB │ gzip:  19.38 kB
dist/assets/date-vendor-D8eLmKx0.js                  82.18 kB │ gzip:  25.37 kB
dist/assets/Index-6c9Dj3kK.js                        92.14 kB │ gzip:  25.70 kB
dist/assets/query-vendor-DbyGKxJF.js                 92.41 kB │ gzip:  31.29 kB
dist/assets/motion-vendor-DFeygX4u.js               124.76 kB │ gzip:  40.71 kB
dist/assets/form-vendor-DzSyOUI3.js                 159.98 kB │ gzip:  47.41 kB
dist/assets/radix-vendor-D9y-k3oe.js                308.20 kB │ gzip:  95.68 kB
dist/assets/pdf-BnPRJEQ6.js                         365.12 kB │ gzip: 107.40 kB
dist/assets/main-DnD_4C8q.js                        433.01 kB │ gzip: 136.14 kB
dist/assets/index-C5j5xCjo.js                       469.80 kB │ gzip: 141.11 kB
dist/assets/mammoth.browser-ksGUSIJM.js             499.90 kB │ gzip: 124.76 kB
dist/assets/charts-vendor-BC9wQqFd.js               504.11 kB │ gzip: 141.90 kB

(!) Some chunks are larger than 500 kB after minification. Consider:
- Using dynamic import() to code-split the application
- Use build.rollupOptions.output.manualChunks to improve chunking: https://rollupjs.org/configuration-options/#output-manualchunks
- Adjust chunk size limit for this warning via build.chunkSizeWarningLimit.
✓ built in 5.27s
