wrote  surfaces-patent-portfolio--inventor--at-1280x720
wrote  surfaces-patent-portfolio--inventor--at-1440x900
wrote  surfaces-patent-portfolio--inventor--at-1366x768
wrote  surfaces-patent-portfolio--inventor--at-1920x1080
wrote  surfaces-patent-portfolio--inventor--at-640x360@2
wrote  surfaces-patent-portfolio--workspace-admin--at-1280x720
wrote  surfaces-patent-portfolio--workspace-admin--at-1440x900
wrote  surfaces-patent-portfolio--workspace-admin--at-1366x768
wrote  surfaces-patent-portfolio--workspace-admin--at-1920x1080
wrote  surfaces-patent-portfolio--workspace-admin--at-640x360@2
wrote  surfaces-patent-portfolio--case-owner--at-1280x720
wrote  surfaces-patent-portfolio--case-owner--at-1440x900
wrote  surfaces-patent-portfolio--case-owner--at-1366x768
wrote  surfaces-patent-portfolio--case-owner--at-1920x1080
wrote  surfaces-patent-portfolio--case-owner--at-640x360@2
wrote  surfaces-patent-portfolio--photon-admin--at-1280x720
wrote  surfaces-patent-portfolio--photon-admin--at-1440x900
wrote  surfaces-patent-portfolio--photon-admin--at-1366x768
wrote  surfaces-patent-portfolio--photon-admin--at-1920x1080
wrote  surfaces-patent-portfolio--photon-admin--at-640x360@2
wrote  surfaces-patent-portfolio--empty-imported-portfolio--at-1280x720
wrote  surfaces-patent-portfolio--empty-imported-portfolio--at-1440x900
wrote  surfaces-patent-portfolio--thousands-of-records--at-1280x720
wrote  surfaces-patent-portfolio--thousands-of-records--at-1440x900
wrote  surfaces-patent-portfolio--long-titles--at-1280x720
wrote  surfaces-patent-portfolio--long-titles--at-1440x900
wrote  surfaces-patent-portfolio--multiple-jurisdictions--at-1280x720
wrote  surfaces-patent-portfolio--multiple-jurisdictions--at-1440x900
wrote  surfaces-patent-portfolio--filtered-empty--at-1280x720
wrote  surfaces-patent-portfolio--filtered-empty--at-1440x900
wrote  surfaces-patent-portfolio--import-result--at-1280x720
wrote  surfaces-patent-portfolio--import-result--at-1440x900
wrote  surfaces-patent-portfolio--loading--at-1280x720
wrote  surfaces-patent-portfolio--loading--at-1440x900
wrote  surfaces-patent-portfolio--error--at-1280x720
wrote  surfaces-patent-portfolio--error--at-1440x900
shots: all stories rendered, stable within 40 pixels, no egress
