same   surfaces-patent-portfolio--inventor--at-1280x720
same   surfaces-patent-portfolio--inventor--at-1440x900 (4 px noise)
same   surfaces-patent-portfolio--inventor--at-1366x768 (14 px noise)
same   surfaces-patent-portfolio--inventor--at-1920x1080
same   surfaces-patent-portfolio--inventor--at-640x360@2
same   surfaces-patent-portfolio--workspace-admin--at-1280x720
same   surfaces-patent-portfolio--workspace-admin--at-1440x900
same   surfaces-patent-portfolio--workspace-admin--at-1366x768 (14 px noise)
same   surfaces-patent-portfolio--workspace-admin--at-1920x1080
same   surfaces-patent-portfolio--workspace-admin--at-640x360@2
same   surfaces-patent-portfolio--case-owner--at-1280x720
same   surfaces-patent-portfolio--case-owner--at-1440x900
same   surfaces-patent-portfolio--case-owner--at-1366x768 (8 px noise)
same   surfaces-patent-portfolio--case-owner--at-1920x1080
same   surfaces-patent-portfolio--case-owner--at-640x360@2
same   surfaces-patent-portfolio--photon-admin--at-1280x720
same   surfaces-patent-portfolio--photon-admin--at-1440x900
same   surfaces-patent-portfolio--photon-admin--at-1366x768 (8 px noise)
same   surfaces-patent-portfolio--photon-admin--at-1920x1080
same   surfaces-patent-portfolio--photon-admin--at-640x360@2
same   surfaces-patent-portfolio--empty-imported-portfolio--at-1280x720
same   surfaces-patent-portfolio--empty-imported-portfolio--at-1440x900
same   surfaces-patent-portfolio--thousands-of-records--at-1280x720 (8 px noise)
same   surfaces-patent-portfolio--thousands-of-records--at-1440x900
same   surfaces-patent-portfolio--long-titles--at-1280x720 (8 px noise)
same   surfaces-patent-portfolio--long-titles--at-1440x900
same   surfaces-patent-portfolio--multiple-jurisdictions--at-1280x720
DIFF   surfaces-patent-portfolio--multiple-jurisdictions--at-1440x900: 34341 pixels in [312,144,1314,897] (actual saved beside the baseline)
same   surfaces-patent-portfolio--filtered-empty--at-1280x720 (4 px noise)
same   surfaces-patent-portfolio--filtered-empty--at-1440x900
same   surfaces-patent-portfolio--import-result--at-1280x720
same   surfaces-patent-portfolio--import-result--at-1440x900
same   surfaces-patent-portfolio--loading--at-1280x720
same   surfaces-patent-portfolio--loading--at-1440x900
same   surfaces-patent-portfolio--error--at-1280x720
same   surfaces-patent-portfolio--error--at-1440x900
same   surfaces-patent-portfolio--import-failure--at-1280x720
DIFF   surfaces-patent-portfolio--import-failure--at-1440x900: 4561 pixels in [460,242,979,657] (actual saved beside the baseline)
same   surfaces-patent-portfolio--import-in-progress--at-1280x720
same   surfaces-patent-portfolio--import-in-progress--at-1440x900
shots: 2 failure(s)
