
> design@0.0.0 build:design
> vite build --config vite.design.config.ts

vite v5.4.21 building for production...
transforming...

A PostCSS plugin did not pass the `from` option to `postcss.parse`. This may cause imported assets to be incorrectly transformed. If you've recently added a PostCSS plugin that raised this warning, please contact the package author to fix the issue.
✓ 4177 modules transformed.
rendering chunks...
computing gzip size...
dist/index.html                                       1.33 kB │ gzip:   0.52 kB
dist/assets/pdf.worker.min-yatZIOMy.mjs           1,375.84 kB
dist/assets/style-DTLpdRlW.css                        0.37 kB │ gzip:   0.21 kB
dist/assets/main-CD2GrAaf.css                       133.15 kB │ gzip:  22.10 kB
dist/assets/constants-CBpXd0Y3.js                     0.04 kB │ gzip:   0.06 kB
dist/assets/pdf-vendor-Ojnd7t59.js                    0.04 kB │ gzip:   0.06 kB
dist/assets/pdf.worker.min-ocdtAcA3.js                0.07 kB │ gzip:   0.09 kB
dist/assets/roleAccess-Ovt14rZi.js                    0.14 kB │ gzip:   0.13 kB
dist/assets/chevron-down-DczYNIkw.js                  0.30 kB │ gzip:   0.24 kB
dist/assets/BlockedRedirect-DOOoDKXc.js               0.31 kB │ gzip:   0.24 kB
dist/assets/plus-BdI7GQNA.js                          0.32 kB │ gzip:   0.25 kB
dist/assets/search-Dw-Ivumm.js                        0.34 kB │ gzip:   0.27 kB
dist/assets/circle-check-RCcSbPFq.js                  0.34 kB │ gzip:   0.27 kB
dist/assets/separator-WJJwbDlZ.js                     0.37 kB │ gzip:   0.27 kB
dist/assets/ProductPage-D94CIpaj.js                   0.38 kB │ gzip:   0.30 kB
dist/assets/ellipsis-Dsca9ES7.js                      0.39 kB │ gzip:   0.26 kB
dist/assets/calendar-O7q9PY0r.js                      0.43 kB │ gzip:   0.30 kB
dist/assets/upload-CCNYDauM.js                        0.43 kB │ gzip:   0.32 kB
dist/assets/pencil-hVgusHmX.js                        0.44 kB │ gzip:   0.32 kB
dist/assets/users-qZVC3hIi.js                         0.47 kB │ gzip:   0.32 kB
dist/assets/file-search-BmH79L9l.js                   0.49 kB │ gzip:   0.34 kB
dist/assets/file-text-Cb1Y3seY.js                     0.50 kB │ gzip:   0.32 kB
dist/assets/trash-2-D1IkNC2P.js                       0.53 kB │ gzip:   0.34 kB
dist/assets/AuthLoadingOverlay-B_iKenQs.js            0.54 kB │ gzip:   0.37 kB
dist/assets/arrow-up-DrXt7RDA.js                      0.61 kB │ gzip:   0.31 kB
dist/assets/textarea-DKoIGZNd.js                      0.72 kB │ gzip:   0.44 kB
dist/assets/badge-Bdf2p4vZ.js                         0.75 kB │ gzip:   0.39 kB
dist/assets/popover-ut95aCR-.js                       0.78 kB │ gzip:   0.42 kB
dist/assets/pen-CRenMvTg.js                           0.79 kB │ gzip:   0.42 kB
dist/assets/scroll-area-CTcBYV9L.js                   0.81 kB │ gzip:   0.43 kB
dist/assets/chevrons-right-BJNwZgXe.js                1.00 kB │ gzip:   0.38 kB
dist/assets/s3Upload-CC4_r_3g.js                      1.03 kB │ gzip:   0.53 kB
dist/assets/SamlCallback-C7GKYGUu.js                  1.14 kB │ gzip:   0.70 kB
dist/assets/AuthField-hRrMXK7q.js                     1.16 kB │ gzip:   0.66 kB
dist/assets/user-CRlTlL5e.js                          1.21 kB │ gzip:   0.51 kB
dist/assets/card-BxZXZP5I.js                          1.40 kB │ gzip:   0.62 kB
dist/assets/usePatentEventCompletion-BCy2JM1r.js      1.50 kB │ gzip:   0.75 kB
dist/assets/AssistantPage-jmVyeXP8.js                 1.63 kB │ gzip:   0.85 kB
dist/assets/Loader-B4ee4dW8.js                        1.64 kB │ gzip:   0.68 kB
dist/assets/BrandIcons-B-jpFSC1.js                    1.69 kB │ gzip:   0.78 kB
dist/assets/documentText-D4f4MiJo.js                  1.75 kB │ gzip:   0.95 kB
dist/assets/ActionDropdown-COdF8JTV.js                1.78 kB │ gzip:   1.00 kB
dist/assets/product-chip-DBsi4IIx.js                  1.93 kB │ gzip:   0.78 kB
dist/assets/commonApi.service-CI05NV1u.js             1.95 kB │ gzip:   1.00 kB
dist/assets/command-gw77rqlP.js                       2.03 kB │ gzip:   0.77 kB
dist/assets/use-mobile-CpwS-rRk.js                    2.09 kB │ gzip:   0.70 kB
dist/assets/alert-dialog-CrC8kU-2.js                  2.12 kB │ gzip:   0.81 kB
dist/assets/input-DGIpiDuX.js                         2.28 kB │ gzip:   1.14 kB
dist/assets/menu-radio-item-C4caPpON.js               2.88 kB │ gzip:   1.23 kB
dist/assets/NotFound-D6A7fe-F.js                      2.97 kB │ gzip:   1.38 kB
dist/assets/select-ClLRYHLr.js                        3.01 kB │ gzip:   1.25 kB
dist/assets/Invite-tGqxaqda.js                        3.49 kB │ gzip:   1.65 kB
dist/assets/ForgotPassword-dnKuirrh.js                4.71 kB │ gzip:   1.98 kB
dist/assets/ResetPassword-CavOZ3KL.js                 5.23 kB │ gzip:   2.12 kB
dist/assets/PatentFieldsForm-uBLJdyVa.js              5.92 kB │ gzip:   2.00 kB
dist/assets/Signup-DvvhaKM7.js                        6.11 kB │ gzip:   2.43 kB
dist/assets/ClientLogo-Dhf4-Lro.js                    7.34 kB │ gzip:   2.77 kB
dist/assets/IdeaSubmissionModal-DvhMsUZY.js           8.32 kB │ gzip:   3.46 kB
dist/assets/ShowScoreReport-BN-GHx3x.js               8.70 kB │ gzip:   3.42 kB
dist/assets/Login-CeDL9cBM.js                         9.07 kB │ gzip:   3.23 kB
dist/assets/select-vendor-BdS_fNyz.js                11.86 kB │ gzip:   4.66 kB
dist/assets/index-PNoXMBuS.js                        19.02 kB │ gzip:   7.02 kB
dist/assets/react-vendor-B2G6TQFI.js                 21.50 kB │ gzip:   7.97 kB
dist/assets/ActionsPage-Bup-mDEg.js                  30.57 kB │ gzip:   8.00 kB
dist/assets/ClientsPage-C3Bmi2fq.js                  35.95 kB │ gzip:   8.91 kB
dist/assets/IdeaDetailsPage-Dm9vF1fU.js              36.14 kB │ gzip:  10.04 kB
dist/assets/ProfilePage-f-Kd5uUI.js                  37.95 kB │ gzip:   9.99 kB
dist/assets/IdeaDraftPage-DFh8Y67p.js                38.93 kB │ gzip:  12.01 kB
dist/assets/IdeasPage-DfoUxMAr.js                    47.51 kB │ gzip:  14.71 kB
dist/assets/DueDatesPage-Cqz6hRZl.js                 48.77 kB │ gzip:  11.49 kB
dist/assets/WorkspacePage-x3yf8_IH.js                52.77 kB │ gzip:  12.65 kB
dist/assets/ClientDetailPage-cArxwXGJ.js             58.00 kB │ gzip:  15.50 kB
dist/assets/utils-vendor-DOzhXJEA.js                 72.09 kB │ gzip:  26.56 kB
dist/assets/date-vendor-D8eLmKx0.js                  82.18 kB │ gzip:  25.37 kB
dist/assets/PatentsPage-Dv5Pf4vk.js                  85.35 kB │ gzip:  20.30 kB
dist/assets/Index-CV3OgZF2.js                        91.64 kB │ gzip:  25.63 kB
dist/assets/query-vendor-CXPE9gYP.js                 92.41 kB │ gzip:  31.29 kB
dist/assets/motion-vendor-VKMJJUjT.js               124.76 kB │ gzip:  40.71 kB
dist/assets/form-vendor-aNZZAsIh.js                 159.98 kB │ gzip:  47.41 kB
dist/assets/radix-vendor-vMHFJDk6.js                308.20 kB │ gzip:  95.68 kB
dist/assets/pdf-BnPRJEQ6.js                         365.12 kB │ gzip: 107.40 kB
dist/assets/main-Cep9rGIY.js                        433.02 kB │ gzip: 136.15 kB
dist/assets/index-D5gsM8p-.js                       465.35 kB │ gzip: 139.76 kB
dist/assets/mammoth.browser-Cn0EDtEh.js             499.90 kB │ gzip: 124.76 kB
dist/assets/charts-vendor-B350KOqX.js               504.11 kB │ gzip: 141.90 kB

(!) Some chunks are larger than 500 kB after minification. Consider:
- Using dynamic import() to code-split the application
- Use build.rollupOptions.output.manualChunks to improve chunking: https://rollupjs.org/configuration-options/#output-manualchunks
- Adjust chunk size limit for this warning via build.chunkSizeWarningLimit.
✓ built in 5.07s
