wrote  surfaces-ideas-list--inventor-empty--at-1280x720
wrote  surfaces-ideas-list--inventor-empty--at-1440x900
wrote  surfaces-ideas-list--inventor-drafts-only--at-1280x720
wrote  surfaces-ideas-list--inventor-drafts-only--at-1440x900
wrote  surfaces-ideas-list--inventor-mixed--at-1280x720
wrote  surfaces-ideas-list--inventor-mixed--at-1440x900
wrote  surfaces-ideas-list--inventor-mixed--at-1366x768
wrote  surfaces-ideas-list--inventor-mixed--at-1920x1080
wrote  surfaces-ideas-list--inventor-mixed--at-640x360@2
wrote  surfaces-ideas-list--workspace-admin-pending--at-1280x720
wrote  surfaces-ideas-list--workspace-admin-pending--at-1440x900
wrote  surfaces-ideas-list--workspace-admin-pending--at-1366x768
wrote  surfaces-ideas-list--workspace-admin-pending--at-1920x1080
wrote  surfaces-ideas-list--workspace-admin-pending--at-640x360@2
wrote  surfaces-ideas-list--workspace-admin-large-queue--at-1280x720
wrote  surfaces-ideas-list--workspace-admin-large-queue--at-1440x900
wrote  surfaces-ideas-list--workspace-admin-filtered-empty--at-1280x720
wrote  surfaces-ideas-list--workspace-admin-filtered-empty--at-1440x900
wrote  surfaces-ideas-list--case-owner--at-1280x720
wrote  surfaces-ideas-list--case-owner--at-1440x900
wrote  surfaces-ideas-list--case-owner--at-1366x768
wrote  surfaces-ideas-list--case-owner--at-1920x1080
wrote  surfaces-ideas-list--case-owner--at-640x360@2
wrote  surfaces-ideas-list--photon-admin--at-1280x720
wrote  surfaces-ideas-list--photon-admin--at-1440x900
wrote  surfaces-ideas-list--photon-admin--at-1366x768
wrote  surfaces-ideas-list--photon-admin--at-1920x1080
wrote  surfaces-ideas-list--photon-admin--at-640x360@2
wrote  surfaces-ideas-list--long-titles--at-1280x720
wrote  surfaces-ideas-list--long-titles--at-1440x900
wrote  surfaces-ideas-list--loading--at-1280x720
wrote  surfaces-ideas-list--loading--at-1440x900
wrote  surfaces-ideas-list--error--at-1280x720
wrote  surfaces-ideas-list--error--at-1440x900
shots: all stories rendered, stable within 40 pixels, no egress
