
> design@0.0.0 storybook:build
> storybook build


┌  Building storybook v10.6.0
│
◇  Cleaning outputDir: storybook-static
│
◇  Loading presets
│
◇  Building manager..
│
●  Building open services..
│
●  Building preview..
│
▲  No story files found for the specified pattern:
│  design/stories/**/*.mdx
│  Vite vite v5.4.21 building for production...
│  Vite transforming...
│
●  Copying static files: public at storybook-static
│
▲  Vite
│  A PostCSS plugin did not pass the `from` option to `postcss.parse`.
│  This may cause imported assets to be incorrectly transformed. If
│  you've recently added a PostCSS plugin that raised this warning,
│  please contact the package author to fix the issue.
│  Vite ✓ 4431 modules transformed.
│  Vite rendering chunks...
│  Vite computing gzip size...
│  Vite storybook-static/iframe.html
│  19.25 kB │ gzip:   5.31 kB
│  Vite storybook-static/assets/pdf.worker.min-yatZIOMy.mjs
│  1,375.84 kB
│  Vite storybook-static/assets/iframe-BKr-xCQJ.css
│  133.53 kB │ gzip:  22.23 kB
│  Vite storybook-static/assets/constants-CBpXd0Y3.js
│  0.04 kB │ gzip:   0.06 kB
│  Vite storybook-static/assets/pdf.worker.min-DgRcL-GR.js
│  0.09 kB │ gzip:   0.11 kB
│  Vite storybook-static/assets/roleAccess-Ovt14rZi.js
│  0.14 kB │ gzip:   0.13 kB
│  Vite storybook-static/assets/index-D17hSi50.js
│  0.15 kB │ gzip:   0.15 kB
│  Vite storybook-static/assets/formatter-L2YTDE3Q-Bpn1uEv9.js
│  0.26 kB │ gzip:   0.22 kB
│  Vite storybook-static/assets/IdeaDraftPage-DMPUJ4B3.js
│  0.27 kB │ gzip:   0.23 kB
│  Vite storybook-static/assets/chevron-up-CECnF0Tn.js
│  0.30 kB │ gzip:   0.25 kB
│  Vite storybook-static/assets/chevron-down-DsObEta8.js
│  0.30 kB │ gzip:   0.25 kB
│  Vite storybook-static/assets/plus-DXsT8F-E.js
│  0.32 kB │ gzip:   0.26 kB
│  Vite storybook-static/assets/use-mobile-BVeo9Z40.js
│  0.33 kB │ gzip:   0.24 kB
│  Vite storybook-static/assets/filter-CEsKCK3q.js
│  0.33 kB │ gzip:   0.26 kB
│  Vite storybook-static/assets/arrow-right-B0SsSZ5w.js
│  0.33 kB │ gzip:   0.27 kB
│  Vite storybook-static/assets/search-CVP4Nr7s.js
│  0.34 kB │ gzip:   0.27 kB
│  Vite storybook-static/assets/circle-check-DyK2s0Sq.js
│  0.34 kB │ gzip:   0.27 kB
│  Vite storybook-static/assets/clock-DBEOWPAo.js
│  0.35 kB │ gzip:   0.27 kB
│  Vite storybook-static/assets/mail-Dryqqc9Y.js
│  0.39 kB │ gzip:   0.30 kB
│  Vite storybook-static/assets/ellipsis-Dtpf8WjJ.js
│  0.39 kB │ gzip:   0.26 kB
│  Vite storybook-static/assets/columns-3-B8elL56m.js
│  0.39 kB │ gzip:   0.29 kB
│  Vite storybook-static/assets/actionsView-DiNVbgzf.js
│  0.41 kB │ gzip:   0.26 kB
│  Vite storybook-static/assets/arrow-up-down-Dc8Xy6Ya.js
│  0.41 kB │ gzip:   0.30 kB
│  Vite storybook-static/assets/external-link-CrenUTkJ.js
│  0.42 kB │ gzip:   0.30 kB
│  Vite storybook-static/assets/eye-CebZQ5PR.js
│  0.42 kB │ gzip:   0.30 kB
│  Vite storybook-static/assets/message-square-text-fhmMmXhT.js
│  0.43 kB │ gzip:   0.30 kB
│  Vite storybook-static/assets/link-cYq1RfmC.js
│  0.43 kB │ gzip:   0.29 kB
│  Vite storybook-static/assets/calendar-SVhx2e2K.js
│  0.43 kB │ gzip:   0.30 kB
│  Vite storybook-static/assets/upload-CwgPetbA.js
│  0.43 kB │ gzip:   0.32 kB
│  Vite storybook-static/assets/pencil-BZgcUQ3T.js
│  0.45 kB │ gzip:   0.32 kB
│  Vite storybook-static/assets/file-question-DHSc1_ea.js
│  0.45 kB │ gzip:   0.31 kB
│  Vite storybook-static/assets/users-DDO6aPCC.js
│  0.47 kB │ gzip:   0.32 kB
│  Vite storybook-static/assets/BlockedRedirect-C06fpHr0.js
│  0.49 kB │ gzip:   0.34 kB
│  Vite storybook-static/assets/file-search-pJrdt8Id.js
│  0.49 kB │ gzip:   0.34 kB
│  Vite storybook-static/assets/file-text-Cud3bBuF.js
│  0.50 kB │ gzip:   0.32 kB
│  Vite storybook-static/assets/trash-2-DaeEfpwC.js
│  0.53 kB │ gzip:   0.34 kB
│  Vite storybook-static/assets/product-surfaces-CcH-nQeT.js
│  0.60 kB │ gzip:   0.32 kB
│  Vite storybook-static/assets/arrow-up-ZluHAoxC.js
│  0.61 kB │ gzip:   0.31 kB
│  Vite storybook-static/assets/chevrons-right-DS_oGx-k.js
│  0.63 kB │ gzip:   0.30 kB
│  Vite storybook-static/assets/star-BW0estQS.js
│  0.64 kB │ gzip:   0.40 kB
│  Vite storybook-static/assets/dateRange-cJWmNIJn.js
│  0.66 kB │ gzip:   0.39 kB
│  Vite storybook-static/assets/label-BidkxuKU.js
│  0.67 kB │ gzip:   0.46 kB
│  Vite storybook-static/assets/sparkles-DN-H9XQV.js
│  0.68 kB │ gzip:   0.40 kB
│  Vite storybook-static/assets/AuthLoadingOverlay-BKB8t1wI.js
│  0.76 kB │ gzip:   0.47 kB
│  Vite storybook-static/assets/usePatentEventCompletion-BbTYlC8V.js
│  0.76 kB │ gzip:   0.47 kB
│  Vite storybook-static/assets/rotate-ccw-D9zGfb3F.js
│  0.79 kB │ gzip:   0.36 kB
│  Vite storybook-static/assets/pen-line-CYgZs7xR.js
│  0.79 kB │ gzip:   0.41 kB
│  Vite storybook-static/assets/badge-D_DGm-4p.js
│  0.80 kB │ gzip:   0.43 kB
│  Vite storybook-static/assets/react-18-D0pfvXC7.js
│  0.80 kB │ gzip:   0.48 kB
│  Vite storybook-static/assets/textarea-Dhcgm_oL.js
│  0.82 kB │ gzip:   0.49 kB
│  Vite storybook-static/assets/zoom-out-4ctOVgJe.js
│  0.84 kB │ gzip:   0.33 kB
│  Vite storybook-static/assets/s3Upload-Cr8GdhNX.js
│  0.90 kB │ gzip:   0.47 kB
│  Vite storybook-static/assets/separator-CesGLN5g.js
│  0.95 kB │ gzip:   0.55 kB
│  Vite storybook-static/assets/badge.stories-B1fI5JjL.js
│  1.03 kB │ gzip:   0.59 kB
│  Vite storybook-static/assets/preload-helper-C1FmrZbK.js
│  1.14 kB │ gzip:   0.68 kB
│  Vite storybook-static/assets/menu-radio-item-OaoN4-n4.js
│  1.14 kB │ gzip:   0.66 kB
│  Vite storybook-static/assets/save-CyXf7trL.js
│  1.23 kB │ gzip:   0.51 kB
│  Vite storybook-static/assets/table-Cq6Hk6fJ.js
│  1.26 kB │ gzip:   0.46 kB
│  Vite storybook-static/assets/textarea.stories-BdtKebsr.js
│  1.27 kB │ gzip:   0.69 kB
│  Vite storybook-static/assets/card.stories-pwu4Moc0.js
│  1.33 kB │ gzip:   0.67 kB
│  Vite storybook-static/assets/commonApi.service-NcKLjG3a.js
│  1.37 kB │ gzip:   0.70 kB
│  Vite storybook-static/assets/StatusChip-CNQTDS88.js
│  1.38 kB │ gzip:   0.74 kB
│  Vite storybook-static/assets/AuthField-DjTTDGFl.js
│  1.38 kB │ gzip:   0.74 kB
│  Vite storybook-static/assets/tooltip.stories-Bgb2Bei6.js
│  1.41 kB │ gzip:   0.69 kB
│  Vite storybook-static/assets/card-7ZIusUj0.js
│  1.48 kB │ gzip:   0.49 kB
│  Vite storybook-static/assets/switch.stories-ChlhSWW2.js
│  1.48 kB │ gzip:   0.75 kB
│  Vite storybook-static/assets/LinkedIdeaBadge-goQkq-ZH.js
│  1.56 kB │ gzip:   0.83 kB
│  Vite storybook-static/assets/Loader-C7ZXb8t4.js
│  1.66 kB │ gzip:   0.70 kB
│  Vite storybook-static/assets/filter-button-CvWt5IEO.js
│  1.74 kB │ gzip:   0.85 kB
│  Vite storybook-static/assets/patentLegalStatus-CXs_s3vP.js
│  1.77 kB │ gzip:   0.50 kB
│  Vite storybook-static/assets/Assistant.stories-Dh8kXvV_.js
│  1.79 kB │ gzip:   0.93 kB
│  Vite storybook-static/assets/GradientBlobs-DSQmv_9j.js
│  1.83 kB │ gzip:   0.87 kB
│  Vite storybook-static/assets/documentText-CmFKlp1N.js
│  1.85 kB │ gzip:   0.98 kB
│  Vite storybook-static/assets/ActionDropdown-Baj2_Epg.js
│  1.87 kB │ gzip:   0.93 kB
│  Vite storybook-static/assets/user-x-Brsx96wh.js
│  1.89 kB │ gzip:   0.62 kB
│  Vite storybook-static/assets/radio-group.stories-DtSyp6qm.js
│  1.93 kB │ gzip:   0.92 kB
│  Vite storybook-static/assets/NotFound.stories-COE6cmBw.js
│  2.04 kB │ gzip:   1.05 kB
│  Vite storybook-static/assets/dialog.stories-6KJRA49w.js
│  2.07 kB │ gzip:   0.93 kB
│  Vite storybook-static/assets/popover.stories-B-E9btiS.js
│  2.11 kB │ gzip:   1.01 kB
│  Vite storybook-static/assets/BrandIcons-BgsHVtfX.js
│  2.15 kB │ gzip:   0.92 kB
│  Vite storybook-static/assets/collapsible-qkSRL5Z7.js
│  2.32 kB │ gzip:   1.03 kB
│  Vite storybook-static/assets/tabs.stories-CVCqm5Pb.js
│  2.35 kB │ gzip:   1.04 kB
│  Vite storybook-static/assets/checkbox.stories-BuDG7mgK.js
│  2.48 kB │ gzip:   0.94 kB
│  Vite storybook-static/assets/input.stories-CdOn39wv.js
│  2.50 kB │ gzip:   0.96 kB
│  Vite storybook-static/assets/tags-DvuilwqT.js
│  2.60 kB │ gzip:   0.82 kB
│  Vite storybook-static/assets/progress-DhDFSIfi.js
│  2.62 kB │ gzip:   1.26 kB
│  Vite storybook-static/assets/input-DQ5KmBRP.js
│  2.72 kB │ gzip:   1.32 kB
│  Vite storybook-static/assets/menu-radio-item.stories-C65ZPXYe.js
│  2.75 kB │ gzip:   1.31 kB
│  Vite storybook-static/assets/sheet-DVeYr5Kb.js
│  2.75 kB │ gzip:   1.02 kB
│  Vite storybook-static/assets/user-C7CZq6jI.js
│  2.84 kB │ gzip:   0.83 kB
│  Vite storybook-static/assets/product-chip-DPDtqnL3.js
│  2.88 kB │ gzip:   1.01 kB
│  Vite storybook-static/assets/Chips.stories-CGklbbpu.js
│  2.89 kB │ gzip:   1.09 kB
│  Vite storybook-static/assets/product-chip.stories-y-pqMQSG.js
│  2.92 kB │ gzip:   1.26 kB
│  Vite storybook-static/assets/dateRange.stories-DoNIxWae.js
│  3.00 kB │ gzip:   1.09 kB
│  Vite storybook-static/assets/alert-dialog.stories-SW_fP4Wk.js
│  3.04 kB │ gzip:   1.18 kB
│  Vite storybook-static/assets/Button.stories-DTfApI5j.js
│  3.20 kB │ gzip:   1.05 kB
│  Vite storybook-static/assets/useMutation-FiB-ssBA.js
│  3.22 kB │ gzip:   1.31 kB
│  Vite storybook-static/assets/misc-primitives.stories-bW2-8gtQ.js
│  3.43 kB │ gzip:   1.27 kB
│  Vite storybook-static/assets/tabs-CM4U287N.js
│  3.48 kB │ gzip:   1.48 kB
│  Vite storybook-static/assets/StatusChip.stories-Bz8-ZCAA.js
│  3.51 kB │ gzip:   1.39 kB
│  Vite storybook-static/assets/shield-check-CdGfNUzH.js
│  3.63 kB │ gzip:   1.10 kB
│  Vite storybook-static/assets/ReviewQueueWorkspace.stories-DwAmDBPH.js
│  3.70 kB │ gzip:   1.14 kB
│  Vite storybook-static/assets/States.stories-DkPQma_i.js
│  3.78 kB │ gzip:   1.59 kB
│  Vite storybook-static/assets/button.stories-B7DjollO.js
│  3.79 kB │ gzip:   1.31 kB
│  Vite storybook-static/assets/DateRangeFilter-CINdgBXi.js
│  3.83 kB │ gzip:   1.27 kB
│  Vite storybook-static/assets/Dashboard.stories-uH5nKHbu.js
│  4.17 kB │ gzip:   1.44 kB
│  Vite storybook-static/assets/alert-dialog-CGLA3fhM.js
│  4.22 kB │ gzip:   1.39 kB
│  Vite storybook-static/assets/switch-DNdcK2Cz.js
│  4.23 kB │ gzip:   1.83 kB
│  Vite storybook-static/assets/ReviewQueue.stories-ov9HeFUD.js
│  4.46 kB │ gzip:   1.57 kB
│  Vite storybook-static/assets/checkbox-CUDm-8E-.js
│  4.50 kB │ gzip:   1.96 kB
│  Vite storybook-static/assets/filter-button.stories-Cj5wa5Hk.js
│  4.51 kB │ gzip:   1.59 kB
│  Vite storybook-static/assets/tokens.tailwind-lbOp-r2d.js
│  4.64 kB │ gzip:   1.78 kB
│  Vite storybook-static/assets/BrandIcons.stories-BNn63dIX.js
│  4.97 kB │ gzip:   1.84 kB
│  Vite storybook-static/assets/popover-D7o1Yyv2.js
│  5.13 kB │ gzip:   1.98 kB
│  Vite storybook-static/assets/GradientBlobs.stories-lPFihX8m.js
│  5.51 kB │ gzip:   1.79 kB
│  Vite storybook-static/assets/DateRangeFilter.stories-CTlVisbV.js
│  5.76 kB │ gzip:   1.88 kB
│  Vite storybook-static/assets/radio-group-DrvgZTn4.js
│  6.08 kB │ gzip:   2.44 kB
│  Vite storybook-static/assets/AuthLoadingOverlay.stories-B8WwgbbJ.js
│  6.11 kB │ gzip:   2.24 kB
│  Vite storybook-static/assets/PatentFieldsForm-7Wr76D4q.js
│  6.13 kB │ gzip:   2.09 kB
│  Vite storybook-static/assets/LinkedIdeaBadge.stories-d0BwaBH3.js
│  6.50 kB │ gzip:   2.27 kB
│  Vite storybook-static/assets/Inputs.stories-CMnvl5EJ.js
│  6.59 kB │ gzip:   1.97 kB
│  Vite storybook-static/assets/Surfaces.stories-CjmoPZTV.js
│  7.06 kB │ gzip:   2.23 kB
│  Vite storybook-static/assets/IdeaSubmissionModal-Bm3ADoE8.js
│  7.85 kB │ gzip:   3.17 kB
│  Vite storybook-static/assets/actionsView.stories-DI_JzGbU.js
│  8.09 kB │ gzip:   2.80 kB
│  Vite storybook-static/assets/PatentFieldsForm.stories-BwAaj5eN.js
│  8.17 kB │ gzip:   2.55 kB
│  Vite storybook-static/assets/Overlays.stories-B4CPwdBo.js
│  8.55 kB │ gzip:   2.46 kB
│  Vite storybook-static/assets/Ideas.stories-Dvu8pxI7.js
│  8.76 kB │ gzip:   2.38 kB
│  Vite storybook-static/assets/StartIdea.stories-40IS39Nm.js
│  9.56 kB │ gzip:   2.75 kB
│  Vite storybook-static/assets/InventorHome.stories-BBrp6M2V.js
│  9.67 kB │ gzip:   2.41 kB
│  Vite storybook-static/assets/Evaluation.stories-ChscEOyS.js
│  11.32 kB │ gzip:   2.77 kB
│  Vite storybook-static/assets/scroll-area-DVbZAxcc.js
│  13.80 kB │ gzip:   4.37 kB
│  Vite storybook-static/assets/command-DTEEi0ub.js
│  14.05 kB │ gzip:   5.26 kB
│  Vite storybook-static/assets/DisclosureWorkspace.stories-DHH3b8t4.js
│  14.37 kB │ gzip:   3.36 kB
│  Vite storybook-static/assets/IdeasPage-I1VZbzRD.js
│  14.65 kB │ gzip:   5.02 kB
│  Vite storybook-static/assets/Login.stories-Bwx87Nov.js
│  14.78 kB │ gzip:   4.85 kB
│  Vite storybook-static/assets/index-BkiMcOO6.js
│  17.00 kB │ gzip:   6.40 kB
│  Vite storybook-static/assets/Radius.stories-DH5m6QRl.js
│  17.42 kB │ gzip:   4.82 kB
│  Vite storybook-static/assets/format-B8qhVQYN.js
│  20.23 kB │ gzip:   5.66 kB
│  Vite
│  storybook-static/assets/WorkspaceAdminDashboard.stories-V7DVzDt0.js
│  21.77 kB │ gzip:   4.57 kB
│  Vite storybook-static/assets/select-BAQntaLX.js
│  22.34 kB │ gzip:   7.74 kB
│  Vite storybook-static/assets/Auth.stories-DUS7xMjc.js
│  23.65 kB │ gzip:   6.28 kB
│  Vite storybook-static/vite-inject-mocker-entry.js
│  28.53 kB │ gzip:   9.89 kB
│  Vite storybook-static/assets/matchers-JIUQ3HVY-CAdg16Fl.js
│  29.35 kB │ gzip:  10.00 kB
│  Vite storybook-static/assets/Color-6AOWCN3U-D7CN4twn.js
│  30.37 kB │ gzip:  11.38 kB
│  Vite storybook-static/assets/ReviewQueueWorkspace-CsgUoAJ1.js
│  32.53 kB │ gzip:  10.42 kB
│  Vite storybook-static/assets/WithTooltip-CDUNV5IS-R9e-oQWz.js
│  33.21 kB │ gzip:  11.65 kB
│  Vite storybook-static/assets/Actions.stories-CRhB_GPL.js
│  35.70 kB │ gzip:   9.14 kB
│  Vite storybook-static/assets/ClientsPage-DINV6iH2.js
│  44.30 kB │ gzip:  11.00 kB
│  Vite storybook-static/assets/Tokens.stories-mu43y3W2.js
│  46.36 kB │ gzip:  10.68 kB
│  Vite storybook-static/assets/DraftWorkspace--1J9kj22.js
│  49.32 kB │ gzip:  14.94 kB
│  Vite storybook-static/assets/DueDates.stories-JSF0DosJ.js
│  55.59 kB │ gzip:  13.28 kB
│  Vite storybook-static/assets/IdeaDetail.stories-DEqKlOsR.js
│  56.82 kB │ gzip:  14.11 kB
│  Vite storybook-static/assets/moment-C5S46NFB.js
│  60.81 kB │ gzip:  19.58 kB
│  Vite storybook-static/assets/index.esm-6IcL19xU.js
│  70.54 kB │ gzip:  22.80 kB
│  Vite storybook-static/assets/syntaxhighlighter-4REYKNEV-Bp0MU-Op.js
│  77.81 kB │ gzip:  26.99 kB
│  Vite storybook-static/assets/Patents.stories-RCZxwlSx.js
│  84.77 kB │ gzip:  20.11 kB
│  Vite storybook-static/assets/proxy-C-Vs-ydc.js
│  124.76 kB │ gzip:  40.70 kB
│  Vite storybook-static/assets/Clients.stories-Doc7TZbe.js
│  136.16 kB │ gzip:  43.44 kB
│  Vite storybook-static/assets/Workspace.stories-DLRe5tla.js
│  182.59 kB │ gzip:  47.30 kB
│  Vite storybook-static/assets/pdf-BnPRJEQ6.js
│  365.12 kB │ gzip: 107.40 kB
│  Vite storybook-static/assets/mammoth.browser-B95RUnRH.js
│  499.90 kB │ gzip: 124.75 kB
│  Vite storybook-static/assets/axe-C-sjDFDc.js
│  601.10 kB │ gzip: 165.31 kB
│  Vite storybook-static/assets/Index-BWDoW9bp.js
│  621.34 kB │ gzip: 171.70 kB
│  Vite storybook-static/assets/Foundations.stories-CTX3Hf4c.js
│  754.80 kB │ gzip: 136.04 kB
│  Vite storybook-static/assets/DocsRenderer-JROSPFPF-CbucThGo.js
│  850.65 kB │ gzip: 270.36 kB
│  Vite storybook-static/assets/iframe-Bv6LEos8.js
│  2,426.16 kB │ gzip: 725.62 kB
│
▲  Vite
│  (!) Some chunks are larger than 500 kB after minification. Consider:
│  - Using dynamic import() to code-split the application
│  - Use build.rollupOptions.output.manualChunks to improve chunking:
│  ]8;;https://rollupjs.org/configuration-options/#output-manualchunkshttps://rollupjs.org/configuration-options/#output-manualchunks]8;;
│  - Adjust chunk size limit for this warning via
│  build.chunkSizeWarningLimit.
│  Vite ✓ built in 10.78s
│
◇  Output directory: /Users/saurabh/PL/exp2/storybook-static
│
└  Storybook build completed successfully

