surfaces-photon-due-dates--upcoming 1440 {"violations":[],"overflow":false}
surfaces-photon-due-dates--upcoming 640 {"violations":[],"overflow":false}
surfaces-photon-due-dates--due-soon 1440 {"violations":[],"overflow":false}
surfaces-photon-due-dates--due-soon 640 {"violations":[],"overflow":false}
surfaces-photon-due-dates--overdue 1440 {"violations":[],"overflow":false}
surfaces-photon-due-dates--overdue 640 {"violations":[],"overflow":false}
surfaces-photon-due-dates--completed 1440 {"violations":[],"overflow":false}
surfaces-photon-due-dates--completed 640 {"violations":[],"overflow":false}
surfaces-photon-due-dates--missing-date 1440 {"violations":[],"overflow":false}
surfaces-photon-due-dates--missing-date 640 {"violations":[],"overflow":false}
surfaces-photon-due-dates--import-problem 1440 {"violations":[],"overflow":false}
surfaces-photon-due-dates--import-problem 640 {"violations":[],"overflow":false}
surfaces-photon-due-dates--large-same-day-group 1440 {"violations":[],"overflow":false}
surfaces-photon-due-dates--large-same-day-group 640 {"violations":[],"overflow":false}
surfaces-photon-due-dates--no-upcoming-dates 1440 {"violations":[],"overflow":false}
surfaces-photon-due-dates--no-upcoming-dates 640 {"violations":[],"overflow":false}
surfaces-photon-due-dates--loading 1440 {"violations":[],"overflow":false}
surfaces-photon-due-dates--loading 640 {"violations":[],"overflow":false}
surfaces-photon-due-dates--error 1440 {"violations":[],"overflow":false}
surfaces-photon-due-dates--error 640 {"violations":[],"overflow":false}
surfaces-photon-due-dates--photon-admin 1440 {"violations":[],"overflow":false}
surfaces-photon-due-dates--photon-admin 640 {"violations":[],"overflow":false}
surfaces-photon-due-dates--case-owner-scope 1440 {"violations":[],"overflow":false}
surfaces-photon-due-dates--case-owner-scope 640 {"violations":[],"overflow":false}
surfaces-photon-due-dates--edit-date 1440 {"violations":[],"overflow":false}
surfaces-photon-due-dates--edit-date 640 {"violations":[],"overflow":false}
surfaces-photon-due-dates--save-error 1440 {"violations":[],"overflow":false}
surfaces-photon-due-dates--save-error 640 {"violations":[],"overflow":false}
surfaces-photon-due-dates--completion-confirmation 1440 {"violations":[],"overflow":false}
surfaces-photon-due-dates--completion-confirmation 640 {"violations":[],"overflow":false}
surfaces-photon-due-dates--long-title 1440 {"violations":[],"overflow":false}
surfaces-photon-due-dates--long-title 640 {"violations":[],"overflow":false}
surfaces-photon-due-dates--spreadsheet-import 1440 {"violations":[],"overflow":false}
surfaces-photon-due-dates--spreadsheet-import 640 {"violations":[],"overflow":false}
surfaces-photon-due-dates--inventor-refused 1440 {"violations":[],"overflow":false}
surfaces-photon-due-dates--inventor-refused 640 {"violations":[],"overflow":false}
surfaces-photon-due-dates--related-instruction 1440 {"violations":[],"overflow":false}
surfaces-photon-due-dates--related-instruction 640 {"violations":[],"overflow":false}
surfaces-photon-due-dates--workspace-admin-continuation 1440 {"violations":[],"overflow":false}
surfaces-photon-due-dates--workspace-admin-continuation 640 {"violations":[],"overflow":false}
failures 0
