
> design@0.0.0 storybook:build
> storybook build


┌  Building storybook v10.6.0
│
◇  Cleaning outputDir: storybook-static
│
◇  Loading presets
│
◇  Building manager..
│
●  Building open services..
│
●  Building preview..
│
▲  No story files found for the specified pattern:
│  design/stories/**/*.mdx
│  Vite vite v5.4.21 building for production...
│  Vite transforming...
│
●  Copying static files: public at storybook-static
│
▲  Vite
│  A PostCSS plugin did not pass the `from` option to `postcss.parse`.
│  This may cause imported assets to be incorrectly transformed. If
│  you've recently added a PostCSS plugin that raised this warning,
│  please contact the package author to fix the issue.
│  Vite ✓ 4428 modules transformed.
│  Vite rendering chunks...
│  Vite computing gzip size...
│  Vite storybook-static/iframe.html
│  19.25 kB │ gzip:   5.32 kB
│  Vite storybook-static/assets/pdf.worker.min-yatZIOMy.mjs
│  1,375.84 kB
│  Vite storybook-static/assets/iframe-B1vZPMqT.css
│  128.12 kB │ gzip:  21.55 kB
│  Vite storybook-static/assets/constants-CBpXd0Y3.js
│  0.04 kB │ gzip:   0.06 kB
│  Vite storybook-static/assets/pdf.worker.min-DgRcL-GR.js
│  0.09 kB │ gzip:   0.11 kB
│  Vite storybook-static/assets/roleAccess-Ovt14rZi.js
│  0.14 kB │ gzip:   0.13 kB
│  Vite storybook-static/assets/index-D17hSi50.js
│  0.15 kB │ gzip:   0.15 kB
│  Vite storybook-static/assets/formatter-L2YTDE3Q-BrIZ5KZM.js
│  0.26 kB │ gzip:   0.22 kB
│  Vite storybook-static/assets/IdeaDraftPage-DGFRT5kV.js
│  0.27 kB │ gzip:   0.23 kB
│  Vite storybook-static/assets/chevron-up-C2IaeGEV.js
│  0.30 kB │ gzip:   0.25 kB
│  Vite storybook-static/assets/chevron-down-CI28pEiO.js
│  0.30 kB │ gzip:   0.25 kB
│  Vite storybook-static/assets/plus-CNCrknoM.js
│  0.32 kB │ gzip:   0.25 kB
│  Vite storybook-static/assets/filter-D-cQjX5c.js
│  0.33 kB │ gzip:   0.26 kB
│  Vite storybook-static/assets/arrow-right-BlcTCBZ1.js
│  0.33 kB │ gzip:   0.27 kB
│  Vite storybook-static/assets/search-Y4p7ndI3.js
│  0.34 kB │ gzip:   0.27 kB
│  Vite storybook-static/assets/circle-check-CEVY8oaJ.js
│  0.35 kB │ gzip:   0.27 kB
│  Vite storybook-static/assets/mail-wa1T0ShG.js
│  0.39 kB │ gzip:   0.30 kB
│  Vite storybook-static/assets/columns-3-CwCfEO3a.js
│  0.39 kB │ gzip:   0.29 kB
│  Vite storybook-static/assets/ellipsis-bfOwHVDS.js
│  0.40 kB │ gzip:   0.27 kB
│  Vite storybook-static/assets/arrow-up-down-CJQMWCUB.js
│  0.41 kB │ gzip:   0.30 kB
│  Vite storybook-static/assets/external-link-DES_Ih21.js
│  0.42 kB │ gzip:   0.30 kB
│  Vite storybook-static/assets/message-square-text-CRxeaOeY.js
│  0.43 kB │ gzip:   0.30 kB
│  Vite storybook-static/assets/eye-0_38pFkL.js
│  0.43 kB │ gzip:   0.31 kB
│  Vite storybook-static/assets/link-JxduGzQZ.js
│  0.43 kB │ gzip:   0.30 kB
│  Vite storybook-static/assets/upload-CBzKR6hX.js
│  0.43 kB │ gzip:   0.32 kB
│  Vite storybook-static/assets/download-CRXY8Rpm.js
│  0.43 kB │ gzip:   0.32 kB
│  Vite storybook-static/assets/pencil-DDRmziRr.js
│  0.45 kB │ gzip:   0.33 kB
│  Vite storybook-static/assets/file-question-94tlapMJ.js
│  0.45 kB │ gzip:   0.32 kB
│  Vite storybook-static/assets/users-DtTQaffF.js
│  0.47 kB │ gzip:   0.33 kB
│  Vite storybook-static/assets/BlockedRedirect-X7eS3lAU.js
│  0.49 kB │ gzip:   0.34 kB
│  Vite storybook-static/assets/file-text-BFVGMIf5.js
│  0.50 kB │ gzip:   0.32 kB
│  Vite storybook-static/assets/trash-2-DZs5jR4D.js
│  0.53 kB │ gzip:   0.35 kB
│  Vite storybook-static/assets/product-surfaces-CcH-nQeT.js
│  0.60 kB │ gzip:   0.32 kB
│  Vite storybook-static/assets/dateRange-CBDP7qe6.js
│  0.65 kB │ gzip:   0.39 kB
│  Vite storybook-static/assets/label-pfjMkwNh.js
│  0.67 kB │ gzip:   0.46 kB
│  Vite storybook-static/assets/sparkles-BnwwP6F5.js
│  0.68 kB │ gzip:   0.40 kB
│  Vite storybook-static/assets/AuthLoadingOverlay-BFrV4MaK.js
│  0.76 kB │ gzip:   0.47 kB
│  Vite storybook-static/assets/pen-line-CGzl2o4T.js
│  0.79 kB │ gzip:   0.41 kB
│  Vite storybook-static/assets/badge-CpfTuB5G.js
│  0.80 kB │ gzip:   0.43 kB
│  Vite storybook-static/assets/react-18-CIFtEXPR.js
│  0.80 kB │ gzip:   0.48 kB
│  Vite storybook-static/assets/textarea-B_SOB056.js
│  0.82 kB │ gzip:   0.49 kB
│  Vite storybook-static/assets/s3Upload-CiAeiZC-.js
│  0.90 kB │ gzip:   0.47 kB
│  Vite storybook-static/assets/separator-Cc3par4d.js
│  0.95 kB │ gzip:   0.55 kB
│  Vite storybook-static/assets/badge.stories-Dv_e-qZj.js
│  1.03 kB │ gzip:   0.59 kB
│  Vite storybook-static/assets/preload-helper-C1FmrZbK.js
│  1.14 kB │ gzip:   0.68 kB
│  Vite storybook-static/assets/textarea.stories-CuL58nxv.js
│  1.27 kB │ gzip:   0.70 kB
│  Vite storybook-static/assets/card.stories-CvjdgSpH.js
│  1.33 kB │ gzip:   0.67 kB
│  Vite storybook-static/assets/StatusChip-CskphBa7.js
│  1.38 kB │ gzip:   0.74 kB
│  Vite storybook-static/assets/AuthField-abOWG8Md.js
│  1.38 kB │ gzip:   0.73 kB
│  Vite storybook-static/assets/tooltip.stories-C3P5GXfg.js
│  1.41 kB │ gzip:   0.69 kB
│  Vite storybook-static/assets/card-Dvn5UKLN.js
│  1.48 kB │ gzip:   0.49 kB
│  Vite storybook-static/assets/switch.stories-CyfuZCBg.js
│  1.48 kB │ gzip:   0.75 kB
│  Vite storybook-static/assets/Loader-C-2q32B2.js
│  1.66 kB │ gzip:   0.70 kB
│  Vite storybook-static/assets/filter-button-BLR6jSFD.js
│  1.74 kB │ gzip:   0.85 kB
│  Vite storybook-static/assets/patentLegalStatus-CXs_s3vP.js
│  1.77 kB │ gzip:   0.50 kB
│  Vite storybook-static/assets/Assistant.stories-xWYjWQ8g.js
│  1.79 kB │ gzip:   0.93 kB
│  Vite storybook-static/assets/GradientBlobs-DABsMGjh.js
│  1.83 kB │ gzip:   0.87 kB
│  Vite storybook-static/assets/documentText-DjVMTQHF.js
│  1.85 kB │ gzip:   0.98 kB
│  Vite storybook-static/assets/radio-group.stories-mpsALHyl.js
│  1.93 kB │ gzip:   0.92 kB
│  Vite storybook-static/assets/NotFound.stories-Y4Vr2e_1.js
│  2.03 kB │ gzip:   1.05 kB
│  Vite storybook-static/assets/dialog.stories-w4_x4mpQ.js
│  2.07 kB │ gzip:   0.93 kB
│  Vite storybook-static/assets/popover.stories-DeXeMHXM.js
│  2.11 kB │ gzip:   1.01 kB
│  Vite storybook-static/assets/table-Cy8quczB.js
│  2.15 kB │ gzip:   0.58 kB
│  Vite storybook-static/assets/BrandIcons-EKQRea_4.js
│  2.15 kB │ gzip:   0.93 kB
│  Vite storybook-static/assets/collapsible-DLdV17aN.js
│  2.32 kB │ gzip:   1.03 kB
│  Vite storybook-static/assets/user-x-DinhLMZl.js
│  2.34 kB │ gzip:   0.73 kB
│  Vite storybook-static/assets/tabs.stories-aNnbl5I3.js
│  2.35 kB │ gzip:   1.04 kB
│  Vite storybook-static/assets/checkbox.stories-BeiNZKFN.js
│  2.48 kB │ gzip:   0.94 kB
│  Vite storybook-static/assets/input.stories-DV3-dp_v.js
│  2.50 kB │ gzip:   0.96 kB
│  Vite storybook-static/assets/zoom-out-DojA1n4B.js
│  2.52 kB │ gzip:   0.66 kB
│  Vite storybook-static/assets/progress-BUShbO2n.js
│  2.62 kB │ gzip:   1.26 kB
│  Vite storybook-static/assets/input-DcG35S0x.js
│  2.72 kB │ gzip:   1.32 kB
│  Vite storybook-static/assets/sheet-dEmRqtB_.js
│  2.75 kB │ gzip:   1.02 kB
│  Vite storybook-static/assets/product-chip-BcQ0mQLv.js
│  2.88 kB │ gzip:   1.01 kB
│  Vite storybook-static/assets/Chips.stories-Hyt55b8G.js
│  2.89 kB │ gzip:   1.09 kB
│  Vite storybook-static/assets/product-chip.stories-fAmBCrN5.js
│  2.92 kB │ gzip:   1.26 kB
│  Vite storybook-static/assets/dateRange.stories-Dnz6Hg36.js
│  2.99 kB │ gzip:   1.09 kB
│  Vite storybook-static/assets/alert-dialog.stories-B5vICNNs.js
│  3.04 kB │ gzip:   1.17 kB
│  Vite storybook-static/assets/Button.stories-C8engSzS.js
│  3.20 kB │ gzip:   1.05 kB
│  Vite storybook-static/assets/useMutation-BJyXaLxh.js
│  3.22 kB │ gzip:   1.31 kB
│  Vite storybook-static/assets/misc-primitives.stories-DoX8Ln9p.js
│  3.43 kB │ gzip:   1.27 kB
│  Vite storybook-static/assets/tabs-BNAoXdXC.js
│  3.47 kB │ gzip:   1.48 kB
│  Vite storybook-static/assets/StatusChip.stories-Bvs-w5ry.js
│  3.51 kB │ gzip:   1.39 kB
│  Vite storybook-static/assets/shield-check-C6LF2V0x.js
│  3.63 kB │ gzip:   1.11 kB
│  Vite storybook-static/assets/user-SiB5l5EY.js
│  3.64 kB │ gzip:   1.01 kB
│  Vite storybook-static/assets/ReviewQueueWorkspace.stories-C_DBnz1I.js
│  3.67 kB │ gzip:   1.13 kB
│  Vite storybook-static/assets/States.stories-G_5LQmxq.js
│  3.69 kB │ gzip:   1.56 kB
│  Vite storybook-static/assets/menu-radio-item.stories-ZerOTVB8.js
│  3.78 kB │ gzip:   1.81 kB
│  Vite storybook-static/assets/button.stories--yThE5gh.js
│  3.79 kB │ gzip:   1.31 kB
│  Vite storybook-static/assets/DateRangeFilter-C97dMOxq.js
│  3.83 kB │ gzip:   1.27 kB
│  Vite storybook-static/assets/Dashboard.stories-CUyi6WE7.js
│  4.03 kB │ gzip:   1.38 kB
│  Vite storybook-static/assets/alert-dialog-QTsR1UWL.js
│  4.23 kB │ gzip:   1.40 kB
│  Vite storybook-static/assets/switch-BHb9W92h.js
│  4.23 kB │ gzip:   1.84 kB
│  Vite storybook-static/assets/checkbox-CariDTIk.js
│  4.50 kB │ gzip:   1.95 kB
│  Vite storybook-static/assets/filter-button.stories-xhlcrSs9.js
│  4.51 kB │ gzip:   1.59 kB
│  Vite storybook-static/assets/tokens.tailwind-lbOp-r2d.js
│  4.64 kB │ gzip:   1.78 kB
│  Vite storybook-static/assets/BrandIcons.stories-73q8RXZH.js
│  4.97 kB │ gzip:   1.84 kB
│  Vite storybook-static/assets/popover-Dm1Sfi7e.js
│  5.12 kB │ gzip:   1.98 kB
│  Vite storybook-static/assets/GradientBlobs.stories-CHOWyOvE.js
│  5.51 kB │ gzip:   1.79 kB
│  Vite storybook-static/assets/DateRangeFilter.stories-DOGwVW77.js
│  5.76 kB │ gzip:   1.88 kB
│  Vite storybook-static/assets/PortfolioImport-pol1vsi8.js
│  5.77 kB │ gzip:   2.14 kB
│  Vite storybook-static/assets/radio-group-CLvlgfwY.js
│  6.08 kB │ gzip:   2.43 kB
│  Vite storybook-static/assets/AuthLoadingOverlay.stories-DXMrqzqW.js
│  6.11 kB │ gzip:   2.24 kB
│  Vite storybook-static/assets/PatentFieldsForm-CRX6uXRS.js
│  6.13 kB │ gzip:   2.09 kB
│  Vite storybook-static/assets/Inputs.stories-PpowS4Oa.js
│  6.59 kB │ gzip:   1.97 kB
│  Vite storybook-static/assets/Surfaces.stories-CHEQ4Dta.js
│  7.06 kB │ gzip:   2.23 kB
│  Vite storybook-static/assets/IdeaSubmissionModal-r09uVkEn.js
│  7.85 kB │ gzip:   3.18 kB
│  Vite storybook-static/assets/LinkedIdeaBadge.stories-Bc5t5e3y.js
│  7.92 kB │ gzip:   2.85 kB
│  Vite storybook-static/assets/PatentFieldsForm.stories-NKTcoH0l.js
│  8.17 kB │ gzip:   2.55 kB
│  Vite storybook-static/assets/actionsView.stories-RUelkR6Y.js
│  8.41 kB │ gzip:   2.90 kB
│  Vite storybook-static/assets/Overlays.stories-BRn6HoT-.js
│  8.55 kB │ gzip:   2.46 kB
│  Vite storybook-static/assets/Ideas.stories-D0pv7xzE.js
│  8.86 kB │ gzip:   2.42 kB
│  Vite storybook-static/assets/InventorHome.stories-C-a67lgk.js
│  9.53 kB │ gzip:   2.34 kB
│  Vite storybook-static/assets/StartIdea.stories-BNx_Hhes.js
│  9.56 kB │ gzip:   2.75 kB
│  Vite storybook-static/assets/Evaluation.stories-j87ZBOio.js
│  11.32 kB │ gzip:   2.78 kB
│  Vite storybook-static/assets/ReviewDecision.stories-V_cWpmKz.js
│  12.41 kB │ gzip:   2.94 kB
│  Vite storybook-static/assets/scroll-area-BAvW8xvd.js
│  13.80 kB │ gzip:   4.37 kB
│  Vite storybook-static/assets/command-BkkTNb3G.js
│  14.04 kB │ gzip:   5.26 kB
│  Vite storybook-static/assets/DisclosureWorkspace.stories-DOa981Ur.js
│  14.37 kB │ gzip:   3.36 kB
│  Vite storybook-static/assets/IdeasPage-DHMsPLnc.js
│  14.78 kB │ gzip:   5.06 kB
│  Vite storybook-static/assets/Login.stories-CEYbAyR8.js
│  14.78 kB │ gzip:   4.85 kB
│  Vite storybook-static/assets/Actions.stories-C4ccIIcH.js
│  15.76 kB │ gzip:   3.60 kB
│  Vite storybook-static/assets/PhotonDueDates.stories-CFWFIz-U.js
│  17.02 kB │ gzip:   3.79 kB
│  Vite storybook-static/assets/Radius.stories-KF8NAk92.js
│  17.42 kB │ gzip:   4.82 kB
│  Vite storybook-static/assets/index-9kzLcbwK.js
│  18.35 kB │ gzip:   7.01 kB
│  Vite storybook-static/assets/PatentPortfolio.stories-DZ70nQtW.js
│  18.80 kB │ gzip:   3.72 kB
│  Vite storybook-static/assets/PatentDetail.stories-D_Fdqm_g.js
│  20.24 kB │ gzip:   4.07 kB
│  Vite
│  storybook-static/assets/WorkspaceAdminDashboard.stories-C2f9SpO1.js
│  21.63 kB │ gzip:   4.52 kB
│  Vite storybook-static/assets/select-Cgo8jICg.js
│  22.34 kB │ gzip:   7.74 kB
│  Vite storybook-static/assets/Auth.stories-CVfrrDl1.js
│  23.65 kB │ gzip:   6.28 kB
│  Vite storybook-static/vite-inject-mocker-entry.js
│  28.53 kB │ gzip:   9.89 kB
│  Vite storybook-static/assets/matchers-JIUQ3HVY-CAdg16Fl.js
│  29.35 kB │ gzip:  10.00 kB
│  Vite storybook-static/assets/Color-6AOWCN3U-BnIr2ugj.js
│  30.37 kB │ gzip:  11.38 kB
│  Vite storybook-static/assets/WithTooltip-CDUNV5IS-B1Hmtl-J.js
│  33.21 kB │ gzip:  11.65 kB
│  Vite storybook-static/assets/ClientsPage-B-Q0Vs5-.js
│  44.23 kB │ gzip:  10.97 kB
│  Vite storybook-static/assets/Tokens.stories-Bqe_7CD2.js
│  46.36 kB │ gzip:  10.68 kB
│  Vite storybook-static/assets/DraftWorkspace-mKtAOfiO.js
│  49.32 kB │ gzip:  14.94 kB
│  Vite storybook-static/assets/PatentsPage-Bn6kgRUW.js
│  49.72 kB │ gzip:  14.21 kB
│  Vite storybook-static/assets/ActionsPage-BhOjxVhM.js
│  55.83 kB │ gzip:  13.50 kB
│  Vite storybook-static/assets/ReviewQueueWorkspace-BQTYHlzh.js
│  56.70 kB │ gzip:  17.22 kB
│  Vite storybook-static/assets/IdeaDetail.stories-BxbQmaJS.js
│  56.81 kB │ gzip:  14.11 kB
│  Vite storybook-static/assets/moment-C5S46NFB.js
│  60.81 kB │ gzip:  19.58 kB
│  Vite storybook-static/assets/index.esm-Zs7pLMQg.js
│  70.54 kB │ gzip:  22.80 kB
│  Vite storybook-static/assets/syntaxhighlighter-4REYKNEV-CmjJY2cZ.js
│  77.81 kB │ gzip:  26.99 kB
│  Vite storybook-static/assets/proxy-D5UGx6P8.js
│  124.76 kB │ gzip:  40.70 kB
│  Vite storybook-static/assets/Clients.stories-TN7zgGW3.js
│  136.03 kB │ gzip:  43.39 kB
│  Vite storybook-static/assets/Workspace.stories-BwjrfrGC.js
│  182.55 kB │ gzip:  47.28 kB
│  Vite storybook-static/assets/pdf-BnPRJEQ6.js
│  365.12 kB │ gzip: 107.40 kB
│  Vite storybook-static/assets/mammoth.browser-Bw6Cu3Bz.js
│  499.90 kB │ gzip: 124.75 kB
│  Vite storybook-static/assets/axe-BsE93Bew.js
│  601.10 kB │ gzip: 165.31 kB
│  Vite storybook-static/assets/Index-Dn6D7eog.js
│  621.86 kB │ gzip: 171.90 kB
│  Vite storybook-static/assets/Foundations.stories-DZS4vHmi.js
│  757.56 kB │ gzip: 136.33 kB
│  Vite storybook-static/assets/DocsRenderer-JROSPFPF-Dz4z1Io-.js
│  850.65 kB │ gzip: 270.37 kB
│  Vite storybook-static/assets/iframe-s0rBDvPF.js
│  2,446.12 kB │ gzip: 730.88 kB
│
▲  Vite
│  (!) Some chunks are larger than 500 kB after minification. Consider:
│  - Using dynamic import() to code-split the application
│  - Use build.rollupOptions.output.manualChunks to improve chunking:
│  ]8;;https://rollupjs.org/configuration-options/#output-manualchunkshttps://rollupjs.org/configuration-options/#output-manualchunks]8;;
│  - Adjust chunk size limit for this warning via
│  build.chunkSizeWarningLimit.
│  Vite ✓ built in 10.95s
│
◇  Output directory: /Users/saurabh/PL/exp2/storybook-static
│
└  Storybook build completed successfully

