
> design@0.0.0 build:design
> vite build --config vite.design.config.ts

vite v5.4.21 building for production...
transforming...

A PostCSS plugin did not pass the `from` option to `postcss.parse`. This may cause imported assets to be incorrectly transformed. If you've recently added a PostCSS plugin that raised this warning, please contact the package author to fix the issue.
✓ 4190 modules transformed.
rendering chunks...
computing gzip size...
dist/index.html                                       1.33 kB │ gzip:   0.52 kB
dist/assets/pdf.worker.min-yatZIOMy.mjs           1,375.84 kB
dist/assets/style-DTLpdRlW.css                        0.37 kB │ gzip:   0.21 kB
dist/assets/main-DeM7T5Ym.css                       139.52 kB │ gzip:  22.93 kB
dist/assets/constants-CBpXd0Y3.js                     0.04 kB │ gzip:   0.06 kB
dist/assets/pdf.worker.min-ocdtAcA3.js                0.07 kB │ gzip:   0.09 kB
dist/assets/roleAccess-Ovt14rZi.js                    0.14 kB │ gzip:   0.13 kB
dist/assets/chevron-down-Z6w61FWP.js                  0.30 kB │ gzip:   0.25 kB
dist/assets/BlockedRedirect-Bd2PVh3A.js               0.31 kB │ gzip:   0.24 kB
dist/assets/plus-Dm1XtEAQ.js                          0.32 kB │ gzip:   0.26 kB
dist/assets/filter-CsgmYrjL.js                        0.33 kB │ gzip:   0.26 kB
dist/assets/arrow-right-MzGJAuHN.js                   0.33 kB │ gzip:   0.27 kB
dist/assets/use-mobile-UYJIiMSf.js                    0.33 kB │ gzip:   0.25 kB
dist/assets/search-C9pSL8cP.js                        0.34 kB │ gzip:   0.27 kB
dist/assets/circle-check-CFWxl5Up.js                  0.34 kB │ gzip:   0.27 kB
dist/assets/clock-Z5Pi75IW.js                         0.35 kB │ gzip:   0.27 kB
dist/assets/user-C8UFVS6B.js                          0.36 kB │ gzip:   0.29 kB
dist/assets/separator-WEVGEGKl.js                     0.37 kB │ gzip:   0.27 kB
dist/assets/ProductPage-BbRESwbD.js                   0.38 kB │ gzip:   0.30 kB
dist/assets/copy-CBlqSdoL.js                          0.40 kB │ gzip:   0.30 kB
dist/assets/pen-SELiPMs2.js                           0.40 kB │ gzip:   0.30 kB
dist/assets/circle-alert-Dh5n2WbG.js                  0.42 kB │ gzip:   0.29 kB
dist/assets/calendar-Bmxl6cNZ.js                      0.43 kB │ gzip:   0.30 kB
dist/assets/upload-BuwXLkxd.js                        0.43 kB │ gzip:   0.32 kB
dist/assets/download-9HULDiWO.js                      0.43 kB │ gzip:   0.32 kB
dist/assets/pencil-BQaF8smd.js                        0.44 kB │ gzip:   0.32 kB
dist/assets/users-uqC3M9rY.js                         0.47 kB │ gzip:   0.33 kB
dist/assets/file-search-B7VPr8Bn.js                   0.49 kB │ gzip:   0.34 kB
dist/assets/save-M_O6R-GZ.js                          0.50 kB │ gzip:   0.33 kB
dist/assets/file-text-D6vj95pQ.js                     0.50 kB │ gzip:   0.32 kB
dist/assets/trash-2-snmpN30z.js                       0.53 kB │ gzip:   0.34 kB
dist/assets/file-pen-Cey6-Hqo.js                      0.54 kB │ gzip:   0.36 kB
dist/assets/AuthLoadingOverlay-BQUvWryI.js            0.54 kB │ gzip:   0.37 kB
dist/assets/arrow-up-CEQzkMM2.js                      0.61 kB │ gzip:   0.32 kB
dist/assets/textarea-Db7b_UFG.js                      0.72 kB │ gzip:   0.44 kB
dist/assets/badge-D3pLI1xl.js                         0.75 kB │ gzip:   0.40 kB
dist/assets/popover-CJahT_Kk.js                       0.78 kB │ gzip:   0.42 kB
dist/assets/checkbox-C-88pz0Y.js                      0.78 kB │ gzip:   0.43 kB
dist/assets/scroll-area-eM0X-_O4.js                   0.81 kB │ gzip:   0.43 kB
dist/assets/mail-CFUP4fRy.js                          0.90 kB │ gzip:   0.45 kB
dist/assets/chevrons-right-4v_klDBp.js                1.00 kB │ gzip:   0.38 kB
dist/assets/s3Upload-CGlROZvU.js                      1.03 kB │ gzip:   0.53 kB
dist/assets/card-BwWo0v_2.js                          1.11 kB │ gzip:   0.44 kB
dist/assets/SamlCallback-CZSevn-P.js                  1.14 kB │ gzip:   0.69 kB
dist/assets/AuthField-BIiH9i8t.js                     1.16 kB │ gzip:   0.66 kB
dist/assets/commonApi.service-CJ-7XQML.js             1.50 kB │ gzip:   0.76 kB
dist/assets/usePatentEventCompletion-lKKOX-dD.js      1.50 kB │ gzip:   0.75 kB
dist/assets/AssistantPage-DkVVpJ7G.js                 1.63 kB │ gzip:   0.85 kB
dist/assets/Loader-9whctSuU.js                        1.64 kB │ gzip:   0.68 kB
dist/assets/BrandIcons-B-9w32o5.js                    1.69 kB │ gzip:   0.79 kB
dist/assets/documentText-Dw94uwMj.js                  1.75 kB │ gzip:   0.96 kB
dist/assets/patentLegalStatus-CXs_s3vP.js             1.77 kB │ gzip:   0.50 kB
dist/assets/ActionDropdown-Gs_UCQzO.js                1.78 kB │ gzip:   1.01 kB
dist/assets/menu-radio-item-uqh1hwDp.js               1.91 kB │ gzip:   0.97 kB
dist/assets/product-chip-BNP0ubQ_.js                  1.93 kB │ gzip:   0.78 kB
dist/assets/command-vyMEjYTn.js                       2.03 kB │ gzip:   0.78 kB
dist/assets/alert-dialog-RzRms5J-.js                  2.13 kB │ gzip:   0.82 kB
dist/assets/input-Cl8YOWVf.js                         2.28 kB │ gzip:   1.14 kB
dist/assets/NotFound-Dm143Yis.js                      2.97 kB │ gzip:   1.37 kB
dist/assets/select-DKWdoDop.js                        3.01 kB │ gzip:   1.25 kB
dist/assets/Invite-Dt2eophW.js                        3.49 kB │ gzip:   1.65 kB
dist/assets/ForgotPassword-DJ4vXlsZ.js                4.71 kB │ gzip:   1.98 kB
dist/assets/ResetPassword-u5rNryIr.js                 5.23 kB │ gzip:   2.11 kB
dist/assets/Signup-veYSIOiN.js                        6.11 kB │ gzip:   2.43 kB
dist/assets/PatentFieldsForm-t2M9jfHW.js              6.25 kB │ gzip:   2.20 kB
dist/assets/ClientLogo-De9BXWjM.js                    6.98 kB │ gzip:   2.57 kB
dist/assets/IdeaSubmissionModal-DLIewx6c.js           8.07 kB │ gzip:   3.30 kB
dist/assets/Login-D63-CTkD.js                         9.07 kB │ gzip:   3.23 kB
dist/assets/patentReportPdf-D7eGYBUS.js               9.26 kB │ gzip:   3.20 kB
dist/assets/select-vendor-DZ_xLa6e.js                11.86 kB │ gzip:   4.66 kB
dist/assets/ShowScoreReport-rlGzUul3.js              15.68 kB │ gzip:   4.83 kB
dist/assets/index-CCQ6XMA8.js                        18.66 kB │ gzip:   6.95 kB
dist/assets/react-vendor-C9tE-7ls.js                 21.50 kB │ gzip:   7.97 kB
dist/assets/ActionsPage-Cx8gV0mg.js                  30.64 kB │ gzip:   8.03 kB
dist/assets/ClientsPage-Dc4Z9ZMw.js                  36.02 kB │ gzip:   8.94 kB
dist/assets/ProfilePage-1c1l6-Kb.js                  38.02 kB │ gzip:  10.01 kB
dist/assets/IdeaDraftPage-BwbOpUQA.js                38.44 kB │ gzip:  12.40 kB
dist/assets/DueDatesPage-TVg1ulah.js                 48.88 kB │ gzip:  11.53 kB
dist/assets/WorkspacePage-C6jNG2BE.js                52.84 kB │ gzip:  12.67 kB
dist/assets/ClientDetailPage-suVZDqSG.js             57.87 kB │ gzip:  15.50 kB
dist/assets/IdeasPage-SytTwNM8.js                    60.20 kB │ gzip:  17.91 kB
dist/assets/utils-vendor-BbROn-fi.js                 72.09 kB │ gzip:  26.56 kB
dist/assets/date-vendor-D8eLmKx0.js                  82.18 kB │ gzip:  25.37 kB
dist/assets/PatentsPage-mfu2uvOH.js                  85.13 kB │ gzip:  20.27 kB
dist/assets/Index-4P4dXTfK.js                        91.68 kB │ gzip:  25.64 kB
dist/assets/query-vendor-BpOrvhzI.js                 92.41 kB │ gzip:  31.29 kB
dist/assets/IdeaDetailsPage-aMYWmuZP.js              96.71 kB │ gzip:  25.50 kB
dist/assets/motion-vendor-BY6FnCf9.js               124.76 kB │ gzip:  40.71 kB
dist/assets/form-vendor-BwwNHlV4.js                 159.98 kB │ gzip:  47.41 kB
dist/assets/radix-vendor-D2ZXFRDD.js                316.42 kB │ gzip:  97.93 kB
dist/assets/pdf-BnPRJEQ6.js                         365.12 kB │ gzip: 107.40 kB
dist/assets/main-BfJg1wQF.js                        433.57 kB │ gzip: 136.43 kB
dist/assets/index-BviuzUXZ.js                       454.92 kB │ gzip: 136.74 kB
dist/assets/mammoth.browser-DWwSPrX7.js             499.90 kB │ gzip: 124.76 kB
dist/assets/charts-vendor-CwSsff0k.js               504.11 kB │ gzip: 141.90 kB
dist/assets/pdf-vendor-BFwjkKir.js                1,240.36 kB │ gzip: 452.97 kB

(!) Some chunks are larger than 500 kB after minification. Consider:
- Using dynamic import() to code-split the application
- Use build.rollupOptions.output.manualChunks to improve chunking: https://rollupjs.org/configuration-options/#output-manualchunks
- Adjust chunk size limit for this warning via build.chunkSizeWarningLimit.
✓ built in 9.20s
