wrote  surfaces-invention-disclosure-workspace--empty--at-1280x720
wrote  surfaces-invention-disclosure-workspace--empty--at-1440x900
wrote  surfaces-invention-disclosure-workspace--empty--at-1366x768
wrote  surfaces-invention-disclosure-workspace--empty--at-1920x1080
wrote  surfaces-invention-disclosure-workspace--empty--at-640x360@2
wrote  surfaces-invention-disclosure-workspace--partially-prefilled--at-1280x720
wrote  surfaces-invention-disclosure-workspace--partially-prefilled--at-1440x900
wrote  surfaces-invention-disclosure-workspace--unsupported-gaps--at-1280x720
wrote  surfaces-invention-disclosure-workspace--unsupported-gaps--at-1440x900
wrote  surfaces-invention-disclosure-workspace--saving--at-1280x720
wrote  surfaces-invention-disclosure-workspace--saving--at-1440x900
wrote  surfaces-invention-disclosure-workspace--saved--at-1280x720
wrote  surfaces-invention-disclosure-workspace--saved--at-1440x900
wrote  surfaces-invention-disclosure-workspace--offline--at-1280x720
wrote  surfaces-invention-disclosure-workspace--offline--at-1440x900
wrote  surfaces-invention-disclosure-workspace--conflict--at-1280x720
wrote  surfaces-invention-disclosure-workspace--conflict--at-1440x900
wrote  surfaces-invention-disclosure-workspace--complete--at-1280x720
wrote  surfaces-invention-disclosure-workspace--complete--at-1440x900
wrote  surfaces-invention-disclosure-workspace--evaluation-running--at-1280x720
wrote  surfaces-invention-disclosure-workspace--evaluation-running--at-1440x900
wrote  surfaces-invention-disclosure-workspace--evaluation-result--at-1280x720
wrote  surfaces-invention-disclosure-workspace--evaluation-result--at-1440x900
wrote  surfaces-invention-disclosure-workspace--evaluation-stale--at-1280x720
wrote  surfaces-invention-disclosure-workspace--evaluation-stale--at-1440x900
wrote  surfaces-invention-disclosure-workspace--requested-changes--at-1280x720
wrote  surfaces-invention-disclosure-workspace--requested-changes--at-1440x900
wrote  surfaces-invention-disclosure-workspace--resubmission--at-1280x720
wrote  surfaces-invention-disclosure-workspace--resubmission--at-1440x900
wrote  surfaces-invention-disclosure-workspace--loading--at-1280x720
wrote  surfaces-invention-disclosure-workspace--loading--at-1440x900
wrote  surfaces-invention-disclosure-workspace--error--at-1280x720
wrote  surfaces-invention-disclosure-workspace--error--at-1440x900
wrote  surfaces-invention-disclosure-workspace--workspace-admin-read-only--at-1280x720
wrote  surfaces-invention-disclosure-workspace--workspace-admin-read-only--at-1440x900
wrote  surfaces-start-an-idea--empty--at-1280x720
wrote  surfaces-start-an-idea--empty--at-1440x900
wrote  surfaces-start-an-idea--empty--at-1366x768
wrote  surfaces-start-an-idea--empty--at-1920x1080
wrote  surfaces-start-an-idea--empty--at-640x360@2
wrote  surfaces-start-an-idea--dragging-file--at-1280x720
wrote  surfaces-start-an-idea--dragging-file--at-1440x900
wrote  surfaces-start-an-idea--parsing--at-1280x720
wrote  surfaces-start-an-idea--parsing--at-1440x900
wrote  surfaces-start-an-idea--partial-extraction--at-1280x720
wrote  surfaces-start-an-idea--partial-extraction--at-1440x900
wrote  surfaces-start-an-idea--unsupported-file--at-1280x720
wrote  surfaces-start-an-idea--unsupported-file--at-1440x900
wrote  surfaces-start-an-idea--extraction-failure--at-1280x720
wrote  surfaces-start-an-idea--extraction-failure--at-1440x900
wrote  surfaces-start-an-idea--duplicate-warning--at-1280x720
wrote  surfaces-start-an-idea--duplicate-warning--at-1440x900
wrote  surfaces-start-an-idea--transition-to-disclosure--at-1280x720
wrote  surfaces-start-an-idea--transition-to-disclosure--at-1440x900
wrote  surfaces-start-an-idea--on-behalf--at-1280x720
wrote  surfaces-start-an-idea--on-behalf--at-1440x900
wrote  surfaces-start-an-idea--loading--at-1280x720
wrote  surfaces-start-an-idea--loading--at-1440x900
wrote  surfaces-start-an-idea--error--at-1280x720
wrote  surfaces-start-an-idea--error--at-1440x900
shots: all stories rendered, stable within 40 pixels, no egress
