
> design@0.0.0 build:design
> vite build --config vite.design.config.ts

vite v5.4.21 building for production...
transforming...

A PostCSS plugin did not pass the `from` option to `postcss.parse`. This may cause imported assets to be incorrectly transformed. If you've recently added a PostCSS plugin that raised this warning, please contact the package author to fix the issue.
✓ 4190 modules transformed.
rendering chunks...
computing gzip size...
dist/index.html                                       1.33 kB │ gzip:   0.52 kB
dist/assets/pdf.worker.min-yatZIOMy.mjs           1,375.84 kB
dist/assets/style-DTLpdRlW.css                        0.37 kB │ gzip:   0.21 kB
dist/assets/main-CVrW9wKQ.css                       137.68 kB │ gzip:  22.71 kB
dist/assets/constants-CBpXd0Y3.js                     0.04 kB │ gzip:   0.06 kB
dist/assets/pdf.worker.min-ocdtAcA3.js                0.07 kB │ gzip:   0.09 kB
dist/assets/roleAccess-Ovt14rZi.js                    0.14 kB │ gzip:   0.13 kB
dist/assets/chevron-down-BFN9Gato.js                  0.30 kB │ gzip:   0.25 kB
dist/assets/BlockedRedirect-BJBP3z2a.js               0.31 kB │ gzip:   0.24 kB
dist/assets/plus-3Q5hY9O2.js                          0.32 kB │ gzip:   0.25 kB
dist/assets/filter-CijVaH79.js                        0.33 kB │ gzip:   0.26 kB
dist/assets/arrow-right-CSSP4oPq.js                   0.33 kB │ gzip:   0.27 kB
dist/assets/use-mobile-DrQMjxYn.js                    0.33 kB │ gzip:   0.25 kB
dist/assets/search-yjE6l9jR.js                        0.34 kB │ gzip:   0.27 kB
dist/assets/circle-check-BRccp_xV.js                  0.34 kB │ gzip:   0.27 kB
dist/assets/clock-CXPDxs9x.js                         0.35 kB │ gzip:   0.27 kB
dist/assets/user-BiRJAtYF.js                          0.36 kB │ gzip:   0.28 kB
dist/assets/separator-DZfVoYNj.js                     0.37 kB │ gzip:   0.27 kB
dist/assets/ProductPage-PC-sbLDy.js                   0.38 kB │ gzip:   0.30 kB
dist/assets/copy-BA3o7zN-.js                          0.40 kB │ gzip:   0.30 kB
dist/assets/pen-fGOT39CB.js                           0.40 kB │ gzip:   0.30 kB
dist/assets/calendar-CBP1ekMW.js                      0.43 kB │ gzip:   0.30 kB
dist/assets/upload-CheKxi5o.js                        0.43 kB │ gzip:   0.32 kB
dist/assets/download-DTGf-dsW.js                      0.43 kB │ gzip:   0.32 kB
dist/assets/pencil-D2DHsv13.js                        0.44 kB │ gzip:   0.32 kB
dist/assets/users-Mxy4L2BL.js                         0.47 kB │ gzip:   0.33 kB
dist/assets/file-search-mXa08UpX.js                   0.49 kB │ gzip:   0.34 kB
dist/assets/save-C7V3ymUl.js                          0.50 kB │ gzip:   0.33 kB
dist/assets/file-text-9eUwHQEB.js                     0.50 kB │ gzip:   0.32 kB
dist/assets/trash-2-Cs2bWLTk.js                       0.53 kB │ gzip:   0.34 kB
dist/assets/file-pen-CIBd7dV0.js                      0.54 kB │ gzip:   0.36 kB
dist/assets/AuthLoadingOverlay-2YzaYLAs.js            0.54 kB │ gzip:   0.37 kB
dist/assets/arrow-up--1xuMd_n.js                      0.61 kB │ gzip:   0.31 kB
dist/assets/textarea-Cw5iNt5_.js                      0.72 kB │ gzip:   0.44 kB
dist/assets/badge-38ml5xY0.js                         0.75 kB │ gzip:   0.39 kB
dist/assets/popover-TGW881Vx.js                       0.78 kB │ gzip:   0.42 kB
dist/assets/checkbox-_qUaew88.js                      0.78 kB │ gzip:   0.43 kB
dist/assets/scroll-area-BDv6yf04.js                   0.81 kB │ gzip:   0.43 kB
dist/assets/mail-IzP-P8Gq.js                          0.90 kB │ gzip:   0.45 kB
dist/assets/chevrons-right-0lEkebdY.js                1.00 kB │ gzip:   0.38 kB
dist/assets/s3Upload-CwpffSt7.js                      1.03 kB │ gzip:   0.53 kB
dist/assets/card-DGR923ur.js                          1.11 kB │ gzip:   0.44 kB
dist/assets/SamlCallback-fEFLLnzH.js                  1.14 kB │ gzip:   0.69 kB
dist/assets/AuthField-CjM_lL6h.js                     1.16 kB │ gzip:   0.66 kB
dist/assets/StatusChip-DDrLlD_E.js                    1.28 kB │ gzip:   0.77 kB
dist/assets/commonApi.service-CpASk3vp.js             1.50 kB │ gzip:   0.76 kB
dist/assets/usePatentEventCompletion-TD4n-d0B.js      1.50 kB │ gzip:   0.75 kB
dist/assets/AssistantPage-C5P6jvPV.js                 1.63 kB │ gzip:   0.85 kB
dist/assets/Loader-CbXeFuZ3.js                        1.64 kB │ gzip:   0.68 kB
dist/assets/BrandIcons-B4BYrgjk.js                    1.69 kB │ gzip:   0.78 kB
dist/assets/documentText-DJxoZvHG.js                  1.75 kB │ gzip:   0.96 kB
dist/assets/patentLegalStatus-CXs_s3vP.js             1.77 kB │ gzip:   0.50 kB
dist/assets/ActionDropdown-CI1ZwIwT.js                1.78 kB │ gzip:   1.00 kB
dist/assets/menu-radio-item-CnbEsUSS.js               1.91 kB │ gzip:   0.97 kB
dist/assets/product-chip-BuYnrg1D.js                  1.93 kB │ gzip:   0.78 kB
dist/assets/command-sC0arpdh.js                       2.03 kB │ gzip:   0.78 kB
dist/assets/alert-dialog-B4GPTUXQ.js                  2.13 kB │ gzip:   0.81 kB
dist/assets/input-BOS3qzk2.js                         2.28 kB │ gzip:   1.14 kB
dist/assets/NotFound-CwCAxuNJ.js                      2.97 kB │ gzip:   1.37 kB
dist/assets/select-DJw6rSZN.js                        3.01 kB │ gzip:   1.25 kB
dist/assets/Invite-CijfKpiZ.js                        3.49 kB │ gzip:   1.65 kB
dist/assets/ForgotPassword-Cx59fa_E.js                4.71 kB │ gzip:   1.98 kB
dist/assets/ResetPassword-D7wf8JUL.js                 5.23 kB │ gzip:   2.12 kB
dist/assets/Signup-CZ6Rbf10.js                        6.11 kB │ gzip:   2.43 kB
dist/assets/PatentFieldsForm-C5S5NZW6.js              6.25 kB │ gzip:   2.20 kB
dist/assets/ClientLogo-CdEiJS2H.js                    7.34 kB │ gzip:   2.77 kB
dist/assets/IdeaSubmissionModal-BEGCcanw.js           8.07 kB │ gzip:   3.30 kB
dist/assets/ShowScoreReport-CndNsWHG.js               8.68 kB │ gzip:   3.40 kB
dist/assets/Login-BSl4vXAN.js                         9.07 kB │ gzip:   3.23 kB
dist/assets/patentReportPdf-DJorB1KQ.js               9.26 kB │ gzip:   3.20 kB
dist/assets/select-vendor-DxUYxJsA.js                11.86 kB │ gzip:   4.66 kB
dist/assets/index-Wtkt37NK.js                        18.66 kB │ gzip:   6.95 kB
dist/assets/react-vendor-n_txrk3b.js                 21.50 kB │ gzip:   7.97 kB
dist/assets/ActionsPage-BVNnG5Gp.js                  30.64 kB │ gzip:   8.03 kB
dist/assets/ClientsPage-CIXqHqf0.js                  35.98 kB │ gzip:   8.93 kB
dist/assets/IdeaDraftPage-Crbo_Esb.js                37.10 kB │ gzip:  11.54 kB
dist/assets/ProfilePage-05brl-uN.js                  38.02 kB │ gzip:  10.01 kB
dist/assets/DueDatesPage-DsXAw11G.js                 48.88 kB │ gzip:  11.53 kB
dist/assets/WorkspacePage-D4eDtucI.js                52.84 kB │ gzip:  12.67 kB
dist/assets/ClientDetailPage-CfJJBSbA.js             57.83 kB │ gzip:  15.48 kB
dist/assets/IdeasPage-Xumd1eIM.js                    60.20 kB │ gzip:  17.91 kB
dist/assets/utils-vendor-BMqD49QO.js                 72.09 kB │ gzip:  26.56 kB
dist/assets/date-vendor-D8eLmKx0.js                  82.18 kB │ gzip:  25.37 kB
dist/assets/PatentsPage-DJv1WFWE.js                  85.13 kB │ gzip:  20.27 kB
dist/assets/Index-CKjAFfEH.js                        91.68 kB │ gzip:  25.64 kB
dist/assets/query-vendor-BI31PEkb.js                 92.41 kB │ gzip:  31.29 kB
dist/assets/IdeaDetailsPage-tU1vpr3h.js              97.49 kB │ gzip:  25.71 kB
dist/assets/motion-vendor-CMd_bZHC.js               124.76 kB │ gzip:  40.71 kB
dist/assets/form-vendor-fzOXtIBi.js                 159.98 kB │ gzip:  47.41 kB
dist/assets/radix-vendor-BRrAx06F.js                316.42 kB │ gzip:  97.85 kB
dist/assets/pdf-BnPRJEQ6.js                         365.12 kB │ gzip: 107.40 kB
dist/assets/main-YLbDjjkq.js                        433.56 kB │ gzip: 136.43 kB
dist/assets/index-D3FV96b9.js                       457.63 kB │ gzip: 137.65 kB
dist/assets/mammoth.browser-CGFZ_6YM.js             499.90 kB │ gzip: 124.75 kB
dist/assets/charts-vendor-CWIJkp7_.js               504.11 kB │ gzip: 141.90 kB
dist/assets/pdf-vendor-w4Hybfcz.js                1,240.36 kB │ gzip: 452.97 kB

(!) Some chunks are larger than 500 kB after minification. Consider:
- Using dynamic import() to code-split the application
- Use build.rollupOptions.output.manualChunks to improve chunking: https://rollupjs.org/configuration-options/#output-manualchunks
- Adjust chunk size limit for this warning via build.chunkSizeWarningLimit.
✓ built in 5.91s
