
> design@0.0.0 storybook:build
> storybook build


┌  Building storybook v10.6.0
│
◇  Cleaning outputDir: storybook-static
│
◇  Loading presets
│
◇  Building manager..
│
●  Building open services..
│
●  Building preview..
│
▲  No story files found for the specified pattern:
│  design/stories/**/*.mdx
│  Vite vite v5.4.21 building for production...
│  Vite transforming...
│
●  Copying static files: public at storybook-static
│
▲  Vite
│  A PostCSS plugin did not pass the `from` option to `postcss.parse`.
│  This may cause imported assets to be incorrectly transformed. If
│  you've recently added a PostCSS plugin that raised this warning,
│  please contact the package author to fix the issue.
│  Vite ✓ 4439 modules transformed.
│  Vite rendering chunks...
│  Vite computing gzip size...
│  Vite storybook-static/iframe.html
│  19.25 kB │ gzip:   5.32 kB
│  Vite storybook-static/assets/pdf.worker.min-yatZIOMy.mjs
│  1,375.84 kB
│  Vite storybook-static/assets/iframe-DEHvbvVs.css
│  138.02 kB │ gzip:  22.82 kB
│  Vite storybook-static/assets/constants-CBpXd0Y3.js
│  0.04 kB │ gzip:   0.06 kB
│  Vite storybook-static/assets/pdf.worker.min-DgRcL-GR.js
│  0.09 kB │ gzip:   0.11 kB
│  Vite storybook-static/assets/client-B8_FETVh.js
│  0.10 kB │ gzip:   0.11 kB
│  Vite storybook-static/assets/index-D17hSi50.js
│  0.15 kB │ gzip:   0.15 kB
│  Vite storybook-static/assets/IdeaDraftPage-KVJKnxvq.js
│  0.27 kB │ gzip:   0.23 kB
│  Vite storybook-static/assets/formatter-L2YTDE3Q-Bza6dpst.js
│  0.29 kB │ gzip:   0.24 kB
│  Vite storybook-static/assets/chevron-up-Coy19FOC.js
│  0.30 kB │ gzip:   0.25 kB
│  Vite storybook-static/assets/chevron-down-Cd-g1oS2.js
│  0.30 kB │ gzip:   0.25 kB
│  Vite storybook-static/assets/plus-DgpzItUR.js
│  0.32 kB │ gzip:   0.26 kB
│  Vite storybook-static/assets/use-mobile-C46HVeyE.js
│  0.33 kB │ gzip:   0.24 kB
│  Vite storybook-static/assets/filter-CxhOoB1G.js
│  0.33 kB │ gzip:   0.26 kB
│  Vite storybook-static/assets/arrow-right-DirNY-ez.js
│  0.33 kB │ gzip:   0.27 kB
│  Vite storybook-static/assets/search-8jGmpmuq.js
│  0.34 kB │ gzip:   0.27 kB
│  Vite storybook-static/assets/circle-check-BR-teyob.js
│  0.35 kB │ gzip:   0.27 kB
│  Vite storybook-static/assets/clock-0UqCIMgY.js
│  0.35 kB │ gzip:   0.27 kB
│  Vite storybook-static/assets/trending-up-O_9OTv6x.js
│  0.37 kB │ gzip:   0.29 kB
│  Vite storybook-static/assets/mail-DyBNJCSP.js
│  0.39 kB │ gzip:   0.30 kB
│  Vite storybook-static/assets/columns-3-Dk2jAC0g.js
│  0.39 kB │ gzip:   0.29 kB
│  Vite storybook-static/assets/ellipsis-B6uSdGx-.js
│  0.40 kB │ gzip:   0.27 kB
│  Vite storybook-static/assets/actionsView-DiNVbgzf.js
│  0.41 kB │ gzip:   0.26 kB
│  Vite storybook-static/assets/arrow-up-down-0kAS3RG9.js
│  0.41 kB │ gzip:   0.30 kB
│  Vite storybook-static/assets/external-link-B14N7T0q.js
│  0.42 kB │ gzip:   0.30 kB
│  Vite storybook-static/assets/message-square-text-CJKOWzJB.js
│  0.43 kB │ gzip:   0.30 kB
│  Vite storybook-static/assets/eye-NHdESTGL.js
│  0.43 kB │ gzip:   0.31 kB
│  Vite storybook-static/assets/link-x8ZgQPFs.js
│  0.43 kB │ gzip:   0.30 kB
│  Vite storybook-static/assets/calendar-2jctJCQr.js
│  0.43 kB │ gzip:   0.30 kB
│  Vite storybook-static/assets/upload-ndr9Pek5.js
│  0.43 kB │ gzip:   0.32 kB
│  Vite storybook-static/assets/download-BheiMeH2.js
│  0.43 kB │ gzip:   0.32 kB
│  Vite storybook-static/assets/pencil-CVnDOs_L.js
│  0.45 kB │ gzip:   0.33 kB
│  Vite storybook-static/assets/file-question-DAqPjWkl.js
│  0.45 kB │ gzip:   0.32 kB
│  Vite storybook-static/assets/users-RuFpifqc.js
│  0.47 kB │ gzip:   0.33 kB
│  Vite storybook-static/assets/BlockedRedirect-UD_KrkKN.js
│  0.49 kB │ gzip:   0.34 kB
│  Vite storybook-static/assets/file-search-C3E7MkN5.js
│  0.49 kB │ gzip:   0.34 kB
│  Vite storybook-static/assets/file-text-UBCuJhzU.js
│  0.50 kB │ gzip:   0.32 kB
│  Vite storybook-static/assets/trash-2-B3J4a06e.js
│  0.53 kB │ gzip:   0.35 kB
│  Vite storybook-static/assets/file-pen-Chl2We2o.js
│  0.54 kB │ gzip:   0.36 kB
│  Vite storybook-static/assets/product-surfaces-CcH-nQeT.js
│  0.60 kB │ gzip:   0.32 kB
│  Vite storybook-static/assets/arrow-up-BnoC-9fX.js
│  0.61 kB │ gzip:   0.31 kB
│  Vite storybook-static/assets/chevrons-right-lA69TAOB.js
│  0.63 kB │ gzip:   0.30 kB
│  Vite storybook-static/assets/star-DJZHq3JN.js
│  0.64 kB │ gzip:   0.40 kB
│  Vite storybook-static/assets/dateRange-cJWmNIJn.js
│  0.66 kB │ gzip:   0.39 kB
│  Vite storybook-static/assets/label-CQ86UmO8.js
│  0.67 kB │ gzip:   0.46 kB
│  Vite storybook-static/assets/sparkles-DvE-3qnf.js
│  0.68 kB │ gzip:   0.40 kB
│  Vite storybook-static/assets/user-Do2_t17x.js
│  0.72 kB │ gzip:   0.38 kB
│  Vite storybook-static/assets/AuthLoadingOverlay-BvI_98n4.js
│  0.76 kB │ gzip:   0.47 kB
│  Vite storybook-static/assets/usePatentEventCompletion-B4uYtlWB.js
│  0.76 kB │ gzip:   0.47 kB
│  Vite storybook-static/assets/rotate-ccw-BfKC2gG8.js
│  0.79 kB │ gzip:   0.36 kB
│  Vite storybook-static/assets/pen-line-Cr9GrnPd.js
│  0.79 kB │ gzip:   0.41 kB
│  Vite storybook-static/assets/badge-CoQaBukz.js
│  0.80 kB │ gzip:   0.43 kB
│  Vite storybook-static/assets/react-18-omTFkQxu.js
│  0.80 kB │ gzip:   0.48 kB
│  Vite storybook-static/assets/textarea-DHEqhImK.js
│  0.82 kB │ gzip:   0.49 kB
│  Vite storybook-static/assets/zoom-out-C8u_8GtM.js
│  0.84 kB │ gzip:   0.33 kB
│  Vite storybook-static/assets/save-Buct4twS.js
│  0.85 kB │ gzip:   0.41 kB
│  Vite storybook-static/assets/layout-list-Be-oIxwu.js
│  0.88 kB │ gzip:   0.39 kB
│  Vite storybook-static/assets/s3Upload-CWHVp5Aa.js
│  0.90 kB │ gzip:   0.47 kB
│  Vite storybook-static/assets/separator-CTt_LCA6.js
│  0.95 kB │ gzip:   0.55 kB
│  Vite storybook-static/assets/badge.stories-CLjkRkAd.js
│  1.03 kB │ gzip:   0.59 kB
│  Vite storybook-static/assets/preload-helper-C1FmrZbK.js
│  1.14 kB │ gzip:   0.68 kB
│  Vite storybook-static/assets/menu-radio-item-Bm72bi55.js
│  1.14 kB │ gzip:   0.66 kB
│  Vite storybook-static/assets/table-PnlDHtne.js
│  1.26 kB │ gzip:   0.46 kB
│  Vite storybook-static/assets/textarea.stories-C4i61ltd.js
│  1.27 kB │ gzip:   0.70 kB
│  Vite storybook-static/assets/card.stories-CJiziASK.js
│  1.33 kB │ gzip:   0.67 kB
│  Vite storybook-static/assets/commonApi.service-DREqSzrR.js
│  1.37 kB │ gzip:   0.71 kB
│  Vite storybook-static/assets/StatusChip-nrl1kaQu.js
│  1.38 kB │ gzip:   0.74 kB
│  Vite storybook-static/assets/AuthField-BEfNG06-.js
│  1.38 kB │ gzip:   0.73 kB
│  Vite storybook-static/assets/tooltip.stories-CP2M3V0V.js
│  1.41 kB │ gzip:   0.69 kB
│  Vite storybook-static/assets/card-CGOb_cMM.js
│  1.48 kB │ gzip:   0.49 kB
│  Vite storybook-static/assets/switch.stories-DSXQ40hs.js
│  1.48 kB │ gzip:   0.75 kB
│  Vite storybook-static/assets/LinkedIdeaBadge-CuOEuRTo.js
│  1.56 kB │ gzip:   0.83 kB
│  Vite storybook-static/assets/user-x-CjzYuUNL.js
│  1.57 kB │ gzip:   0.55 kB
│  Vite storybook-static/assets/Loader-CuUV5mQY.js
│  1.66 kB │ gzip:   0.70 kB
│  Vite storybook-static/assets/filter-button-RR8ZXWJx.js
│  1.74 kB │ gzip:   0.85 kB
│  Vite storybook-static/assets/patentLegalStatus-CXs_s3vP.js
│  1.77 kB │ gzip:   0.50 kB
│  Vite storybook-static/assets/Assistant.stories-C6Cp4YkF.js
│  1.79 kB │ gzip:   0.93 kB
│  Vite storybook-static/assets/GradientBlobs-DXKCqvgm.js
│  1.83 kB │ gzip:   0.87 kB
│  Vite storybook-static/assets/documentText-UBsThSs5.js
│  1.85 kB │ gzip:   0.98 kB
│  Vite storybook-static/assets/ActionDropdown-CRkEPnhj.js
│  1.87 kB │ gzip:   0.93 kB
│  Vite storybook-static/assets/triangle-alert-D2JjPHfp.js
│  1.91 kB │ gzip:   0.64 kB
│  Vite storybook-static/assets/radio-group.stories-Bfjk0tuw.js
│  1.93 kB │ gzip:   0.92 kB
│  Vite storybook-static/assets/NotFound.stories-DMdNDCyt.js
│  2.04 kB │ gzip:   1.05 kB
│  Vite storybook-static/assets/dialog.stories-BbCp5sP4.js
│  2.07 kB │ gzip:   0.93 kB
│  Vite storybook-static/assets/popover.stories-x_57JjxZ.js
│  2.11 kB │ gzip:   1.01 kB
│  Vite storybook-static/assets/tags-De4gFRip.js
│  2.11 kB │ gzip:   0.70 kB
│  Vite storybook-static/assets/BrandIcons-BsWqLvli.js
│  2.15 kB │ gzip:   0.93 kB
│  Vite storybook-static/assets/user-plus-vnaJ9gl-.js
│  2.17 kB │ gzip:   0.73 kB
│  Vite storybook-static/assets/collapsible-Dj3WDQjl.js
│  2.32 kB │ gzip:   1.03 kB
│  Vite storybook-static/assets/tabs.stories-DoxyHz4P.js
│  2.35 kB │ gzip:   1.04 kB
│  Vite storybook-static/assets/checkbox.stories-DZOl4Z0G.js
│  2.48 kB │ gzip:   0.94 kB
│  Vite storybook-static/assets/input.stories-BDxIcJtX.js
│  2.50 kB │ gzip:   0.96 kB
│  Vite storybook-static/assets/progress-BRi6s65H.js
│  2.62 kB │ gzip:   1.26 kB
│  Vite storybook-static/assets/input-r_w0Aaf6.js
│  2.72 kB │ gzip:   1.32 kB
│  Vite storybook-static/assets/menu-radio-item.stories-CBlkR6Ka.js
│  2.75 kB │ gzip:   1.32 kB
│  Vite storybook-static/assets/sheet-BaHW-dul.js
│  2.75 kB │ gzip:   1.02 kB
│  Vite storybook-static/assets/product-chip-B4AKTGF5.js
│  2.88 kB │ gzip:   1.01 kB
│  Vite storybook-static/assets/Chips.stories-DIXKWFBV.js
│  2.89 kB │ gzip:   1.09 kB
│  Vite storybook-static/assets/product-chip.stories-cSdy47Bk.js
│  2.92 kB │ gzip:   1.26 kB
│  Vite storybook-static/assets/dateRange.stories-pg-QNGHC.js
│  3.00 kB │ gzip:   1.09 kB
│  Vite storybook-static/assets/alert-dialog.stories-BM4cVEVM.js
│  3.04 kB │ gzip:   1.17 kB
│  Vite storybook-static/assets/Button.stories-BGR3p5oG.js
│  3.20 kB │ gzip:   1.05 kB
│  Vite storybook-static/assets/useMutation-CU1EtIft.js
│  3.22 kB │ gzip:   1.31 kB
│  Vite storybook-static/assets/misc-primitives.stories-BHULF08H.js
│  3.43 kB │ gzip:   1.27 kB
│  Vite storybook-static/assets/tabs-BOtFN7St.js
│  3.48 kB │ gzip:   1.48 kB
│  Vite storybook-static/assets/StatusChip.stories-BsqGXmrb.js
│  3.51 kB │ gzip:   1.39 kB
│  Vite storybook-static/assets/shield-check-CH5HTMXS.js
│  3.63 kB │ gzip:   1.11 kB
│  Vite storybook-static/assets/ReviewQueueWorkspace.stories-O5fwT6-_.js
│  3.70 kB │ gzip:   1.14 kB
│  Vite storybook-static/assets/button.stories-DDi8cNFl.js
│  3.79 kB │ gzip:   1.31 kB
│  Vite storybook-static/assets/DateRangeFilter-Di4YVbTv.js
│  3.83 kB │ gzip:   1.27 kB
│  Vite storybook-static/assets/States.stories-BXTJtnqu.js
│  4.11 kB │ gzip:   1.73 kB
│  Vite storybook-static/assets/Ideas.stories-BJDjg_Xu.js
│  4.13 kB │ gzip:   1.58 kB
│  Vite storybook-static/assets/Dashboard.stories-Ba-gIbeX.js
│  4.14 kB │ gzip:   1.42 kB
│  Vite storybook-static/assets/alert-dialog-rg5-UjU5.js
│  4.22 kB │ gzip:   1.39 kB
│  Vite storybook-static/assets/switch-BsPBzag_.js
│  4.23 kB │ gzip:   1.83 kB
│  Vite storybook-static/assets/checkbox-BaZGWO3R.js
│  4.50 kB │ gzip:   1.96 kB
│  Vite storybook-static/assets/filter-button.stories-BZuyLSUG.js
│  4.51 kB │ gzip:   1.59 kB
│  Vite storybook-static/assets/tokens.tailwind-lbOp-r2d.js
│  4.64 kB │ gzip:   1.78 kB
│  Vite storybook-static/assets/BrandIcons.stories-DmQU0eqi.js
│  4.97 kB │ gzip:   1.84 kB
│  Vite storybook-static/assets/ReviewQueue.stories-DFJUvWdK.js
│  5.01 kB │ gzip:   1.81 kB
│  Vite storybook-static/assets/popover-D1Pf_9uL.js
│  5.13 kB │ gzip:   1.98 kB
│  Vite storybook-static/assets/GradientBlobs.stories-CJ3zjUTz.js
│  5.51 kB │ gzip:   1.79 kB
│  Vite storybook-static/assets/DateRangeFilter.stories-B6cjBKws.js
│  5.76 kB │ gzip:   1.88 kB
│  Vite storybook-static/assets/radio-group-Bo3UHaej.js
│  6.08 kB │ gzip:   2.44 kB
│  Vite storybook-static/assets/AuthLoadingOverlay.stories-Dtwpqmn0.js
│  6.11 kB │ gzip:   2.24 kB
│  Vite storybook-static/assets/PatentFieldsForm-DByd6xAi.js
│  6.13 kB │ gzip:   2.09 kB
│  Vite storybook-static/assets/LinkedIdeaBadge.stories-BJbxag0y.js
│  6.50 kB │ gzip:   2.27 kB
│  Vite storybook-static/assets/Inputs.stories-Bp7mJyl_.js
│  6.59 kB │ gzip:   1.97 kB
│  Vite storybook-static/assets/Surfaces.stories-B3713F5o.js
│  7.06 kB │ gzip:   2.23 kB
│  Vite storybook-static/assets/IdeaSubmissionModal-8I-kV433.js
│  7.85 kB │ gzip:   3.17 kB
│  Vite storybook-static/assets/actionsView.stories-C_sX3ewd.js
│  8.09 kB │ gzip:   2.80 kB
│  Vite storybook-static/assets/PatentFieldsForm.stories-DytCSJrL.js
│  8.17 kB │ gzip:   2.55 kB
│  Vite storybook-static/assets/Overlays.stories--_6ZOMNa.js
│  8.55 kB │ gzip:   2.46 kB
│  Vite storybook-static/assets/StartIdea.stories-Dae8ymQF.js
│  9.60 kB │ gzip:   2.77 kB
│  Vite storybook-static/assets/ShowScoreReport-MXrY0BnK.js
│  9.63 kB │ gzip:   3.55 kB
│  Vite storybook-static/assets/InventorHome.stories-CAR3xehW.js
│  9.64 kB │ gzip:   2.39 kB
│  Vite storybook-static/assets/Evaluation.stories-BFJ4ytYW.js
│  10.65 kB │ gzip:   2.64 kB
│  Vite storybook-static/assets/scroll-area-CW_ODgCd.js
│  13.80 kB │ gzip:   4.37 kB
│  Vite storybook-static/assets/command-CfSOJQF0.js
│  14.05 kB │ gzip:   5.26 kB
│  Vite storybook-static/assets/DisclosureWorkspace.stories-CkfZIsL0.js
│  14.40 kB │ gzip:   3.38 kB
│  Vite storybook-static/assets/Login.stories-DXxauAz6.js
│  14.78 kB │ gzip:   4.85 kB
│  Vite storybook-static/assets/index-ol7sydkT.js
│  17.00 kB │ gzip:   6.40 kB
│  Vite storybook-static/assets/Radius.stories-DPYd6a9E.js
│  17.42 kB │ gzip:   4.82 kB
│  Vite storybook-static/assets/format-B8qhVQYN.js
│  20.23 kB │ gzip:   5.66 kB
│  Vite
│  storybook-static/assets/WorkspaceAdminDashboard.stories-DL8WheCq.js
│  21.74 kB │ gzip:   4.56 kB
│  Vite storybook-static/assets/select-CABPby9K.js
│  22.34 kB │ gzip:   7.74 kB
│  Vite storybook-static/assets/Auth.stories-CYMV8eL7.js
│  23.65 kB │ gzip:   6.28 kB
│  Vite storybook-static/assets/IdeasPage-BCeJtDTG.js
│  27.68 kB │ gzip:   8.23 kB
│  Vite storybook-static/vite-inject-mocker-entry.js
│  28.53 kB │ gzip:   9.89 kB
│  Vite storybook-static/assets/matchers-JIUQ3HVY-CAdg16Fl.js
│  29.35 kB │ gzip:  10.00 kB
│  Vite storybook-static/assets/Color-6AOWCN3U-qicUcjiH.js
│  30.40 kB │ gzip:  11.40 kB
│  Vite storybook-static/assets/ReviewQueueWorkspace-8kI53Gos.js
│  31.50 kB │ gzip:  10.14 kB
│  Vite storybook-static/assets/WithTooltip-CDUNV5IS-Bukf79GX.js
│  33.24 kB │ gzip:  11.66 kB
│  Vite storybook-static/assets/Actions.stories-CAea8cXq.js
│  35.66 kB │ gzip:   9.12 kB
│  Vite storybook-static/assets/DraftWorkspace-B2jL6fn7.js
│  37.63 kB │ gzip:  11.60 kB
│  Vite storybook-static/assets/ClientsPage-siiGoXx1.js
│  44.27 kB │ gzip:  10.98 kB
│  Vite storybook-static/assets/Tokens.stories-BC-686Sf.js
│  46.36 kB │ gzip:  10.68 kB
│  Vite storybook-static/assets/DueDates.stories-C9oREXBd.js
│  55.55 kB │ gzip:  13.28 kB
│  Vite storybook-static/assets/moment-6s1J6Usy.js
│  60.95 kB │ gzip:  19.66 kB
│  Vite storybook-static/assets/index.esm-CnF6NGiB.js
│  70.54 kB │ gzip:  22.80 kB
│  Vite storybook-static/assets/syntaxhighlighter-4REYKNEV-ChG2m8-3.js
│  77.84 kB │ gzip:  27.01 kB
│  Vite storybook-static/assets/Patents.stories-C4yoN9Rc.js
│  84.80 kB │ gzip:  20.13 kB
│  Vite storybook-static/assets/IdeaDetails.stories-3fHC4mIY.js
│  117.46 kB │ gzip:  29.07 kB
│  Vite storybook-static/assets/proxy-a9tQ6djB.js
│  124.76 kB │ gzip:  40.70 kB
│  Vite storybook-static/assets/Clients.stories-DJQlB5HX.js
│  136.25 kB │ gzip:  43.47 kB
│  Vite storybook-static/assets/Workspace.stories-1EdAGdnW.js
│  182.66 kB │ gzip:  47.33 kB
│  Vite storybook-static/assets/pdf-BnPRJEQ6.js
│  365.12 kB │ gzip: 107.40 kB
│  Vite storybook-static/assets/mammoth.browser-sRS8JMth.js
│  499.90 kB │ gzip: 124.75 kB
│  Vite storybook-static/assets/axe-v8j3ld2y.js
│  601.10 kB │ gzip: 165.31 kB
│  Vite storybook-static/assets/Index-Cl1caV9w.js
│  621.30 kB │ gzip: 171.68 kB
│  Vite storybook-static/assets/Foundations.stories-DQbC9RS2.js
│  752.44 kB │ gzip: 135.78 kB
│  Vite storybook-static/assets/DocsRenderer-JROSPFPF-DAZEpQDT.js
│  850.69 kB │ gzip: 270.39 kB
│  Vite storybook-static/assets/patentReportPdf-DM6Az1Wh.js
│  1,254.50 kB │ gzip: 456.95 kB
│  Vite storybook-static/assets/iframe-B3l-_SEk.js
│  2,419.92 kB │ gzip: 724.17 kB
│
▲  Vite
│  (!) Some chunks are larger than 500 kB after minification. Consider:
│  - Using dynamic import() to code-split the application
│  - Use build.rollupOptions.output.manualChunks to improve chunking:
│  ]8;;https://rollupjs.org/configuration-options/#output-manualchunkshttps://rollupjs.org/configuration-options/#output-manualchunks]8;;
│  - Adjust chunk size limit for this warning via
│  build.chunkSizeWarningLimit.
│  Vite ✓ built in 11.24s
│
◇  Output directory: /Users/saurabh/PL/exp2/storybook-static
│
└  Storybook build completed successfully

