wrote  surfaces-invention-disclosure-workspace--evaluation-running--at-1280x720
wrote  surfaces-invention-disclosure-workspace--evaluation-running--at-1440x900
wrote  surfaces-invention-disclosure-workspace--evaluation-result--at-1280x720
wrote  surfaces-invention-disclosure-workspace--evaluation-result--at-1440x900
wrote  surfaces-invention-disclosure-workspace--evaluation-stale--at-1280x720
wrote  surfaces-invention-disclosure-workspace--evaluation-stale--at-1440x900
wrote  surfaces-evaluation-result--not-run--at-1280x720
wrote  surfaces-evaluation-result--not-run--at-1440x900
wrote  surfaces-evaluation-result--queued--at-1280x720
wrote  surfaces-evaluation-result--queued--at-1440x900
wrote  surfaces-evaluation-result--running--at-1280x720
wrote  surfaces-evaluation-result--running--at-1440x900
wrote  surfaces-evaluation-result--succeeded--at-1280x720
wrote  surfaces-evaluation-result--succeeded--at-1440x900
wrote  surfaces-evaluation-result--succeeded--at-1366x768
wrote  surfaces-evaluation-result--succeeded--at-1920x1080
wrote  surfaces-evaluation-result--succeeded--at-640x360@2
wrote  surfaces-evaluation-result--partial--at-1280x720
wrote  surfaces-evaluation-result--partial--at-1440x900
wrote  surfaces-evaluation-result--no-close-prior-art--at-1280x720
wrote  surfaces-evaluation-result--no-close-prior-art--at-1440x900
wrote  surfaces-evaluation-result--failed--at-1280x720
wrote  surfaces-evaluation-result--failed--at-1440x900
wrote  surfaces-evaluation-result--timed-out--at-1280x720
wrote  surfaces-evaluation-result--timed-out--at-1440x900
wrote  surfaces-evaluation-result--stale-after-edits--at-1280x720
wrote  surfaces-evaluation-result--stale-after-edits--at-1440x900
wrote  surfaces-evaluation-result--re-evaluating--at-1280x720
wrote  surfaces-evaluation-result--re-evaluating--at-1440x900
wrote  surfaces-evaluation-result--loading--at-1280x720
wrote  surfaces-evaluation-result--loading--at-1440x900
wrote  surfaces-evaluation-result--error--at-1280x720
wrote  surfaces-evaluation-result--error--at-1440x900
wrote  surfaces-evaluation-result--workspace-admin--at-1280x720
wrote  surfaces-evaluation-result--workspace-admin--at-1440x900
shots: all stories rendered, stable within 40 pixels, no egress
