
> design@0.0.0 storybook:build
> storybook build


┌  Building storybook v10.6.0
│
◇  Cleaning outputDir: storybook-static
│
◇  Loading presets
│
◇  Building manager..
│
●  Building open services..
│
●  Building preview..
│
▲  No story files found for the specified pattern:
│  design/stories/**/*.mdx
│  Vite vite v5.4.21 building for production...
│  Vite transforming...
│
●  Copying static files: public at storybook-static
│
▲  Vite
│  A PostCSS plugin did not pass the `from` option to `postcss.parse`.
│  This may cause imported assets to be incorrectly transformed. If
│  you've recently added a PostCSS plugin that raised this warning,
│  please contact the package author to fix the issue.
│  Vite ✓ 4439 modules transformed.
│  Vite rendering chunks...
│  Vite computing gzip size...
│  Vite storybook-static/iframe.html
│  19.25 kB │ gzip:   5.32 kB
│  Vite storybook-static/assets/pdf.worker.min-yatZIOMy.mjs
│  1,375.84 kB
│  Vite storybook-static/assets/iframe-BDg5UEb9.css
│  138.06 kB │ gzip:  22.83 kB
│  Vite storybook-static/assets/constants-CBpXd0Y3.js
│  0.04 kB │ gzip:   0.06 kB
│  Vite storybook-static/assets/pdf.worker.min-DgRcL-GR.js
│  0.09 kB │ gzip:   0.11 kB
│  Vite storybook-static/assets/client-DNR8PX9j.js
│  0.10 kB │ gzip:   0.11 kB
│  Vite storybook-static/assets/index-D17hSi50.js
│  0.15 kB │ gzip:   0.15 kB
│  Vite storybook-static/assets/IdeaDraftPage-DUPZzOZf.js
│  0.27 kB │ gzip:   0.23 kB
│  Vite storybook-static/assets/formatter-L2YTDE3Q-E_e7qkZG.js
│  0.29 kB │ gzip:   0.23 kB
│  Vite storybook-static/assets/chevron-up-V1BGOwKC.js
│  0.30 kB │ gzip:   0.25 kB
│  Vite storybook-static/assets/chevron-down-DjDUwIlU.js
│  0.30 kB │ gzip:   0.25 kB
│  Vite storybook-static/assets/plus-CUktJFGD.js
│  0.32 kB │ gzip:   0.26 kB
│  Vite storybook-static/assets/use-mobile-CKot3Ak-.js
│  0.33 kB │ gzip:   0.24 kB
│  Vite storybook-static/assets/filter-DIdNifZG.js
│  0.33 kB │ gzip:   0.26 kB
│  Vite storybook-static/assets/arrow-right-B0eeXSi3.js
│  0.33 kB │ gzip:   0.27 kB
│  Vite storybook-static/assets/search-CmQwdHL_.js
│  0.34 kB │ gzip:   0.27 kB
│  Vite storybook-static/assets/circle-check-BJ4UHj6z.js
│  0.35 kB │ gzip:   0.27 kB
│  Vite storybook-static/assets/clock-BjEjXHWb.js
│  0.35 kB │ gzip:   0.27 kB
│  Vite storybook-static/assets/trending-up-b6luiX98.js
│  0.37 kB │ gzip:   0.29 kB
│  Vite storybook-static/assets/mail-Bk2rymlv.js
│  0.39 kB │ gzip:   0.30 kB
│  Vite storybook-static/assets/columns-3-DGnV2kBo.js
│  0.39 kB │ gzip:   0.29 kB
│  Vite storybook-static/assets/ellipsis-jZstVdCr.js
│  0.40 kB │ gzip:   0.27 kB
│  Vite storybook-static/assets/actionsView-DiNVbgzf.js
│  0.41 kB │ gzip:   0.26 kB
│  Vite storybook-static/assets/arrow-up-down-DVgvMMuW.js
│  0.41 kB │ gzip:   0.30 kB
│  Vite storybook-static/assets/external-link-DAmL47DW.js
│  0.42 kB │ gzip:   0.30 kB
│  Vite storybook-static/assets/message-square-text-Fr1n0xm_.js
│  0.43 kB │ gzip:   0.30 kB
│  Vite storybook-static/assets/eye-DERd6HJg.js
│  0.43 kB │ gzip:   0.31 kB
│  Vite storybook-static/assets/link-CmmtLfCs.js
│  0.43 kB │ gzip:   0.30 kB
│  Vite storybook-static/assets/calendar-BCRZThjE.js
│  0.43 kB │ gzip:   0.30 kB
│  Vite storybook-static/assets/upload-CHtThrSZ.js
│  0.43 kB │ gzip:   0.32 kB
│  Vite storybook-static/assets/download-B36Jrqz0.js
│  0.43 kB │ gzip:   0.32 kB
│  Vite storybook-static/assets/pencil-Ci-tzCD8.js
│  0.45 kB │ gzip:   0.33 kB
│  Vite storybook-static/assets/file-question-BzMiWBTV.js
│  0.45 kB │ gzip:   0.32 kB
│  Vite storybook-static/assets/users-C-Cn0jh4.js
│  0.47 kB │ gzip:   0.33 kB
│  Vite storybook-static/assets/BlockedRedirect-DF1kBCKs.js
│  0.49 kB │ gzip:   0.34 kB
│  Vite storybook-static/assets/file-search-DuY2WaQH.js
│  0.49 kB │ gzip:   0.34 kB
│  Vite storybook-static/assets/file-text-DYQa5C72.js
│  0.50 kB │ gzip:   0.32 kB
│  Vite storybook-static/assets/trash-2-B6lATw_S.js
│  0.53 kB │ gzip:   0.35 kB
│  Vite storybook-static/assets/file-pen-DsgDsqhu.js
│  0.54 kB │ gzip:   0.36 kB
│  Vite storybook-static/assets/product-surfaces-CcH-nQeT.js
│  0.60 kB │ gzip:   0.32 kB
│  Vite storybook-static/assets/arrow-up-D46wldhl.js
│  0.61 kB │ gzip:   0.31 kB
│  Vite storybook-static/assets/chevrons-right-BxgNfWbs.js
│  0.63 kB │ gzip:   0.30 kB
│  Vite storybook-static/assets/star-DEeIJi72.js
│  0.64 kB │ gzip:   0.40 kB
│  Vite storybook-static/assets/dateRange-cJWmNIJn.js
│  0.66 kB │ gzip:   0.39 kB
│  Vite storybook-static/assets/label-DV6Ubuzq.js
│  0.67 kB │ gzip:   0.46 kB
│  Vite storybook-static/assets/sparkles-dtKyjI1F.js
│  0.68 kB │ gzip:   0.40 kB
│  Vite storybook-static/assets/user-KzLaOuTd.js
│  0.72 kB │ gzip:   0.38 kB
│  Vite storybook-static/assets/AuthLoadingOverlay-CrNYmIgf.js
│  0.76 kB │ gzip:   0.47 kB
│  Vite storybook-static/assets/usePatentEventCompletion-DHaT5ngG.js
│  0.76 kB │ gzip:   0.47 kB
│  Vite storybook-static/assets/rotate-ccw-DBjv58Vu.js
│  0.79 kB │ gzip:   0.36 kB
│  Vite storybook-static/assets/pen-line-DckceESH.js
│  0.79 kB │ gzip:   0.41 kB
│  Vite storybook-static/assets/badge-q3zbp6Gj.js
│  0.80 kB │ gzip:   0.43 kB
│  Vite storybook-static/assets/react-18-BjrF-mAi.js
│  0.80 kB │ gzip:   0.48 kB
│  Vite storybook-static/assets/textarea-TtO7aLso.js
│  0.82 kB │ gzip:   0.49 kB
│  Vite storybook-static/assets/zoom-out-x1izi2rX.js
│  0.84 kB │ gzip:   0.33 kB
│  Vite storybook-static/assets/save-Bbv6tqIl.js
│  0.85 kB │ gzip:   0.42 kB
│  Vite storybook-static/assets/layout-list-CeX8ylN5.js
│  0.88 kB │ gzip:   0.39 kB
│  Vite storybook-static/assets/s3Upload-CJL4DgEi.js
│  0.90 kB │ gzip:   0.47 kB
│  Vite storybook-static/assets/separator-BCfZiWwK.js
│  0.95 kB │ gzip:   0.55 kB
│  Vite storybook-static/assets/badge.stories-s7mHLmQ_.js
│  1.03 kB │ gzip:   0.60 kB
│  Vite storybook-static/assets/preload-helper-C1FmrZbK.js
│  1.14 kB │ gzip:   0.68 kB
│  Vite storybook-static/assets/menu-radio-item-C0qmqgH-.js
│  1.14 kB │ gzip:   0.66 kB
│  Vite storybook-static/assets/table-BNyR_ccB.js
│  1.26 kB │ gzip:   0.46 kB
│  Vite storybook-static/assets/textarea.stories-CSrkT2F7.js
│  1.27 kB │ gzip:   0.70 kB
│  Vite storybook-static/assets/card.stories-CXuNvFt4.js
│  1.33 kB │ gzip:   0.67 kB
│  Vite storybook-static/assets/commonApi.service-BCsbX8wP.js
│  1.37 kB │ gzip:   0.71 kB
│  Vite storybook-static/assets/StatusChip-DjvDmPc6.js
│  1.38 kB │ gzip:   0.74 kB
│  Vite storybook-static/assets/AuthField-BUspJoJD.js
│  1.38 kB │ gzip:   0.74 kB
│  Vite storybook-static/assets/tooltip.stories-B94Dxb-P.js
│  1.41 kB │ gzip:   0.69 kB
│  Vite storybook-static/assets/card-D_t9s08_.js
│  1.48 kB │ gzip:   0.49 kB
│  Vite storybook-static/assets/switch.stories-Cw2sZfCS.js
│  1.48 kB │ gzip:   0.75 kB
│  Vite storybook-static/assets/LinkedIdeaBadge-CONh6Pce.js
│  1.56 kB │ gzip:   0.82 kB
│  Vite storybook-static/assets/user-x-BPtYNT6m.js
│  1.57 kB │ gzip:   0.55 kB
│  Vite storybook-static/assets/Loader-DYUqD8fm.js
│  1.66 kB │ gzip:   0.70 kB
│  Vite storybook-static/assets/filter-button-DMNyA1qP.js
│  1.74 kB │ gzip:   0.85 kB
│  Vite storybook-static/assets/patentLegalStatus-CXs_s3vP.js
│  1.77 kB │ gzip:   0.50 kB
│  Vite storybook-static/assets/Assistant.stories-n89NbMA0.js
│  1.79 kB │ gzip:   0.93 kB
│  Vite storybook-static/assets/GradientBlobs-DQ-VOp31.js
│  1.83 kB │ gzip:   0.87 kB
│  Vite storybook-static/assets/documentText-CtFLpXfz.js
│  1.85 kB │ gzip:   0.98 kB
│  Vite storybook-static/assets/ActionDropdown-xHkargGQ.js
│  1.87 kB │ gzip:   0.93 kB
│  Vite storybook-static/assets/triangle-alert-HLujRcsp.js
│  1.91 kB │ gzip:   0.64 kB
│  Vite storybook-static/assets/radio-group.stories-BW5_-5mN.js
│  1.93 kB │ gzip:   0.92 kB
│  Vite storybook-static/assets/NotFound.stories-yZShVcHG.js
│  2.04 kB │ gzip:   1.05 kB
│  Vite storybook-static/assets/dialog.stories-D_G0YQbM.js
│  2.07 kB │ gzip:   0.93 kB
│  Vite storybook-static/assets/popover.stories-ClKOhEi2.js
│  2.11 kB │ gzip:   1.01 kB
│  Vite storybook-static/assets/tags-y1z2NZ7_.js
│  2.11 kB │ gzip:   0.70 kB
│  Vite storybook-static/assets/BrandIcons-D1uIMDp2.js
│  2.15 kB │ gzip:   0.93 kB
│  Vite storybook-static/assets/user-plus-B1KHvG7x.js
│  2.17 kB │ gzip:   0.73 kB
│  Vite storybook-static/assets/collapsible-BZjcKWWf.js
│  2.32 kB │ gzip:   1.03 kB
│  Vite storybook-static/assets/tabs.stories-C_pbVoXZ.js
│  2.35 kB │ gzip:   1.04 kB
│  Vite storybook-static/assets/checkbox.stories-B-8_vC_R.js
│  2.48 kB │ gzip:   0.94 kB
│  Vite storybook-static/assets/input.stories-Dcfu5-P2.js
│  2.50 kB │ gzip:   0.96 kB
│  Vite storybook-static/assets/progress-CKVir36i.js
│  2.62 kB │ gzip:   1.26 kB
│  Vite storybook-static/assets/input-CQjpz5ZI.js
│  2.72 kB │ gzip:   1.32 kB
│  Vite storybook-static/assets/menu-radio-item.stories-gQtu-mTg.js
│  2.75 kB │ gzip:   1.31 kB
│  Vite storybook-static/assets/sheet-K_HKKgb1.js
│  2.75 kB │ gzip:   1.02 kB
│  Vite storybook-static/assets/product-chip-CBc-ViqA.js
│  2.88 kB │ gzip:   1.01 kB
│  Vite storybook-static/assets/Chips.stories-2jummeYQ.js
│  2.89 kB │ gzip:   1.09 kB
│  Vite storybook-static/assets/product-chip.stories-CHTmq3ZY.js
│  2.92 kB │ gzip:   1.26 kB
│  Vite storybook-static/assets/dateRange.stories-DvaiQVJM.js
│  3.00 kB │ gzip:   1.09 kB
│  Vite storybook-static/assets/alert-dialog.stories-06WUGaHO.js
│  3.04 kB │ gzip:   1.17 kB
│  Vite storybook-static/assets/Button.stories-DD_IZuE3.js
│  3.20 kB │ gzip:   1.05 kB
│  Vite storybook-static/assets/useMutation-BuCK8OA7.js
│  3.22 kB │ gzip:   1.31 kB
│  Vite storybook-static/assets/misc-primitives.stories-DLB8huuy.js
│  3.43 kB │ gzip:   1.27 kB
│  Vite storybook-static/assets/tabs-D-KNVvmN.js
│  3.48 kB │ gzip:   1.48 kB
│  Vite storybook-static/assets/StatusChip.stories-C9PB7iKz.js
│  3.51 kB │ gzip:   1.39 kB
│  Vite storybook-static/assets/shield-check-DRxt0EoJ.js
│  3.63 kB │ gzip:   1.11 kB
│  Vite storybook-static/assets/ReviewQueueWorkspace.stories-Bdcf8GGn.js
│  3.70 kB │ gzip:   1.14 kB
│  Vite storybook-static/assets/button.stories-BbLowRqe.js
│  3.79 kB │ gzip:   1.31 kB
│  Vite storybook-static/assets/DateRangeFilter-D2aJj30u.js
│  3.83 kB │ gzip:   1.27 kB
│  Vite storybook-static/assets/States.stories-ClkZMe_G.js
│  4.11 kB │ gzip:   1.74 kB
│  Vite storybook-static/assets/Ideas.stories-BswK-Rns.js
│  4.13 kB │ gzip:   1.58 kB
│  Vite storybook-static/assets/Dashboard.stories-CACtFNZL.js
│  4.14 kB │ gzip:   1.43 kB
│  Vite storybook-static/assets/alert-dialog-DCPXycqQ.js
│  4.22 kB │ gzip:   1.39 kB
│  Vite storybook-static/assets/switch-CWNJZPde.js
│  4.23 kB │ gzip:   1.83 kB
│  Vite storybook-static/assets/checkbox-Cpuud7Mi.js
│  4.50 kB │ gzip:   1.96 kB
│  Vite storybook-static/assets/filter-button.stories-CXLWzNlt.js
│  4.51 kB │ gzip:   1.59 kB
│  Vite storybook-static/assets/tokens.tailwind-lbOp-r2d.js
│  4.64 kB │ gzip:   1.78 kB
│  Vite storybook-static/assets/BrandIcons.stories-skf8LoXo.js
│  4.97 kB │ gzip:   1.84 kB
│  Vite storybook-static/assets/ReviewQueue.stories-BDeFmnyR.js
│  5.01 kB │ gzip:   1.82 kB
│  Vite storybook-static/assets/popover-DYOzLLuK.js
│  5.13 kB │ gzip:   1.98 kB
│  Vite storybook-static/assets/GradientBlobs.stories-CPfpZ5QN.js
│  5.51 kB │ gzip:   1.79 kB
│  Vite storybook-static/assets/DateRangeFilter.stories-C9nmx-TC.js
│  5.76 kB │ gzip:   1.88 kB
│  Vite storybook-static/assets/radio-group-DnxQ5b38.js
│  6.08 kB │ gzip:   2.44 kB
│  Vite storybook-static/assets/AuthLoadingOverlay.stories-NVq7F7-Q.js
│  6.11 kB │ gzip:   2.24 kB
│  Vite storybook-static/assets/PatentFieldsForm-CMdSluJB.js
│  6.13 kB │ gzip:   2.09 kB
│  Vite storybook-static/assets/LinkedIdeaBadge.stories-DIgBj5dk.js
│  6.50 kB │ gzip:   2.26 kB
│  Vite storybook-static/assets/Inputs.stories-v9QKFygG.js
│  6.59 kB │ gzip:   1.97 kB
│  Vite storybook-static/assets/Surfaces.stories-BDyhXpLA.js
│  7.06 kB │ gzip:   2.23 kB
│  Vite storybook-static/assets/IdeaSubmissionModal-DtWM3bOU.js
│  7.85 kB │ gzip:   3.17 kB
│  Vite storybook-static/assets/actionsView.stories-KHzoJ49q.js
│  8.09 kB │ gzip:   2.80 kB
│  Vite storybook-static/assets/PatentFieldsForm.stories-Zh6RFxcy.js
│  8.17 kB │ gzip:   2.55 kB
│  Vite storybook-static/assets/Overlays.stories-BKD5ikCi.js
│  8.55 kB │ gzip:   2.46 kB
│  Vite storybook-static/assets/StartIdea.stories-TWbW4Kv6.js
│  9.60 kB │ gzip:   2.77 kB
│  Vite storybook-static/assets/ShowScoreReport-CuULzpQb.js
│  9.63 kB │ gzip:   3.55 kB
│  Vite storybook-static/assets/InventorHome.stories-4v_mZy33.js
│  9.64 kB │ gzip:   2.39 kB
│  Vite storybook-static/assets/Evaluation.stories-zHlWXPBZ.js
│  11.36 kB │ gzip:   2.80 kB
│  Vite storybook-static/assets/scroll-area-DNUbmz8w.js
│  13.80 kB │ gzip:   4.37 kB
│  Vite storybook-static/assets/command-CQhWqdk1.js
│  14.05 kB │ gzip:   5.26 kB
│  Vite storybook-static/assets/DisclosureWorkspace.stories-Bx6q0Tvu.js
│  14.40 kB │ gzip:   3.38 kB
│  Vite storybook-static/assets/Login.stories-B57KQAYE.js
│  14.78 kB │ gzip:   4.85 kB
│  Vite storybook-static/assets/index-ComRjBUx.js
│  17.00 kB │ gzip:   6.40 kB
│  Vite storybook-static/assets/Radius.stories-weU-nKW_.js
│  17.42 kB │ gzip:   4.82 kB
│  Vite storybook-static/assets/format-B8qhVQYN.js
│  20.23 kB │ gzip:   5.66 kB
│  Vite
│  storybook-static/assets/WorkspaceAdminDashboard.stories-Yg5iRCZn.js
│  21.74 kB │ gzip:   4.56 kB
│  Vite storybook-static/assets/select-CwOPqbbB.js
│  22.34 kB │ gzip:   7.74 kB
│  Vite storybook-static/assets/Auth.stories-C3ZzSl1E.js
│  23.65 kB │ gzip:   6.28 kB
│  Vite storybook-static/assets/IdeasPage-CyVQfFfw.js
│  27.68 kB │ gzip:   8.23 kB
│  Vite storybook-static/vite-inject-mocker-entry.js
│  28.53 kB │ gzip:   9.89 kB
│  Vite storybook-static/assets/matchers-JIUQ3HVY-CAdg16Fl.js
│  29.35 kB │ gzip:  10.00 kB
│  Vite storybook-static/assets/Color-6AOWCN3U-CdqaDp5B.js
│  30.40 kB │ gzip:  11.40 kB
│  Vite storybook-static/assets/ReviewQueueWorkspace-Dm6fLxe7.js
│  31.50 kB │ gzip:  10.14 kB
│  Vite storybook-static/assets/WithTooltip-CDUNV5IS-BztMCY0R.js
│  33.24 kB │ gzip:  11.66 kB
│  Vite storybook-static/assets/Actions.stories-cTPPWeDv.js
│  35.66 kB │ gzip:   9.12 kB
│  Vite storybook-static/assets/DraftWorkspace-1jKFB0wT.js
│  37.94 kB │ gzip:  11.74 kB
│  Vite storybook-static/assets/ClientsPage-Xd9K5JMi.js
│  44.27 kB │ gzip:  10.99 kB
│  Vite storybook-static/assets/Tokens.stories-1sCxVYhT.js
│  46.36 kB │ gzip:  10.68 kB
│  Vite storybook-static/assets/DueDates.stories-B4bEE9G1.js
│  55.55 kB │ gzip:  13.27 kB
│  Vite storybook-static/assets/moment-6s1J6Usy.js
│  60.95 kB │ gzip:  19.66 kB
│  Vite storybook-static/assets/index.esm-CHj-EE-X.js
│  70.54 kB │ gzip:  22.80 kB
│  Vite storybook-static/assets/syntaxhighlighter-4REYKNEV-Nn7SI3VT.js
│  77.84 kB │ gzip:  27.01 kB
│  Vite storybook-static/assets/Patents.stories-BxPvWxNc.js
│  84.80 kB │ gzip:  20.12 kB
│  Vite storybook-static/assets/IdeaDetails.stories-CUYwKHZl.js
│  117.46 kB │ gzip:  29.08 kB
│  Vite storybook-static/assets/proxy-BvqVVA7i.js
│  124.76 kB │ gzip:  40.70 kB
│  Vite storybook-static/assets/Clients.stories-iP9bn-2V.js
│  136.25 kB │ gzip:  43.48 kB
│  Vite storybook-static/assets/Workspace.stories-BjM1u15W.js
│  182.66 kB │ gzip:  47.34 kB
│  Vite storybook-static/assets/pdf-BnPRJEQ6.js
│  365.12 kB │ gzip: 107.40 kB
│  Vite storybook-static/assets/mammoth.browser-7OwJLhqR.js
│  499.90 kB │ gzip: 124.75 kB
│  Vite storybook-static/assets/axe-DO0TgbHP.js
│  601.10 kB │ gzip: 165.31 kB
│  Vite storybook-static/assets/Index-4tzfQLX0.js
│  621.30 kB │ gzip: 171.68 kB
│  Vite storybook-static/assets/Foundations.stories-gZ-ZcFr9.js
│  752.44 kB │ gzip: 135.78 kB
│  Vite storybook-static/assets/DocsRenderer-JROSPFPF-DPQbjtdJ.js
│  850.69 kB │ gzip: 270.39 kB
│  Vite storybook-static/assets/patentReportPdf-DnF5FjBT.js
│  1,254.50 kB │ gzip: 456.95 kB
│  Vite storybook-static/assets/iframe-DTxakNcU.js
│  2,419.92 kB │ gzip: 724.16 kB
│
▲  Vite
│  (!) Some chunks are larger than 500 kB after minification. Consider:
│  - Using dynamic import() to code-split the application
│  - Use build.rollupOptions.output.manualChunks to improve chunking:
│  ]8;;https://rollupjs.org/configuration-options/#output-manualchunkshttps://rollupjs.org/configuration-options/#output-manualchunks]8;;
│  - Adjust chunk size limit for this warning via
│  build.chunkSizeWarningLimit.
│  Vite ✓ built in 13.06s
│
◇  Output directory: /Users/saurabh/PL/exp2/storybook-static
│
└  Storybook build completed successfully

