surfaces-patent-detail--inventor axe []
surfaces-patent-detail--inventor zoom overflow false
surfaces-patent-detail--workspace-admin-upcoming-event axe []
surfaces-patent-detail--workspace-admin-upcoming-event zoom overflow false
surfaces-patent-detail--case-owner-editor axe []
surfaces-patent-detail--case-owner-editor zoom overflow false
surfaces-patent-detail--photon-admin-editor axe []
surfaces-patent-detail--photon-admin-editor zoom overflow false
surfaces-patent-detail--pending axe []
surfaces-patent-detail--pending zoom overflow false
surfaces-patent-detail--filed axe []
surfaces-patent-detail--filed zoom overflow false
surfaces-patent-detail--granted axe []
surfaces-patent-detail--granted zoom overflow false
surfaces-patent-detail--inactive axe []
surfaces-patent-detail--inactive zoom overflow false
surfaces-patent-detail--closed axe []
surfaces-patent-detail--closed zoom overflow false
surfaces-patent-detail--incomplete-imported-record axe []
surfaces-patent-detail--incomplete-imported-record zoom overflow false
surfaces-patent-detail--multiple-family-members axe []
surfaces-patent-detail--multiple-family-members zoom overflow false
surfaces-patent-detail--no-originating-idea axe []
surfaces-patent-detail--no-originating-idea zoom overflow false
surfaces-patent-detail--many-documents axe []
surfaces-patent-detail--many-documents zoom overflow false
surfaces-patent-detail--loading axe []
surfaces-patent-detail--loading zoom overflow false
surfaces-patent-detail--error axe []
surfaces-patent-detail--error zoom overflow false
surfaces-patent-detail--save-failure axe []
surfaces-patent-detail--save-failure zoom overflow false
surfaces-patent-detail--saving axe []
surfaces-patent-detail--saving zoom overflow false
surfaces-patent-detail--case-owner-record axe []
surfaces-patent-detail--case-owner-record zoom overflow false
surfaces-patent-detail--photon-admin-record axe []
surfaces-patent-detail--photon-admin-record zoom overflow false
surfaces-patent-detail--save-success axe []
surfaces-patent-detail--save-success zoom overflow false
surfaces-patent-detail--document-failure axe []
surfaces-patent-detail--document-failure zoom overflow false
surfaces-patent-detail--remove-document axe []
surfaces-patent-detail--remove-document zoom overflow false
surfaces-patent-detail--long-title axe []
surfaces-patent-detail--long-title zoom overflow false
legacy-reference-screens-due-dates--case-owner axe []
legacy-reference-screens-due-dates--photon-admin axe []
failures 0
