
> design@0.0.0 build:design
> vite build --config vite.design.config.ts

vite v5.4.21 building for production...
transforming...

A PostCSS plugin did not pass the `from` option to `postcss.parse`. This may cause imported assets to be incorrectly transformed. If you've recently added a PostCSS plugin that raised this warning, please contact the package author to fix the issue.
✓ 4175 modules transformed.
rendering chunks...
computing gzip size...
dist/index.html                                       1.33 kB │ gzip:   0.52 kB
dist/assets/pdf.worker.min-yatZIOMy.mjs           1,375.84 kB
dist/assets/style-DTLpdRlW.css                        0.37 kB │ gzip:   0.21 kB
dist/assets/main-D9pfcAVl.css                       131.15 kB │ gzip:  21.88 kB
dist/assets/constants-CBpXd0Y3.js                     0.04 kB │ gzip:   0.06 kB
dist/assets/pdf-vendor-CiiRyPXW.js                    0.04 kB │ gzip:   0.06 kB
dist/assets/pdf.worker.min-ocdtAcA3.js                0.07 kB │ gzip:   0.09 kB
dist/assets/roleAccess-Ovt14rZi.js                    0.14 kB │ gzip:   0.13 kB
dist/assets/chevron-down-UZVnB7Qq.js                  0.30 kB │ gzip:   0.25 kB
dist/assets/BlockedRedirect-DEpzkuyq.js               0.31 kB │ gzip:   0.24 kB
dist/assets/plus-qvDNNSTk.js                          0.32 kB │ gzip:   0.25 kB
dist/assets/search-CpxnZ36O.js                        0.34 kB │ gzip:   0.27 kB
dist/assets/circle-check-BfGMb8r1.js                  0.34 kB │ gzip:   0.27 kB
dist/assets/ProductPage-_9P2r8pI.js                   0.38 kB │ gzip:   0.30 kB
dist/assets/ellipsis-D2GqnYO8.js                      0.39 kB │ gzip:   0.26 kB
dist/assets/upload-BZoj2ase.js                        0.43 kB │ gzip:   0.32 kB
dist/assets/download-qIonH_mJ.js                      0.43 kB │ gzip:   0.32 kB
dist/assets/pencil-Cg2Ml7c4.js                        0.44 kB │ gzip:   0.32 kB
dist/assets/users-EL1yfvCc.js                         0.47 kB │ gzip:   0.32 kB
dist/assets/file-search-SQUtVQUu.js                   0.49 kB │ gzip:   0.34 kB
dist/assets/file-text-Cl_glljs.js                     0.50 kB │ gzip:   0.32 kB
dist/assets/trash-2-Numc5mdQ.js                       0.53 kB │ gzip:   0.34 kB
dist/assets/AuthLoadingOverlay-DBOrKT4m.js            0.54 kB │ gzip:   0.37 kB
dist/assets/textarea-BMvekvgS.js                      0.72 kB │ gzip:   0.44 kB
dist/assets/popover-BKkn9S3z.js                       0.77 kB │ gzip:   0.43 kB
dist/assets/scroll-area-mBYBs30w.js                   0.81 kB │ gzip:   0.43 kB
dist/assets/chevrons-right-Q4z8iiiK.js                1.00 kB │ gzip:   0.38 kB
dist/assets/s3Upload-vAGwd8f4.js                      1.03 kB │ gzip:   0.53 kB
dist/assets/SamlCallback-K-tw2ouG.js                  1.14 kB │ gzip:   0.69 kB
dist/assets/AuthField-a3hizEwm.js                     1.16 kB │ gzip:   0.66 kB
dist/assets/AssistantPage-CmlHCsVe.js                 1.63 kB │ gzip:   0.85 kB
dist/assets/BrandIcons-BmNSwUf2.js                    1.69 kB │ gzip:   0.79 kB
dist/assets/documentText-CAiKH_pq.js                  1.75 kB │ gzip:   0.95 kB
dist/assets/patentLegalStatus-CXs_s3vP.js             1.77 kB │ gzip:   0.50 kB
dist/assets/usePatentEventCompletion-DXgJPyt-.js      1.88 kB │ gzip:   0.84 kB
dist/assets/product-chip-C4-E49Dt.js                  1.93 kB │ gzip:   0.78 kB
dist/assets/command-CVNK1H5W.js                       2.03 kB │ gzip:   0.78 kB
dist/assets/alert-dialog-Dx9QWZF5.js                  2.12 kB │ gzip:   0.82 kB
dist/assets/filter-button-CyjrGEhk.js                 2.15 kB │ gzip:   1.05 kB
dist/assets/input-BjSaeBvr.js                         2.28 kB │ gzip:   1.14 kB
dist/assets/Loader-COhQoQf3.js                        2.30 kB │ gzip:   0.91 kB
dist/assets/menu-radio-item-C81L69wd.js               2.52 kB │ gzip:   1.28 kB
dist/assets/NotFound-BLQJQCtj.js                      2.97 kB │ gzip:   1.37 kB
dist/assets/select-DsZzPEpH.js                        3.01 kB │ gzip:   1.25 kB
dist/assets/commonApi.service-DCVbWG57.js             3.11 kB │ gzip:   1.29 kB
dist/assets/Invite-CWF_7K6v.js                        3.49 kB │ gzip:   1.65 kB
dist/assets/ForgotPassword-DJFs_yp8.js                4.71 kB │ gzip:   1.97 kB
dist/assets/ResetPassword-BgXc6Un6.js                 5.23 kB │ gzip:   2.11 kB
dist/assets/PatentFieldsForm-BFZdxS11.js              5.92 kB │ gzip:   1.99 kB
dist/assets/Signup-DUL0EAkR.js                        6.11 kB │ gzip:   2.42 kB
dist/assets/ClientLogo-C6Nx56-m.js                    7.34 kB │ gzip:   2.77 kB
dist/assets/IdeaSubmissionModal-CMGYUmYv.js           8.32 kB │ gzip:   3.45 kB
dist/assets/ShowScoreReport-CmuEnu-B.js               8.70 kB │ gzip:   3.42 kB
dist/assets/Login-B6vkIWBS.js                         9.07 kB │ gzip:   3.23 kB
dist/assets/select-vendor-BoqA2h-m.js                11.86 kB │ gzip:   4.65 kB
dist/assets/index-BZsAaVHA.js                        19.38 kB │ gzip:   7.12 kB
dist/assets/react-vendor-DjuSi3Zo.js                 21.50 kB │ gzip:   7.97 kB
dist/assets/ActionsPage-6CCclPUj.js                  30.54 kB │ gzip:   7.98 kB
dist/assets/IdeaDetailsPage-DPLBNS9l.js              36.38 kB │ gzip:  10.16 kB
dist/assets/ClientsPage-11kIjPiX.js                  37.16 kB │ gzip:   9.18 kB
dist/assets/ProfilePage-CE5so6wE.js                  37.92 kB │ gzip:   9.97 kB
dist/assets/IdeaDraftPage-D4YxOx-L.js                38.93 kB │ gzip:  12.01 kB
dist/assets/DueDatesPage-DoAPIudR.js                 49.16 kB │ gzip:  11.64 kB
dist/assets/IdeasPage-CoLM-6Ar.js                    51.56 kB │ gzip:  15.96 kB
dist/assets/WorkspacePage-w0N7PjFD.js                52.74 kB │ gzip:  12.63 kB
dist/assets/PatentsPage-BdpqAqVf.js                  55.45 kB │ gzip:  15.82 kB
dist/assets/ClientDetailPage-D28r-Vl9.js             57.94 kB │ gzip:  15.47 kB
dist/assets/utils-vendor-D803JpPo.js                 72.09 kB │ gzip:  26.56 kB
dist/assets/date-vendor-D8eLmKx0.js                  82.18 kB │ gzip:  25.37 kB
dist/assets/Index-CqXND2Yc.js                        92.11 kB │ gzip:  25.69 kB
dist/assets/query-vendor-B1W3UG6I.js                 92.41 kB │ gzip:  31.29 kB
dist/assets/motion-vendor-B_u8orLv.js               124.76 kB │ gzip:  40.71 kB
dist/assets/form-vendor-DgUxEKui.js                 159.98 kB │ gzip:  47.41 kB
dist/assets/radix-vendor-CBHSPWyN.js                306.35 kB │ gzip:  95.20 kB
dist/assets/pdf-BnPRJEQ6.js                         365.12 kB │ gzip: 107.40 kB
dist/assets/main-CHMKE_1X.js                        432.92 kB │ gzip: 136.08 kB
dist/assets/index-Dx5Chn1i.js                       475.52 kB │ gzip: 142.75 kB
dist/assets/mammoth.browser-DMuwUrCl.js             499.90 kB │ gzip: 124.75 kB
dist/assets/charts-vendor-DV3p4Ee6.js               504.11 kB │ gzip: 141.90 kB

(!) Some chunks are larger than 500 kB after minification. Consider:
- Using dynamic import() to code-split the application
- Use build.rollupOptions.output.manualChunks to improve chunking: https://rollupjs.org/configuration-options/#output-manualchunks
- Adjust chunk size limit for this warning via build.chunkSizeWarningLimit.
✓ built in 6.18s
