wrote  surfaces-patent-detail--case-owner-editor--at-1280x720
wrote  surfaces-patent-detail--case-owner-editor--at-1440x900
wrote  surfaces-patent-detail--case-owner-editor--at-1366x768
wrote  surfaces-patent-detail--case-owner-editor--at-1920x1080
wrote  surfaces-patent-detail--case-owner-editor--at-640x360@2
   note surfaces-patent-detail--photon-admin-editor--at-1280x720: 19 anti-aliasing pixel(s) between renders, within tolerance
wrote  surfaces-patent-detail--photon-admin-editor--at-1280x720
wrote  surfaces-patent-detail--photon-admin-editor--at-1440x900
wrote  surfaces-patent-detail--photon-admin-editor--at-1366x768
wrote  surfaces-patent-detail--photon-admin-editor--at-1920x1080
wrote  surfaces-patent-detail--photon-admin-editor--at-640x360@2
wrote  surfaces-patent-detail--incomplete-imported-record--at-1280x720
wrote  surfaces-patent-detail--incomplete-imported-record--at-1440x900
wrote  surfaces-patent-detail--many-documents--at-1280x720
wrote  surfaces-patent-detail--many-documents--at-1440x900
wrote  surfaces-patent-detail--error--at-1280x720
wrote  surfaces-patent-detail--error--at-1440x900
wrote  surfaces-patent-detail--save-failure--at-1280x720
wrote  surfaces-patent-detail--save-failure--at-1440x900
wrote  surfaces-patent-detail--save-failure--at-640x360@2
wrote  surfaces-patent-detail--saving--at-1280x720
wrote  surfaces-patent-detail--saving--at-1440x900
wrote  surfaces-patent-detail--case-owner-record--at-1280x720
wrote  surfaces-patent-detail--case-owner-record--at-1440x900
wrote  surfaces-patent-detail--case-owner-record--at-1366x768
wrote  surfaces-patent-detail--case-owner-record--at-1920x1080
wrote  surfaces-patent-detail--case-owner-record--at-640x360@2
wrote  surfaces-patent-detail--photon-admin-record--at-1280x720
wrote  surfaces-patent-detail--photon-admin-record--at-1440x900
wrote  surfaces-patent-detail--photon-admin-record--at-1366x768
wrote  surfaces-patent-detail--photon-admin-record--at-1920x1080
wrote  surfaces-patent-detail--photon-admin-record--at-640x360@2
wrote  surfaces-patent-detail--save-success--at-1280x720
wrote  surfaces-patent-detail--save-success--at-1440x900
   note surfaces-patent-detail--document-failure--at-1280x720: 4 anti-aliasing pixel(s) between renders, within tolerance
wrote  surfaces-patent-detail--document-failure--at-1280x720
wrote  surfaces-patent-detail--document-failure--at-1440x900
UNSTABLE surfaces-patent-detail--document-failure--at-640x360@2: two clean renders differ by 2746 pixels in [40,536,301,623]
wrote  surfaces-patent-detail--remove-document--at-1280x720
wrote  surfaces-patent-detail--remove-document--at-1440x900
wrote  surfaces-patent-detail--long-title--at-1280x720
wrote  surfaces-patent-detail--long-title--at-1440x900
wrote  surfaces-patent-detail--long-title--at-640x360@2
shots: 1 failure(s)
