
> design@0.0.0 build:design
> vite build --config vite.design.config.ts

vite v5.4.21 building for production...
transforming...

A PostCSS plugin did not pass the `from` option to `postcss.parse`. This may cause imported assets to be incorrectly transformed. If you've recently added a PostCSS plugin that raised this warning, please contact the package author to fix the issue.
✓ 4177 modules transformed.
rendering chunks...
computing gzip size...
dist/index.html                                       1.33 kB │ gzip:   0.52 kB
dist/assets/pdf.worker.min-yatZIOMy.mjs           1,375.84 kB
dist/assets/style-DTLpdRlW.css                        0.37 kB │ gzip:   0.21 kB
dist/assets/main-Bt7hHLiZ.css                       134.54 kB │ gzip:  22.24 kB
dist/assets/constants-CBpXd0Y3.js                     0.04 kB │ gzip:   0.06 kB
dist/assets/pdf-vendor-BfQXtb5M.js                    0.04 kB │ gzip:   0.06 kB
dist/assets/pdf.worker.min-ocdtAcA3.js                0.07 kB │ gzip:   0.09 kB
dist/assets/roleAccess-Ovt14rZi.js                    0.14 kB │ gzip:   0.13 kB
dist/assets/chevron-down-RV8i9jSi.js                  0.30 kB │ gzip:   0.24 kB
dist/assets/BlockedRedirect-B2f7TZGO.js               0.31 kB │ gzip:   0.24 kB
dist/assets/plus-Dr1p4570.js                          0.32 kB │ gzip:   0.25 kB
dist/assets/use-mobile-prL3qxNE.js                    0.33 kB │ gzip:   0.25 kB
dist/assets/search-MCqIWLzf.js                        0.34 kB │ gzip:   0.27 kB
dist/assets/circle-check-CPU4ztac.js                  0.34 kB │ gzip:   0.27 kB
dist/assets/clock-kPo70ANc.js                         0.35 kB │ gzip:   0.27 kB
dist/assets/separator-dO3cKg37.js                     0.37 kB │ gzip:   0.27 kB
dist/assets/ProductPage-BXfETL93.js                   0.38 kB │ gzip:   0.30 kB
dist/assets/ellipsis-no6URewY.js                      0.39 kB │ gzip:   0.26 kB
dist/assets/calendar-BHE0YHfY.js                      0.43 kB │ gzip:   0.30 kB
dist/assets/upload-DaRC_aWW.js                        0.43 kB │ gzip:   0.31 kB
dist/assets/pencil-pomlnPrV.js                        0.44 kB │ gzip:   0.32 kB
dist/assets/users-B7r04Cor.js                         0.47 kB │ gzip:   0.32 kB
dist/assets/file-search-D7k1aJek.js                   0.49 kB │ gzip:   0.34 kB
dist/assets/file-text-C1uKMt_O.js                     0.50 kB │ gzip:   0.32 kB
dist/assets/trash-2-C7ZgFJbM.js                       0.53 kB │ gzip:   0.34 kB
dist/assets/AuthLoadingOverlay-Dht1Izjg.js            0.54 kB │ gzip:   0.37 kB
dist/assets/arrow-up-MVioWuXl.js                      0.61 kB │ gzip:   0.31 kB
dist/assets/textarea-DeXu_hER.js                      0.72 kB │ gzip:   0.44 kB
dist/assets/badge-B6HirzKw.js                         0.75 kB │ gzip:   0.39 kB
dist/assets/popover-0bOccNQ8.js                       0.78 kB │ gzip:   0.42 kB
dist/assets/pen-C8OHl00o.js                           0.79 kB │ gzip:   0.42 kB
dist/assets/scroll-area-B_e950Dg.js                   0.81 kB │ gzip:   0.43 kB
dist/assets/chevrons-right-CKJC9u73.js                1.00 kB │ gzip:   0.38 kB
dist/assets/s3Upload-CKQhcB-6.js                      1.03 kB │ gzip:   0.53 kB
dist/assets/checkbox-P3RZEClp.js                      1.06 kB │ gzip:   0.60 kB
dist/assets/card-DbqEGkoT.js                          1.11 kB │ gzip:   0.44 kB
dist/assets/SamlCallback-CfxmRs4N.js                  1.14 kB │ gzip:   0.69 kB
dist/assets/AuthField-DDGH36X3.js                     1.16 kB │ gzip:   0.66 kB
dist/assets/user-BcMP9hPY.js                          1.21 kB │ gzip:   0.51 kB
dist/assets/usePatentEventCompletion-Dw0BMMVD.js      1.50 kB │ gzip:   0.75 kB
dist/assets/AssistantPage-DAAVgcEN.js                 1.63 kB │ gzip:   0.85 kB
dist/assets/Loader-1nIZW-sg.js                        1.64 kB │ gzip:   0.68 kB
dist/assets/BrandIcons-CIrT8_4S.js                    1.69 kB │ gzip:   0.78 kB
dist/assets/documentText-DswcRyIA.js                  1.75 kB │ gzip:   0.96 kB
dist/assets/patentLegalStatus-CXs_s3vP.js             1.77 kB │ gzip:   0.50 kB
dist/assets/ActionDropdown-CZDYgcGa.js                1.78 kB │ gzip:   1.00 kB
dist/assets/menu-radio-item-DvVTUqoM.js               1.91 kB │ gzip:   0.97 kB
dist/assets/product-chip-C9-v8Qzi.js                  1.93 kB │ gzip:   0.77 kB
dist/assets/commonApi.service-BqGdyRhA.js             1.95 kB │ gzip:   1.00 kB
dist/assets/command-DUQtSw4b.js                       2.03 kB │ gzip:   0.78 kB
dist/assets/alert-dialog-B1BTj8dO.js                  2.13 kB │ gzip:   0.81 kB
dist/assets/input-B0ZOmeF_.js                         2.28 kB │ gzip:   1.14 kB
dist/assets/NotFound-mNJFvPkR.js                      2.97 kB │ gzip:   1.37 kB
dist/assets/select-B_31Ke66.js                        3.01 kB │ gzip:   1.25 kB
dist/assets/Invite-CIJwkPn1.js                        3.49 kB │ gzip:   1.64 kB
dist/assets/ForgotPassword-DSlYYHjn.js                4.71 kB │ gzip:   1.98 kB
dist/assets/ResetPassword-CqbB1cMS.js                 5.23 kB │ gzip:   2.11 kB
dist/assets/PatentFieldsForm-BGnbyi7c.js              5.92 kB │ gzip:   1.99 kB
dist/assets/Signup-Dpqp0Q_h.js                        6.11 kB │ gzip:   2.43 kB
dist/assets/ClientLogo-CNO-VC2o.js                    7.34 kB │ gzip:   2.77 kB
dist/assets/IdeaSubmissionModal-BDw6UE9i.js           8.32 kB │ gzip:   3.45 kB
dist/assets/ShowScoreReport-CODhwFG_.js               8.70 kB │ gzip:   3.42 kB
dist/assets/Login-BojFYfA0.js                         9.07 kB │ gzip:   3.23 kB
dist/assets/select-vendor-DL2K2d4K.js                11.86 kB │ gzip:   4.66 kB
dist/assets/index-D8Aq79aW.js                        19.02 kB │ gzip:   7.02 kB
dist/assets/react-vendor-DoSaiGmj.js                 21.50 kB │ gzip:   7.97 kB
dist/assets/ActionsPage-BLRc7ciZ.js                  30.61 kB │ gzip:   8.01 kB
dist/assets/IdeaDetailsPage-Bwjn9JET.js              35.48 kB │ gzip:   9.80 kB
dist/assets/ClientsPage-065YJNIN.js                  35.98 kB │ gzip:   8.93 kB
dist/assets/ProfilePage-DZrY9F8d.js                  37.95 kB │ gzip:   9.99 kB
dist/assets/IdeaDraftPage-CyRqKDJZ.js                38.74 kB │ gzip:  11.97 kB
dist/assets/DueDatesPage-CTm_i6Fb.js                 48.85 kB │ gzip:  11.52 kB
dist/assets/WorkspacePage-CBrMwtQQ.js                52.77 kB │ gzip:  12.64 kB
dist/assets/ClientDetailPage-CNv_KJFi.js             58.00 kB │ gzip:  15.50 kB
dist/assets/IdeasPage-D1PKmZqg.js                    60.97 kB │ gzip:  18.09 kB
dist/assets/utils-vendor-BsCgvOuu.js                 72.09 kB │ gzip:  26.56 kB
dist/assets/date-vendor-D8eLmKx0.js                  82.18 kB │ gzip:  25.37 kB
dist/assets/PatentsPage-CA-P1NcQ.js                  85.47 kB │ gzip:  20.35 kB
dist/assets/Index-D_PYwbeI.js                        91.64 kB │ gzip:  25.62 kB
dist/assets/query-vendor-DS2PIWXE.js                 92.41 kB │ gzip:  31.29 kB
dist/assets/motion-vendor-B5H-BG9k.js               124.76 kB │ gzip:  40.71 kB
dist/assets/form-vendor-DYVkSIWY.js                 159.98 kB │ gzip:  47.41 kB
dist/assets/radix-vendor-CA7ziTwB.js                308.88 kB │ gzip:  95.80 kB
dist/assets/pdf-BnPRJEQ6.js                         365.12 kB │ gzip: 107.40 kB
dist/assets/main-CstdVq2-.js                        433.22 kB │ gzip: 136.27 kB
dist/assets/index-CLGsre3J.js                       462.46 kB │ gzip: 139.03 kB
dist/assets/mammoth.browser-5Wg-2ROf.js             499.90 kB │ gzip: 124.76 kB
dist/assets/charts-vendor-DiF--5P9.js               504.11 kB │ gzip: 141.90 kB

(!) Some chunks are larger than 500 kB after minification. Consider:
- Using dynamic import() to code-split the application
- Use build.rollupOptions.output.manualChunks to improve chunking: https://rollupjs.org/configuration-options/#output-manualchunks
- Adjust chunk size limit for this warning via build.chunkSizeWarningLimit.
✓ built in 6.17s
