expanded sections and downloaded attachment 1280 720
expanded sections and downloaded attachment 1440 900
Workspace Admin decision saved and history rendered
after resubmit AS

NORTHWIND INSTRUMENTS

Idea detail

NWI-0001

Self-tensioning cable harness for articulated robot joints
Back to ideas
Awaiting Workspace Admin review

Your Workspace Admin owns the next decision. You will receive an email when they respond.

Inventor · Anika Sharma

Co-inventors · Mateo Ruiz

Invention brief

A robotics improvement that removes manual recalibration.

Full disclosure · revision 2
Evaluation

6.2 /10 · Moderately novel

Evaluation from revision 1 · 28 Aug 2026 · predates the latest edits

The closest references share the cable arrangement and external reference setting. None of these returned references describes the self-correcting loop in the disclosure. Search coverage is limited to the references returned.

AI-assisted and advisory. No score is required to submit for review.

What differs and supporting evidence
Source material and attachments · 1
Review history and activity
Read disclosure
rejected disclosure revised, note submitted, revision 2 history preserved
zoom action and no horizontal overflow submitted
zoom action and no horizontal overflow under-review
zoom action and no horizontal overflow sent-to-photon
zoom action and no horizontal overflow photon-admin
zoom action and no horizontal overflow long-content
all supplemental checks passed; egress 0
