wrote  surfaces-idea-detail-and-status--draft--at-1280x720
wrote  surfaces-idea-detail-and-status--draft--at-1440x900
wrote  surfaces-idea-detail-and-status--evaluated--at-1280x720
wrote  surfaces-idea-detail-and-status--evaluated--at-1440x900
wrote  surfaces-idea-detail-and-status--submitted--at-1280x720
wrote  surfaces-idea-detail-and-status--submitted--at-1440x900
wrote  surfaces-idea-detail-and-status--submitted--at-1366x768
wrote  surfaces-idea-detail-and-status--submitted--at-1920x1080
wrote  surfaces-idea-detail-and-status--submitted--at-640x360@2
wrote  surfaces-idea-detail-and-status--under-review--at-1280x720
wrote  surfaces-idea-detail-and-status--under-review--at-1440x900
wrote  surfaces-idea-detail-and-status--under-review--at-1366x768
wrote  surfaces-idea-detail-and-status--under-review--at-1920x1080
wrote  surfaces-idea-detail-and-status--under-review--at-640x360@2
wrote  surfaces-idea-detail-and-status--changes-requested--at-1280x720
wrote  surfaces-idea-detail-and-status--changes-requested--at-1440x900
wrote  surfaces-idea-detail-and-status--rejected--at-1280x720
wrote  surfaces-idea-detail-and-status--rejected--at-1440x900
wrote  surfaces-idea-detail-and-status--resubmitted--at-1280x720
wrote  surfaces-idea-detail-and-status--resubmitted--at-1440x900
wrote  surfaces-idea-detail-and-status--sent-to-photon--at-1280x720
wrote  surfaces-idea-detail-and-status--sent-to-photon--at-1440x900
wrote  surfaces-idea-detail-and-status--sent-to-photon--at-1366x768
wrote  surfaces-idea-detail-and-status--sent-to-photon--at-1920x1080
wrote  surfaces-idea-detail-and-status--sent-to-photon--at-640x360@2
wrote  surfaces-idea-detail-and-status--filed--at-1280x720
wrote  surfaces-idea-detail-and-status--filed--at-1440x900
wrote  surfaces-idea-detail-and-status--granted--at-1280x720
wrote  surfaces-idea-detail-and-status--granted--at-1440x900
wrote  surfaces-idea-detail-and-status--closed--at-1280x720
wrote  surfaces-idea-detail-and-status--closed--at-1440x900
wrote  surfaces-idea-detail-and-status--missing-evaluation--at-1280x720
wrote  surfaces-idea-detail-and-status--missing-evaluation--at-1440x900
wrote  surfaces-idea-detail-and-status--partial-evaluation--at-1280x720
wrote  surfaces-idea-detail-and-status--partial-evaluation--at-1440x900
wrote  surfaces-idea-detail-and-status--on-behalf-attribution--at-1280x720
wrote  surfaces-idea-detail-and-status--on-behalf-attribution--at-1440x900
wrote  surfaces-idea-detail-and-status--loading--at-1280x720
wrote  surfaces-idea-detail-and-status--loading--at-1440x900
wrote  surfaces-idea-detail-and-status--error--at-1280x720
wrote  surfaces-idea-detail-and-status--error--at-1440x900
wrote  surfaces-idea-detail-and-status--permission-denied--at-1280x720
wrote  surfaces-idea-detail-and-status--permission-denied--at-1440x900
wrote  surfaces-idea-detail-and-status--photon-admin--at-1280x720
wrote  surfaces-idea-detail-and-status--photon-admin--at-1440x900
wrote  surfaces-idea-detail-and-status--photon-admin--at-1366x768
wrote  surfaces-idea-detail-and-status--photon-admin--at-1920x1080
wrote  surfaces-idea-detail-and-status--photon-admin--at-640x360@2
wrote  surfaces-idea-detail-and-status--long-content--at-1280x720
wrote  surfaces-idea-detail-and-status--long-content--at-1440x900
wrote  surfaces-idea-detail-and-status--long-content--at-640x360@2
wrote  surfaces-idea-detail-and-status--decision-reason--at-1280x720
wrote  surfaces-idea-detail-and-status--decision-reason--at-1440x900
wrote  surfaces-idea-detail-and-status--attachment-failure--at-1280x720
wrote  surfaces-idea-detail-and-status--attachment-failure--at-1440x900
wrote  surfaces-idea-detail-and-status--decision-failure--at-1280x720
wrote  surfaces-idea-detail-and-status--decision-failure--at-1440x900
shots: all stories rendered, stable within 40 pixels, no egress
