
> design@0.0.0 storybook:build
> storybook build


┌  Building storybook v10.6.0
│
◇  Cleaning outputDir: storybook-static
│
◇  Loading presets
│
◇  Building manager..
│
●  Building open services..
│
●  Building preview..
│
▲  No story files found for the specified pattern:
│  design/stories/**/*.mdx
│  Vite vite v5.4.21 building for production...
│  Vite transforming...
│
●  Copying static files: public at storybook-static
│
▲  Vite
│  A PostCSS plugin did not pass the `from` option to `postcss.parse`.
│  This may cause imported assets to be incorrectly transformed. If
│  you've recently added a PostCSS plugin that raised this warning,
│  please contact the package author to fix the issue.
│  Vite ✓ 4431 modules transformed.
│  Vite rendering chunks...
│  Vite computing gzip size...
│  Vite storybook-static/iframe.html
│  19.25 kB │ gzip:   5.32 kB
│  Vite storybook-static/assets/pdf.worker.min-yatZIOMy.mjs
│  1,375.84 kB
│  Vite storybook-static/assets/iframe-CYbrORK1.css
│  134.92 kB │ gzip:  22.37 kB
│  Vite storybook-static/assets/constants-CBpXd0Y3.js
│  0.04 kB │ gzip:   0.06 kB
│  Vite storybook-static/assets/pdf.worker.min-DgRcL-GR.js
│  0.09 kB │ gzip:   0.11 kB
│  Vite storybook-static/assets/client-BRgorY_3.js
│  0.10 kB │ gzip:   0.11 kB
│  Vite storybook-static/assets/roleAccess-Ovt14rZi.js
│  0.14 kB │ gzip:   0.13 kB
│  Vite storybook-static/assets/index-D17hSi50.js
│  0.15 kB │ gzip:   0.15 kB
│  Vite storybook-static/assets/IdeaDraftPage-R3bSQYd9.js
│  0.27 kB │ gzip:   0.23 kB
│  Vite storybook-static/assets/formatter-L2YTDE3Q-DqA8_Xv4.js
│  0.29 kB │ gzip:   0.24 kB
│  Vite storybook-static/assets/chevron-up-C9377st4.js
│  0.30 kB │ gzip:   0.25 kB
│  Vite storybook-static/assets/chevron-down-CVLjMabr.js
│  0.30 kB │ gzip:   0.25 kB
│  Vite storybook-static/assets/plus-CMkkXOD1.js
│  0.32 kB │ gzip:   0.26 kB
│  Vite storybook-static/assets/use-mobile-CXMykHiq.js
│  0.33 kB │ gzip:   0.24 kB
│  Vite storybook-static/assets/filter-1LJsjKa6.js
│  0.33 kB │ gzip:   0.27 kB
│  Vite storybook-static/assets/arrow-right-L810vzRE.js
│  0.33 kB │ gzip:   0.27 kB
│  Vite storybook-static/assets/search-BsNAG9tQ.js
│  0.34 kB │ gzip:   0.27 kB
│  Vite storybook-static/assets/circle-check-8cQUu7PI.js
│  0.35 kB │ gzip:   0.27 kB
│  Vite storybook-static/assets/clock-CizfL4uZ.js
│  0.35 kB │ gzip:   0.27 kB
│  Vite storybook-static/assets/mail-BPYsgCvd.js
│  0.39 kB │ gzip:   0.30 kB
│  Vite storybook-static/assets/columns-3-DopHHv-W.js
│  0.39 kB │ gzip:   0.29 kB
│  Vite storybook-static/assets/ellipsis-BgdfqIn-.js
│  0.40 kB │ gzip:   0.27 kB
│  Vite storybook-static/assets/actionsView-DiNVbgzf.js
│  0.41 kB │ gzip:   0.26 kB
│  Vite storybook-static/assets/arrow-up-down-DkJ7dXGi.js
│  0.41 kB │ gzip:   0.30 kB
│  Vite storybook-static/assets/external-link-CYv4od6q.js
│  0.42 kB │ gzip:   0.30 kB
│  Vite storybook-static/assets/message-square-text-C6wu7AWX.js
│  0.43 kB │ gzip:   0.30 kB
│  Vite storybook-static/assets/eye-SIVVpzgr.js
│  0.43 kB │ gzip:   0.31 kB
│  Vite storybook-static/assets/link-hs_A_bc9.js
│  0.43 kB │ gzip:   0.30 kB
│  Vite storybook-static/assets/calendar-Ccnxe50U.js
│  0.43 kB │ gzip:   0.30 kB
│  Vite storybook-static/assets/upload-C8_-L3lA.js
│  0.43 kB │ gzip:   0.32 kB
│  Vite storybook-static/assets/pencil-CRwVMi0_.js
│  0.45 kB │ gzip:   0.33 kB
│  Vite storybook-static/assets/file-question-DfvMKlMm.js
│  0.45 kB │ gzip:   0.32 kB
│  Vite storybook-static/assets/users-oEE1jLOX.js
│  0.47 kB │ gzip:   0.33 kB
│  Vite storybook-static/assets/BlockedRedirect-B1nLjPk0.js
│  0.49 kB │ gzip:   0.34 kB
│  Vite storybook-static/assets/file-search-IX2Q6s9-.js
│  0.49 kB │ gzip:   0.34 kB
│  Vite storybook-static/assets/file-text-BqvfXdzj.js
│  0.50 kB │ gzip:   0.32 kB
│  Vite storybook-static/assets/trash-2-C4bEjhC3.js
│  0.53 kB │ gzip:   0.35 kB
│  Vite storybook-static/assets/product-surfaces-CcH-nQeT.js
│  0.60 kB │ gzip:   0.32 kB
│  Vite storybook-static/assets/arrow-up-BAO5Dy0Q.js
│  0.61 kB │ gzip:   0.31 kB
│  Vite storybook-static/assets/chevrons-right-BDbaq8Hc.js
│  0.63 kB │ gzip:   0.30 kB
│  Vite storybook-static/assets/star-Gf19rtS2.js
│  0.64 kB │ gzip:   0.40 kB
│  Vite storybook-static/assets/dateRange-cJWmNIJn.js
│  0.66 kB │ gzip:   0.39 kB
│  Vite storybook-static/assets/label-BASvcLAp.js
│  0.67 kB │ gzip:   0.46 kB
│  Vite storybook-static/assets/sparkles-Di780vMN.js
│  0.68 kB │ gzip:   0.40 kB
│  Vite storybook-static/assets/AuthLoadingOverlay-qKzN3ZAm.js
│  0.76 kB │ gzip:   0.47 kB
│  Vite storybook-static/assets/usePatentEventCompletion-B1-2VXmb.js
│  0.76 kB │ gzip:   0.47 kB
│  Vite storybook-static/assets/rotate-ccw-BEve7obw.js
│  0.79 kB │ gzip:   0.36 kB
│  Vite storybook-static/assets/pen-line-CqDDI_b2.js
│  0.79 kB │ gzip:   0.41 kB
│  Vite storybook-static/assets/badge-4eA5IvlY.js
│  0.80 kB │ gzip:   0.43 kB
│  Vite storybook-static/assets/react-18-DXi-_Yhn.js
│  0.80 kB │ gzip:   0.48 kB
│  Vite storybook-static/assets/textarea-Cg8o_hU2.js
│  0.82 kB │ gzip:   0.49 kB
│  Vite storybook-static/assets/zoom-out-B60u9xHE.js
│  0.84 kB │ gzip:   0.33 kB
│  Vite storybook-static/assets/layout-list-DPjs5k-p.js
│  0.88 kB │ gzip:   0.40 kB
│  Vite storybook-static/assets/s3Upload-CZ7WoAyR.js
│  0.90 kB │ gzip:   0.47 kB
│  Vite storybook-static/assets/separator-HpPJURPo.js
│  0.95 kB │ gzip:   0.55 kB
│  Vite storybook-static/assets/badge.stories-h-cmpZYa.js
│  1.03 kB │ gzip:   0.60 kB
│  Vite storybook-static/assets/preload-helper-C1FmrZbK.js
│  1.14 kB │ gzip:   0.68 kB
│  Vite storybook-static/assets/menu-radio-item-BZOaUjbY.js
│  1.14 kB │ gzip:   0.66 kB
│  Vite storybook-static/assets/save-CeTa4JPj.js
│  1.23 kB │ gzip:   0.51 kB
│  Vite storybook-static/assets/table-G_qtJNRH.js
│  1.26 kB │ gzip:   0.46 kB
│  Vite storybook-static/assets/textarea.stories-4qDWWwkg.js
│  1.27 kB │ gzip:   0.69 kB
│  Vite storybook-static/assets/card.stories-DSwg5v74.js
│  1.33 kB │ gzip:   0.67 kB
│  Vite storybook-static/assets/commonApi.service-D2HK-hAi.js
│  1.37 kB │ gzip:   0.71 kB
│  Vite storybook-static/assets/StatusChip-SjYWeGLx.js
│  1.38 kB │ gzip:   0.74 kB
│  Vite storybook-static/assets/AuthField-BGDYegrJ.js
│  1.38 kB │ gzip:   0.74 kB
│  Vite storybook-static/assets/tooltip.stories-BItpG3wB.js
│  1.41 kB │ gzip:   0.69 kB
│  Vite storybook-static/assets/card-CrKCuI1F.js
│  1.48 kB │ gzip:   0.49 kB
│  Vite storybook-static/assets/switch.stories-rLNJ9LbL.js
│  1.48 kB │ gzip:   0.75 kB
│  Vite storybook-static/assets/LinkedIdeaBadge-CHhzh6o0.js
│  1.56 kB │ gzip:   0.82 kB
│  Vite storybook-static/assets/Loader-CNPj_ssi.js
│  1.66 kB │ gzip:   0.70 kB
│  Vite storybook-static/assets/filter-button-Cni12eG6.js
│  1.74 kB │ gzip:   0.86 kB
│  Vite storybook-static/assets/patentLegalStatus-CXs_s3vP.js
│  1.77 kB │ gzip:   0.50 kB
│  Vite storybook-static/assets/Assistant.stories-BDBxC3pv.js
│  1.79 kB │ gzip:   0.93 kB
│  Vite storybook-static/assets/GradientBlobs-C42YW_XL.js
│  1.83 kB │ gzip:   0.87 kB
│  Vite storybook-static/assets/documentText-CsmBF39N.js
│  1.85 kB │ gzip:   0.98 kB
│  Vite storybook-static/assets/ActionDropdown-Cwtcn03S.js
│  1.87 kB │ gzip:   0.93 kB
│  Vite storybook-static/assets/user-x-3qVeg4lh.js
│  1.89 kB │ gzip:   0.62 kB
│  Vite storybook-static/assets/radio-group.stories-DAc9gF88.js
│  1.93 kB │ gzip:   0.92 kB
│  Vite storybook-static/assets/NotFound.stories-CjyDnpV-.js
│  2.04 kB │ gzip:   1.05 kB
│  Vite storybook-static/assets/dialog.stories-BbIeN-kP.js
│  2.07 kB │ gzip:   0.93 kB
│  Vite storybook-static/assets/popover.stories-D_GbujNq.js
│  2.11 kB │ gzip:   1.01 kB
│  Vite storybook-static/assets/BrandIcons-ufmC2DAy.js
│  2.15 kB │ gzip:   0.93 kB
│  Vite storybook-static/assets/collapsible-CMbluS04.js
│  2.32 kB │ gzip:   1.03 kB
│  Vite storybook-static/assets/tabs.stories-BO41urgM.js
│  2.35 kB │ gzip:   1.04 kB
│  Vite storybook-static/assets/checkbox.stories-UesbNzat.js
│  2.48 kB │ gzip:   0.94 kB
│  Vite storybook-static/assets/input.stories-n648LIzG.js
│  2.50 kB │ gzip:   0.95 kB
│  Vite storybook-static/assets/tags-DoWGjMG_.js
│  2.60 kB │ gzip:   0.82 kB
│  Vite storybook-static/assets/progress-B4zJvDSO.js
│  2.62 kB │ gzip:   1.26 kB
│  Vite storybook-static/assets/input-DVX1pnOS.js
│  2.72 kB │ gzip:   1.32 kB
│  Vite storybook-static/assets/menu-radio-item.stories-CMnf9GER.js
│  2.75 kB │ gzip:   1.32 kB
│  Vite storybook-static/assets/sheet-C9mNUE2r.js
│  2.75 kB │ gzip:   1.02 kB
│  Vite storybook-static/assets/user-mxRH1nuj.js
│  2.84 kB │ gzip:   0.83 kB
│  Vite storybook-static/assets/product-chip-DQqpxYMx.js
│  2.88 kB │ gzip:   1.01 kB
│  Vite storybook-static/assets/Chips.stories-DtCMAzWc.js
│  2.89 kB │ gzip:   1.09 kB
│  Vite storybook-static/assets/product-chip.stories-DDCyLKYP.js
│  2.92 kB │ gzip:   1.27 kB
│  Vite storybook-static/assets/dateRange.stories-DVM5BbUl.js
│  3.00 kB │ gzip:   1.09 kB
│  Vite storybook-static/assets/alert-dialog.stories-_btB0OtQ.js
│  3.04 kB │ gzip:   1.17 kB
│  Vite storybook-static/assets/Button.stories-BTuwGQH1.js
│  3.20 kB │ gzip:   1.05 kB
│  Vite storybook-static/assets/useMutation-CnOVJR5u.js
│  3.22 kB │ gzip:   1.31 kB
│  Vite storybook-static/assets/misc-primitives.stories-DDU4rK7C.js
│  3.43 kB │ gzip:   1.27 kB
│  Vite storybook-static/assets/tabs-DWbvawWC.js
│  3.48 kB │ gzip:   1.48 kB
│  Vite storybook-static/assets/StatusChip.stories-BwvhBvcr.js
│  3.51 kB │ gzip:   1.39 kB
│  Vite storybook-static/assets/shield-check-J48Hjp3z.js
│  3.63 kB │ gzip:   1.11 kB
│  Vite storybook-static/assets/ReviewQueueWorkspace.stories-B32VwgsB.js
│  3.70 kB │ gzip:   1.14 kB
│  Vite storybook-static/assets/button.stories-DDrGSLwh.js
│  3.79 kB │ gzip:   1.31 kB
│  Vite storybook-static/assets/DateRangeFilter-BwOyZTm8.js
│  3.83 kB │ gzip:   1.27 kB
│  Vite storybook-static/assets/States.stories-DazHSRJK.js
│  4.14 kB │ gzip:   1.75 kB
│  Vite storybook-static/assets/Ideas.stories-Bm1xlfLV.js
│  4.16 kB │ gzip:   1.60 kB
│  Vite storybook-static/assets/Dashboard.stories-BiyV1Ney.js
│  4.17 kB │ gzip:   1.44 kB
│  Vite storybook-static/assets/alert-dialog-Cdkdqh5B.js
│  4.22 kB │ gzip:   1.39 kB
│  Vite storybook-static/assets/switch-Dl5OCjnx.js
│  4.23 kB │ gzip:   1.84 kB
│  Vite storybook-static/assets/checkbox-DJcuXGzr.js
│  4.50 kB │ gzip:   1.96 kB
│  Vite storybook-static/assets/filter-button.stories-BuGEGDS3.js
│  4.51 kB │ gzip:   1.59 kB
│  Vite storybook-static/assets/tokens.tailwind-lbOp-r2d.js
│  4.64 kB │ gzip:   1.78 kB
│  Vite storybook-static/assets/BrandIcons.stories-BSnsfm92.js
│  4.97 kB │ gzip:   1.84 kB
│  Vite storybook-static/assets/ReviewQueue.stories-DdJPcnaE.js
│  5.04 kB │ gzip:   1.84 kB
│  Vite storybook-static/assets/popover-D76UY4KC.js
│  5.13 kB │ gzip:   1.98 kB
│  Vite storybook-static/assets/GradientBlobs.stories-DYcbykQk.js
│  5.51 kB │ gzip:   1.79 kB
│  Vite storybook-static/assets/DateRangeFilter.stories-Dcl2LD6e.js
│  5.76 kB │ gzip:   1.88 kB
│  Vite storybook-static/assets/radio-group-CxYJD_EX.js
│  6.08 kB │ gzip:   2.44 kB
│  Vite storybook-static/assets/AuthLoadingOverlay.stories-C-xUc950.js
│  6.11 kB │ gzip:   2.24 kB
│  Vite storybook-static/assets/PatentFieldsForm-B0KlSJlf.js
│  6.13 kB │ gzip:   2.09 kB
│  Vite storybook-static/assets/LinkedIdeaBadge.stories-T17V50vU.js
│  6.50 kB │ gzip:   2.27 kB
│  Vite storybook-static/assets/Inputs.stories-w2thPLio.js
│  6.59 kB │ gzip:   1.98 kB
│  Vite storybook-static/assets/Surfaces.stories-D3AnZIBE.js
│  7.06 kB │ gzip:   2.24 kB
│  Vite storybook-static/assets/IdeaSubmissionModal-wIiEXG6l.js
│  7.85 kB │ gzip:   3.18 kB
│  Vite storybook-static/assets/actionsView.stories-D6FxmTYa.js
│  8.09 kB │ gzip:   2.80 kB
│  Vite storybook-static/assets/PatentFieldsForm.stories-Ufs6f8-y.js
│  8.17 kB │ gzip:   2.55 kB
│  Vite storybook-static/assets/Overlays.stories-C9LOASw8.js
│  8.55 kB │ gzip:   2.46 kB
│  Vite storybook-static/assets/StartIdea.stories-CDRJ6EeC.js
│  9.60 kB │ gzip:   2.77 kB
│  Vite storybook-static/assets/InventorHome.stories-BU_kYWqg.js
│  9.67 kB │ gzip:   2.41 kB
│  Vite storybook-static/assets/ShowScoreReport-CHqw26d_.js
│  9.77 kB │ gzip:   3.57 kB
│  Vite storybook-static/assets/Evaluation.stories-D4PA0_6A.js
│  11.36 kB │ gzip:   2.80 kB
│  Vite storybook-static/assets/scroll-area-D9vQY5eL.js
│  13.80 kB │ gzip:   4.37 kB
│  Vite storybook-static/assets/command-CSIHZ0LN.js
│  14.05 kB │ gzip:   5.26 kB
│  Vite storybook-static/assets/DisclosureWorkspace.stories-BNx1uJ5Y.js
│  14.40 kB │ gzip:   3.38 kB
│  Vite storybook-static/assets/Login.stories-HUAIbfkK.js
│  14.78 kB │ gzip:   4.85 kB
│  Vite storybook-static/assets/index-D-EgGdlY.js
│  17.00 kB │ gzip:   6.40 kB
│  Vite storybook-static/assets/Radius.stories-Cpq2yS6h.js
│  17.42 kB │ gzip:   4.82 kB
│  Vite storybook-static/assets/format-B8qhVQYN.js
│  20.23 kB │ gzip:   5.66 kB
│  Vite
│  storybook-static/assets/WorkspaceAdminDashboard.stories-D1BELiTU.js
│  21.77 kB │ gzip:   4.58 kB
│  Vite storybook-static/assets/select-Bo7zQRX_.js
│  22.34 kB │ gzip:   7.74 kB
│  Vite storybook-static/assets/Auth.stories-CH3GsTDD.js
│  23.65 kB │ gzip:   6.28 kB
│  Vite storybook-static/assets/IdeasPage-DNjW1eQy.js
│  27.72 kB │ gzip:   8.25 kB
│  Vite storybook-static/vite-inject-mocker-entry.js
│  28.53 kB │ gzip:   9.89 kB
│  Vite storybook-static/assets/matchers-JIUQ3HVY-CAdg16Fl.js
│  29.35 kB │ gzip:  10.00 kB
│  Vite storybook-static/assets/Color-6AOWCN3U-BCjY4gT1.js
│  30.40 kB │ gzip:  11.39 kB
│  Vite storybook-static/assets/ReviewQueueWorkspace-DB4xgiT2.js
│  31.50 kB │ gzip:  10.14 kB
│  Vite storybook-static/assets/WithTooltip-CDUNV5IS-B3aPwG5S.js
│  33.24 kB │ gzip:  11.66 kB
│  Vite storybook-static/assets/Actions.stories-CB4W6rRS.js
│  35.70 kB │ gzip:   9.14 kB
│  Vite storybook-static/assets/DraftWorkspace-CCZ7C1WB.js
│  39.68 kB │ gzip:  12.26 kB
│  Vite storybook-static/assets/ClientsPage-DKBqZRm-.js
│  44.30 kB │ gzip:  11.00 kB
│  Vite storybook-static/assets/Tokens.stories-CJr0VZBc.js
│  46.36 kB │ gzip:  10.68 kB
│  Vite storybook-static/assets/DueDates.stories-BGmrQzml.js
│  55.59 kB │ gzip:  13.28 kB
│  Vite storybook-static/assets/IdeaDetail.stories-4Cbir-nN.js
│  56.86 kB │ gzip:  14.14 kB
│  Vite storybook-static/assets/moment-C5S46NFB.js
│  60.81 kB │ gzip:  19.58 kB
│  Vite storybook-static/assets/index.esm-D1yBForA.js
│  70.54 kB │ gzip:  22.80 kB
│  Vite storybook-static/assets/syntaxhighlighter-4REYKNEV-CG5WIBOu.js
│  77.84 kB │ gzip:  27.01 kB
│  Vite storybook-static/assets/Patents.stories-BL79yX6K.js
│  84.77 kB │ gzip:  20.12 kB
│  Vite storybook-static/assets/proxy-D-HSglo_.js
│  124.76 kB │ gzip:  40.70 kB
│  Vite storybook-static/assets/Clients.stories-DAovywgV.js
│  136.17 kB │ gzip:  43.44 kB
│  Vite storybook-static/assets/Workspace.stories-CleBBIrb.js
│  182.59 kB │ gzip:  47.30 kB
│  Vite storybook-static/assets/pdf-BnPRJEQ6.js
│  365.12 kB │ gzip: 107.40 kB
│  Vite storybook-static/assets/mammoth.browser-nBDoS1dn.js
│  499.90 kB │ gzip: 124.75 kB
│  Vite storybook-static/assets/axe-DmK32Bo0.js
│  601.10 kB │ gzip: 165.31 kB
│  Vite storybook-static/assets/Index-BX8TVos-.js
│  621.34 kB │ gzip: 171.70 kB
│  Vite storybook-static/assets/Foundations.stories-DK590C0Z.js
│  754.04 kB │ gzip: 135.91 kB
│  Vite storybook-static/assets/DocsRenderer-JROSPFPF-R3v7lfys.js
│  850.69 kB │ gzip: 270.39 kB
│  Vite storybook-static/assets/iframe-BIZA8Iqe.js
│  2,425.60 kB │ gzip: 725.59 kB
│
▲  Vite
│  (!) Some chunks are larger than 500 kB after minification. Consider:
│  - Using dynamic import() to code-split the application
│  - Use build.rollupOptions.output.manualChunks to improve chunking:
│  ]8;;https://rollupjs.org/configuration-options/#output-manualchunkshttps://rollupjs.org/configuration-options/#output-manualchunks]8;;
│  - Adjust chunk size limit for this warning via
│  build.chunkSizeWarningLimit.
│  Vite ✓ built in 12.08s
│
◇  Output directory: /Users/saurabh/PL/exp2/storybook-static
│
└  Storybook build completed successfully

