surfaces-actions--workspace-admin-action-required 1440 {"violations":[],"overflow":false}
surfaces-actions--workspace-admin-action-required 640 {"violations":[],"overflow":false}
surfaces-actions--workspace-admin-saved-draft 1440 {"violations":[],"overflow":false}
surfaces-actions--workspace-admin-saved-draft 640 {"violations":[],"overflow":false}
surfaces-actions--workspace-admin-submitted 1440 {"violations":[],"overflow":false}
surfaces-actions--workspace-admin-submitted 640 {"violations":[],"overflow":false}
surfaces-actions--workspace-admin-updated 1440 {"violations":[],"overflow":false}
surfaces-actions--workspace-admin-updated 640 {"violations":[],"overflow":false}
surfaces-actions--workspace-admin-no-action 1440 {"violations":[],"overflow":false}
surfaces-actions--workspace-admin-no-action 640 {"violations":[],"overflow":false}
surfaces-actions--photon-acknowledged 1440 {"violations":[],"overflow":false}
surfaces-actions--photon-acknowledged 640 {"violations":[],"overflow":false}
surfaces-actions--photon-in-progress 1440 {"violations":[],"overflow":false}
surfaces-actions--photon-in-progress 640 {"violations":[],"overflow":false}
surfaces-actions--photon-completed 1440 {"violations":[],"overflow":false}
surfaces-actions--photon-completed 640 {"violations":[],"overflow":false}
surfaces-actions--photon-declined 1440 {"violations":[],"overflow":false}
surfaces-actions--photon-declined 640 {"violations":[],"overflow":false}
surfaces-actions--photon-overdue 1440 {"violations":[],"overflow":false}
surfaces-actions--photon-overdue 640 {"violations":[],"overflow":false}
surfaces-actions--missing-template 1440 {"violations":[],"overflow":false}
surfaces-actions--missing-template 640 {"violations":[],"overflow":false}
surfaces-actions--submission-error 1440 {"violations":[],"overflow":false}
surfaces-actions--submission-error 640 {"violations":[],"overflow":false}
surfaces-actions--loading 1440 {"violations":[],"overflow":false}
surfaces-actions--loading 640 {"violations":[],"overflow":false}
surfaces-actions--inventor-refused 1440 {"violations":[],"overflow":false}
surfaces-actions--inventor-refused 640 {"violations":[],"overflow":false}
surfaces-actions--case-owner-incoming 1440 {"violations":[],"overflow":false}
surfaces-actions--case-owner-incoming 640 {"violations":[],"overflow":false}
surfaces-actions--photon-empty 1440 {"violations":[],"overflow":false}
surfaces-actions--photon-empty 640 {"violations":[],"overflow":false}
surfaces-actions--many-requests 1440 {"violations":[],"overflow":false}
surfaces-actions--many-requests 640 {"violations":[],"overflow":false}
surfaces-actions--countries 1440 {"violations":[],"overflow":false}
surfaces-actions--countries 640 {"violations":[],"overflow":false}
surfaces-actions--long-title 1440 {"violations":[],"overflow":false}
surfaces-actions--long-title 640 {"violations":[],"overflow":false}
surfaces-actions--confirmation 1440 {"violations":[],"overflow":false}
surfaces-actions--confirmation 640 {"violations":[],"overflow":false}
surfaces-actions--decline-response 1440 {"violations":[],"overflow":false}
surfaces-actions--decline-response 640 {"violations":[],"overflow":false}
surfaces-actions--load-error 1440 {"violations":[],"overflow":false}
surfaces-actions--load-error 640 {"violations":[],"overflow":false}
failures 0
