
> design@0.0.0 build:design
> vite build --config vite.design.config.ts

vite v5.4.21 building for production...
transforming...

A PostCSS plugin did not pass the `from` option to `postcss.parse`. This may cause imported assets to be incorrectly transformed. If you've recently added a PostCSS plugin that raised this warning, please contact the package author to fix the issue.
✓ 4172 modules transformed.
rendering chunks...
computing gzip size...
dist/index.html                                       1.33 kB │ gzip:   0.52 kB
dist/assets/pdf.worker.min-yatZIOMy.mjs           1,375.84 kB
dist/assets/style-DTLpdRlW.css                        0.37 kB │ gzip:   0.21 kB
dist/assets/main-DBv7dhod.css                       131.21 kB │ gzip:  21.94 kB
dist/assets/constants-CBpXd0Y3.js                     0.04 kB │ gzip:   0.06 kB
dist/assets/pdf-vendor-DTJ-la-c.js                    0.04 kB │ gzip:   0.06 kB
dist/assets/pdf.worker.min-ocdtAcA3.js                0.07 kB │ gzip:   0.09 kB
dist/assets/roleAccess-Ovt14rZi.js                    0.14 kB │ gzip:   0.13 kB
dist/assets/chevron-down-txyJpOk0.js                  0.30 kB │ gzip:   0.24 kB
dist/assets/BlockedRedirect-DXjUZEpI.js               0.31 kB │ gzip:   0.24 kB
dist/assets/plus-DFsa2HC3.js                          0.32 kB │ gzip:   0.25 kB
dist/assets/search-CuvdRxMQ.js                        0.34 kB │ gzip:   0.27 kB
dist/assets/circle-check-xIxkhDC6.js                  0.34 kB │ gzip:   0.27 kB
dist/assets/ProductPage-HzLeVF4C.js                   0.38 kB │ gzip:   0.30 kB
dist/assets/ellipsis-CxEyZiC1.js                      0.39 kB │ gzip:   0.26 kB
dist/assets/upload-xyVZCUti.js                        0.43 kB │ gzip:   0.32 kB
dist/assets/download-DrnFt_Ph.js                      0.43 kB │ gzip:   0.32 kB
dist/assets/pencil-DxoyiqOA.js                        0.44 kB │ gzip:   0.32 kB
dist/assets/users-kdwWLJXD.js                         0.47 kB │ gzip:   0.32 kB
dist/assets/file-search-KoRLP06f.js                   0.49 kB │ gzip:   0.34 kB
dist/assets/file-text-BZjdJjc8.js                     0.50 kB │ gzip:   0.32 kB
dist/assets/trash-2-DqcZExp-.js                       0.53 kB │ gzip:   0.34 kB
dist/assets/AuthLoadingOverlay-DkzurXD2.js            0.54 kB │ gzip:   0.37 kB
dist/assets/textarea-CFmZAsIi.js                      0.72 kB │ gzip:   0.44 kB
dist/assets/popover-B9bcNHEF.js                       0.77 kB │ gzip:   0.42 kB
dist/assets/scroll-area-CR57N_ic.js                   0.81 kB │ gzip:   0.43 kB
dist/assets/chevrons-right-ChPqyCFX.js                1.00 kB │ gzip:   0.38 kB
dist/assets/s3Upload-vRvKfDlT.js                      1.03 kB │ gzip:   0.53 kB
dist/assets/SamlCallback-DQG7OFdK.js                  1.14 kB │ gzip:   0.69 kB
dist/assets/AuthField-DEAriTR5.js                     1.16 kB │ gzip:   0.66 kB
dist/assets/AssistantPage-BFJe5lZf.js                 1.63 kB │ gzip:   0.85 kB
dist/assets/BrandIcons-DAce8Aq6.js                    1.69 kB │ gzip:   0.78 kB
dist/assets/documentText-D6XVi-15.js                  1.75 kB │ gzip:   0.96 kB
dist/assets/usePatentEventCompletion-CvfEF3I7.js      1.88 kB │ gzip:   0.84 kB
dist/assets/product-chip-C69I9AtL.js                  1.93 kB │ gzip:   0.78 kB
dist/assets/command-DAPR-0Zw.js                       2.03 kB │ gzip:   0.77 kB
dist/assets/alert-dialog-Boyvdjz6.js                  2.12 kB │ gzip:   0.81 kB
dist/assets/input-BfyHiyeg.js                         2.28 kB │ gzip:   1.14 kB
dist/assets/Loader-H8GkTiQt.js                        2.30 kB │ gzip:   0.91 kB
dist/assets/NotFound-DDSpwIYl.js                      2.97 kB │ gzip:   1.37 kB
dist/assets/select-BVMtlOGf.js                        3.01 kB │ gzip:   1.25 kB
dist/assets/commonApi.service-nwcLa0JW.js             3.11 kB │ gzip:   1.29 kB
dist/assets/Invite-D4JaAfBZ.js                        3.49 kB │ gzip:   1.65 kB
dist/assets/patentLegalStatus-vyQWeVPI.js             3.91 kB │ gzip:   1.49 kB
dist/assets/ForgotPassword-BoX-TkEW.js                4.71 kB │ gzip:   1.97 kB
dist/assets/ActionsPage-BBZelA_a.js                   5.07 kB │ gzip:   1.97 kB
dist/assets/ResetPassword-CFzvHHbt.js                 5.23 kB │ gzip:   2.11 kB
dist/assets/PatentFieldsForm-Bh8Qv4A6.js              5.92 kB │ gzip:   1.99 kB
dist/assets/Signup-jhaNCsJc.js                        6.11 kB │ gzip:   2.43 kB
dist/assets/ClientLogo-CxOrq8p9.js                    7.34 kB │ gzip:   2.77 kB
dist/assets/IdeaSubmissionModal-DRnavMMp.js           8.32 kB │ gzip:   3.45 kB
dist/assets/ShowScoreReport-DQqrGKFo.js               8.70 kB │ gzip:   3.41 kB
dist/assets/Login-CuDOqOsY.js                         9.06 kB │ gzip:   3.23 kB
dist/assets/select-vendor-Dx-Bg0uW.js                11.86 kB │ gzip:   4.66 kB
dist/assets/index-DEnvEuX5.js                        19.38 kB │ gzip:   7.12 kB
dist/assets/ActionsWorkspace-nd2DsWV7.js             20.66 kB │ gzip:   6.45 kB
dist/assets/react-vendor-usJNBgdn.js                 21.50 kB │ gzip:   7.97 kB
dist/assets/IdeaDetailsPage-BoMQLIXd.js              36.38 kB │ gzip:  10.15 kB
dist/assets/ClientsPage-BQWTJjMI.js                  37.16 kB │ gzip:   9.18 kB
dist/assets/ProfilePage-Cb1qj-KB.js                  37.92 kB │ gzip:   9.98 kB
dist/assets/IdeaDraftPage-DBpRU7vG.js                38.93 kB │ gzip:  12.00 kB
dist/assets/IdeasPage-VIrp_hI1.js                    51.56 kB │ gzip:  15.96 kB
dist/assets/DueDatesPage-z6Ne5XbR.js                 51.90 kB │ gzip:  12.67 kB
dist/assets/WorkspacePage-BqYJTpo7.js                52.74 kB │ gzip:  12.63 kB
dist/assets/PatentsPage-eNB44tAh.js                  55.41 kB │ gzip:  15.81 kB
dist/assets/ClientDetailPage-BbADzyN-.js             57.94 kB │ gzip:  15.47 kB
dist/assets/utils-vendor-BqlmzBMP.js                 72.09 kB │ gzip:  26.56 kB
dist/assets/date-vendor-D8eLmKx0.js                  82.18 kB │ gzip:  25.37 kB
dist/assets/Index-IZve0X4t.js                        92.11 kB │ gzip:  25.68 kB
dist/assets/query-vendor-B3X6w60k.js                 92.41 kB │ gzip:  31.29 kB
dist/assets/motion-vendor-CntVzp4n.js               124.76 kB │ gzip:  40.71 kB
dist/assets/form-vendor-DIFAkFyP.js                 159.98 kB │ gzip:  47.41 kB
dist/assets/radix-vendor-BqFfYUzU.js                306.35 kB │ gzip:  95.20 kB
dist/assets/pdf-BnPRJEQ6.js                         365.12 kB │ gzip: 107.40 kB
dist/assets/main-BmbugzcC.js                        432.85 kB │ gzip: 136.04 kB
dist/assets/index-Bm3FG1LQ.js                       480.66 kB │ gzip: 144.10 kB
dist/assets/mammoth.browser-6tzy_dbI.js             499.90 kB │ gzip: 124.76 kB
dist/assets/charts-vendor-DYHGSoaD.js               504.11 kB │ gzip: 141.90 kB

(!) Some chunks are larger than 500 kB after minification. Consider:
- Using dynamic import() to code-split the application
- Use build.rollupOptions.output.manualChunks to improve chunking: https://rollupjs.org/configuration-options/#output-manualchunks
- Adjust chunk size limit for this warning via build.chunkSizeWarningLimit.
✓ built in 5.65s
