wrote  surfaces-actions--workspace-admin-action-required--at-1280x720
wrote  surfaces-actions--workspace-admin-action-required--at-1440x900
wrote  surfaces-actions--workspace-admin-action-required--at-1366x768
wrote  surfaces-actions--workspace-admin-action-required--at-1920x1080
wrote  surfaces-actions--workspace-admin-action-required--at-640x360@2
wrote  surfaces-actions--workspace-admin-saved-draft--at-1280x720
wrote  surfaces-actions--workspace-admin-saved-draft--at-1440x900
wrote  surfaces-actions--workspace-admin-submitted--at-1280x720
wrote  surfaces-actions--workspace-admin-submitted--at-1440x900
wrote  surfaces-actions--workspace-admin-updated--at-1280x720
wrote  surfaces-actions--workspace-admin-updated--at-1440x900
   note surfaces-actions--workspace-admin-no-action--at-1280x720: 1 anti-aliasing pixel(s) between renders, within tolerance
wrote  surfaces-actions--workspace-admin-no-action--at-1280x720
wrote  surfaces-actions--workspace-admin-no-action--at-1440x900
wrote  surfaces-actions--photon-acknowledged--at-1280x720
wrote  surfaces-actions--photon-acknowledged--at-1440x900
wrote  surfaces-actions--photon-acknowledged--at-1366x768
wrote  surfaces-actions--photon-acknowledged--at-1920x1080
wrote  surfaces-actions--photon-acknowledged--at-640x360@2
wrote  surfaces-actions--photon-in-progress--at-1280x720
wrote  surfaces-actions--photon-in-progress--at-1440x900
wrote  surfaces-actions--photon-completed--at-1280x720
wrote  surfaces-actions--photon-completed--at-1440x900
wrote  surfaces-actions--photon-declined--at-1280x720
wrote  surfaces-actions--photon-declined--at-1440x900
wrote  surfaces-actions--photon-overdue--at-1280x720
wrote  surfaces-actions--photon-overdue--at-1440x900
wrote  surfaces-actions--missing-template--at-1280x720
wrote  surfaces-actions--missing-template--at-1440x900
wrote  surfaces-actions--submission-error--at-1280x720
wrote  surfaces-actions--submission-error--at-1440x900
wrote  surfaces-actions--submission-error--at-640x360@2
wrote  surfaces-actions--loading--at-1280x720
wrote  surfaces-actions--loading--at-1440x900
wrote  surfaces-actions--inventor-refused--at-1280x720
wrote  surfaces-actions--inventor-refused--at-1440x900
wrote  surfaces-actions--case-owner-incoming--at-1280x720
wrote  surfaces-actions--case-owner-incoming--at-1440x900
wrote  surfaces-actions--case-owner-incoming--at-1366x768
wrote  surfaces-actions--case-owner-incoming--at-1920x1080
wrote  surfaces-actions--case-owner-incoming--at-640x360@2
wrote  surfaces-actions--photon-empty--at-1280x720
wrote  surfaces-actions--photon-empty--at-1440x900
wrote  surfaces-actions--many-requests--at-1280x720
wrote  surfaces-actions--many-requests--at-1440x900
wrote  surfaces-actions--countries--at-1280x720
wrote  surfaces-actions--countries--at-1440x900
wrote  surfaces-actions--countries--at-640x360@2
wrote  surfaces-actions--long-title--at-1280x720
wrote  surfaces-actions--long-title--at-1440x900
wrote  surfaces-actions--long-title--at-640x360@2
wrote  surfaces-actions--confirmation--at-1280x720
wrote  surfaces-actions--confirmation--at-1440x900
wrote  surfaces-actions--confirmation--at-640x360@2
   note surfaces-actions--decline-response--at-1280x720: 15 anti-aliasing pixel(s) between renders, within tolerance
wrote  surfaces-actions--decline-response--at-1280x720
wrote  surfaces-actions--decline-response--at-1440x900
wrote  surfaces-actions--decline-response--at-640x360@2
wrote  surfaces-actions--load-error--at-1280x720
wrote  surfaces-actions--load-error--at-1440x900
shots: all stories rendered, stable within 40 pixels, no egress
